[2026-09-21T00:03:14.195+0000] {taskinstance.py:1125} INFO - Dependencies all met for dep_context=non-requeueable deps ti=<TaskInstance: penguins_pipeline.preprocesar_datos manual__2026-09-21T00:02:54.004397+00:00 [queued]>
[2026-09-21T00:03:14.215+0000] {taskinstance.py:1125} INFO - Dependencies all met for dep_context=requeueable deps ti=<TaskInstance: penguins_pipeline.preprocesar_datos manual__2026-09-21T00:02:54.004397+00:00 [queued]>
[2026-09-21T00:03:14.216+0000] {taskinstance.py:1331} INFO - Starting attempt 1 of 1
[2026-09-21T00:03:14.245+0000] {taskinstance.py:1350} INFO - Executing <Task(PythonOperator): preprocesar_datos> on 2026-09-21 00:02:54.004397+00:00
[2026-09-21T00:03:14.261+0000] {standard_task_runner.py:57} INFO - Started process 121 to run task
[2026-09-21T00:03:14.273+0000] {standard_task_runner.py:84} INFO - Running: ['***', 'tasks', 'run', 'penguins_pipeline', 'preprocesar_datos', 'manual__2026-09-21T00:02:54.004397+00:00', '--job-id', '14', '--raw', '--subdir', 'DAGS_FOLDER/1_dag_flujo.py', '--cfg-path', '/tmp/tmpfep7jxnb']
[2026-09-21T00:03:14.281+0000] {standard_task_runner.py:85} INFO - Job 14: Subtask preprocesar_datos
[2026-09-21T00:03:14.451+0000] {task_command.py:410} INFO - Running <TaskInstance: penguins_pipeline.preprocesar_datos manual__2026-09-21T00:02:54.004397+00:00 [running]> on host 18c52e6a1e47
[2026-09-21T00:03:14.633+0000] {taskinstance.py:1570} INFO - Exporting env vars: AIRFLOW_CTX_DAG_OWNER='***' AIRFLOW_CTX_DAG_ID='penguins_pipeline' AIRFLOW_CTX_TASK_ID='preprocesar_datos' AIRFLOW_CTX_EXECUTION_DATE='2026-09-21T00:02:54.004397+00:00' AIRFLOW_CTX_TRY_NUMBER='1' AIRFLOW_CTX_DAG_RUN_ID='manual__2026-09-21T00:02:54.004397+00:00'
[2026-09-21T00:03:24.647+0000] {crypto.py:83} WARNING - empty cryptography key - values will not be stored encrypted.
[2026-09-21T00:03:24.651+0000] {base.py:73} INFO - Using connection ID 'mysql_penguins' for task execution.
[2026-09-21T00:03:24.681+0000] {sql.py:375} INFO - Running statement: 
        SELECT
            rowid,
            species,
            bill_length_mm,
            bill_depth_mm,
            flipper_length_mm,
            body_mass_g
        FROM penguins_raw
        ORDER BY CAST(rowid AS UNSIGNED)
    , parameters: None
[2026-09-21T00:03:24.685+0000] {sql.py:384} INFO - Rows affected: 344
[2026-09-21T00:03:25.113+0000] {base.py:73} INFO - Using connection ID 'mysql_penguins' for task execution.
[2026-09-21T00:03:25.130+0000] {sql.py:375} INFO - Running statement: 
        CREATE TABLE IF NOT EXISTS penguins_processed (
            rowid INT PRIMARY KEY,
            species VARCHAR(50) NOT NULL,
            bill_length_mm DOUBLE NOT NULL,
            bill_depth_mm DOUBLE NOT NULL,
            flipper_length_mm DOUBLE NOT NULL,
            body_mass_g DOUBLE NOT NULL,
            conjunto VARCHAR(10) NOT NULL
        )
    , parameters: None
[2026-09-21T00:03:25.176+0000] {sql.py:384} INFO - Rows affected: 0
[2026-09-21T00:03:25.178+0000] {base.py:73} INFO - Using connection ID 'mysql_penguins' for task execution.
[2026-09-21T00:03:25.191+0000] {sql.py:375} INFO - Running statement: 
        SHOW COLUMNS FROM penguins_processed LIKE 'conjunto'
    , parameters: None
[2026-09-21T00:03:25.200+0000] {sql.py:384} INFO - Rows affected: 1
[2026-09-21T00:03:25.202+0000] {base.py:73} INFO - Using connection ID 'mysql_penguins' for task execution.
[2026-09-21T00:03:25.210+0000] {sql.py:375} INFO - Running statement: 
        CREATE TABLE IF NOT EXISTS penguins_scaler (
            nombre VARCHAR(50) PRIMARY KEY,
            parametros JSON NOT NULL
        )
    , parameters: None
[2026-09-21T00:03:25.240+0000] {sql.py:384} INFO - Rows affected: 0
[2026-09-21T00:03:25.247+0000] {base.py:73} INFO - Using connection ID 'mysql_penguins' for task execution.
[2026-09-21T00:03:25.302+0000] {logging_mixin.py:149} INFO - Filas originales: 344
[2026-09-21T00:03:25.303+0000] {logging_mixin.py:149} INFO - Filas válidas: 342
[2026-09-21T00:03:25.311+0000] {logging_mixin.py:149} INFO - Entrenamiento: 273
[2026-09-21T00:03:25.312+0000] {logging_mixin.py:149} INFO - Prueba: 69
[2026-09-21T00:03:25.312+0000] {logging_mixin.py:149} INFO - Datos normalizados y parámetros guardados en MySQL.
[2026-09-21T00:03:25.313+0000] {python.py:183} INFO - Done. Returned value was: None
[2026-09-21T00:03:25.334+0000] {taskinstance.py:1373} INFO - Marking task as SUCCESS. dag_id=penguins_pipeline, task_id=preprocesar_datos, execution_date=20260921T000254, start_date=20260921T000314, end_date=20260921T000325
[2026-09-21T00:03:25.395+0000] {local_task_job_runner.py:232} INFO - Task exited with return code 0
[2026-09-21T00:03:25.443+0000] {taskinstance.py:2674} INFO - 1 downstream tasks scheduled from follow-on schedule check
