[2026-09-21T00:00:34.712+0000] {processor.py:156} INFO - Started process (PID=45) to work on /opt/airflow/dags/1_dag_flujo.py
[2026-09-21T00:00:34.714+0000] {processor.py:799} INFO - Processing file /opt/airflow/dags/1_dag_flujo.py for tasks to queue
[2026-09-21T00:00:34.715+0000] {logging_mixin.py:149} INFO - [2026-09-21T00:00:34.714+0000] {dagbag.py:541} INFO - Filling up the DagBag from /opt/airflow/dags/1_dag_flujo.py
[2026-09-21T00:00:37.363+0000] {processor.py:809} INFO - DAG(s) dict_keys(['penguins_pipeline']) retrieved from /opt/airflow/dags/1_dag_flujo.py
[2026-09-21T00:00:37.489+0000] {logging_mixin.py:149} INFO - [2026-09-21T00:00:37.488+0000] {dag.py:2726} INFO - Sync 1 DAGs
[2026-09-21T00:00:37.530+0000] {logging_mixin.py:149} INFO - [2026-09-21T00:00:37.530+0000] {dag.py:3490} INFO - Setting next_dagrun for penguins_pipeline to None, run_after=None
[2026-09-21T00:00:37.568+0000] {processor.py:178} INFO - Processing /opt/airflow/dags/1_dag_flujo.py took 2.861 seconds
[2026-09-21T00:01:07.865+0000] {processor.py:156} INFO - Started process (PID=64) to work on /opt/airflow/dags/1_dag_flujo.py
[2026-09-21T00:01:07.867+0000] {processor.py:799} INFO - Processing file /opt/airflow/dags/1_dag_flujo.py for tasks to queue
[2026-09-21T00:01:07.868+0000] {logging_mixin.py:149} INFO - [2026-09-21T00:01:07.868+0000] {dagbag.py:541} INFO - Filling up the DagBag from /opt/airflow/dags/1_dag_flujo.py
[2026-09-21T00:01:09.008+0000] {processor.py:809} INFO - DAG(s) dict_keys(['penguins_pipeline']) retrieved from /opt/airflow/dags/1_dag_flujo.py
[2026-09-21T00:01:09.054+0000] {logging_mixin.py:149} INFO - [2026-09-21T00:01:09.054+0000] {dag.py:2726} INFO - Sync 1 DAGs
[2026-09-21T00:01:09.098+0000] {logging_mixin.py:149} INFO - [2026-09-21T00:01:09.098+0000] {dag.py:3490} INFO - Setting next_dagrun for penguins_pipeline to None, run_after=None
[2026-09-21T00:01:09.126+0000] {processor.py:178} INFO - Processing /opt/airflow/dags/1_dag_flujo.py took 1.267 seconds
[2026-09-21T00:01:39.349+0000] {processor.py:156} INFO - Started process (PID=76) to work on /opt/airflow/dags/1_dag_flujo.py
[2026-09-21T00:01:39.351+0000] {processor.py:799} INFO - Processing file /opt/airflow/dags/1_dag_flujo.py for tasks to queue
[2026-09-21T00:01:39.352+0000] {logging_mixin.py:149} INFO - [2026-09-21T00:01:39.352+0000] {dagbag.py:541} INFO - Filling up the DagBag from /opt/airflow/dags/1_dag_flujo.py
[2026-09-21T00:01:40.589+0000] {processor.py:809} INFO - DAG(s) dict_keys(['penguins_pipeline']) retrieved from /opt/airflow/dags/1_dag_flujo.py
[2026-09-21T00:01:40.639+0000] {logging_mixin.py:149} INFO - [2026-09-21T00:01:40.638+0000] {dag.py:2726} INFO - Sync 1 DAGs
[2026-09-21T00:01:40.681+0000] {logging_mixin.py:149} INFO - [2026-09-21T00:01:40.681+0000] {dag.py:3490} INFO - Setting next_dagrun for penguins_pipeline to None, run_after=None
[2026-09-21T00:01:40.715+0000] {processor.py:178} INFO - Processing /opt/airflow/dags/1_dag_flujo.py took 1.373 seconds
[2026-09-21T00:02:11.037+0000] {processor.py:156} INFO - Started process (PID=88) to work on /opt/airflow/dags/1_dag_flujo.py
[2026-09-21T00:02:11.040+0000] {processor.py:799} INFO - Processing file /opt/airflow/dags/1_dag_flujo.py for tasks to queue
[2026-09-21T00:02:11.043+0000] {logging_mixin.py:149} INFO - [2026-09-21T00:02:11.041+0000] {dagbag.py:541} INFO - Filling up the DagBag from /opt/airflow/dags/1_dag_flujo.py
[2026-09-21T00:02:12.110+0000] {processor.py:809} INFO - DAG(s) dict_keys(['penguins_pipeline']) retrieved from /opt/airflow/dags/1_dag_flujo.py
[2026-09-21T00:02:12.162+0000] {logging_mixin.py:149} INFO - [2026-09-21T00:02:12.162+0000] {dag.py:2726} INFO - Sync 1 DAGs
[2026-09-21T00:02:12.208+0000] {logging_mixin.py:149} INFO - [2026-09-21T00:02:12.207+0000] {dag.py:3490} INFO - Setting next_dagrun for penguins_pipeline to None, run_after=None
[2026-09-21T00:02:12.236+0000] {processor.py:178} INFO - Processing /opt/airflow/dags/1_dag_flujo.py took 1.205 seconds
[2026-09-21T00:02:42.339+0000] {processor.py:156} INFO - Started process (PID=101) to work on /opt/airflow/dags/1_dag_flujo.py
[2026-09-21T00:02:42.341+0000] {processor.py:799} INFO - Processing file /opt/airflow/dags/1_dag_flujo.py for tasks to queue
[2026-09-21T00:02:42.342+0000] {logging_mixin.py:149} INFO - [2026-09-21T00:02:42.342+0000] {dagbag.py:541} INFO - Filling up the DagBag from /opt/airflow/dags/1_dag_flujo.py
[2026-09-21T00:02:43.286+0000] {processor.py:809} INFO - DAG(s) dict_keys(['penguins_pipeline']) retrieved from /opt/airflow/dags/1_dag_flujo.py
[2026-09-21T00:02:43.330+0000] {logging_mixin.py:149} INFO - [2026-09-21T00:02:43.329+0000] {dag.py:2726} INFO - Sync 1 DAGs
[2026-09-21T00:02:43.364+0000] {logging_mixin.py:149} INFO - [2026-09-21T00:02:43.363+0000] {dag.py:3490} INFO - Setting next_dagrun for penguins_pipeline to None, run_after=None
[2026-09-21T00:02:43.385+0000] {processor.py:178} INFO - Processing /opt/airflow/dags/1_dag_flujo.py took 1.052 seconds
[2026-09-21T00:03:13.627+0000] {processor.py:156} INFO - Started process (PID=112) to work on /opt/airflow/dags/1_dag_flujo.py
[2026-09-21T00:03:13.629+0000] {processor.py:799} INFO - Processing file /opt/airflow/dags/1_dag_flujo.py for tasks to queue
[2026-09-21T00:03:13.631+0000] {logging_mixin.py:149} INFO - [2026-09-21T00:03:13.630+0000] {dagbag.py:541} INFO - Filling up the DagBag from /opt/airflow/dags/1_dag_flujo.py
[2026-09-21T00:03:15.031+0000] {processor.py:809} INFO - DAG(s) dict_keys(['penguins_pipeline']) retrieved from /opt/airflow/dags/1_dag_flujo.py
[2026-09-21T00:03:15.092+0000] {logging_mixin.py:149} INFO - [2026-09-21T00:03:15.090+0000] {dag.py:2726} INFO - Sync 1 DAGs
[2026-09-21T00:03:15.192+0000] {processor.py:178} INFO - Processing /opt/airflow/dags/1_dag_flujo.py took 1.573 seconds
[2026-09-21T00:03:45.497+0000] {processor.py:156} INFO - Started process (PID=124) to work on /opt/airflow/dags/1_dag_flujo.py
[2026-09-21T00:03:45.500+0000] {processor.py:799} INFO - Processing file /opt/airflow/dags/1_dag_flujo.py for tasks to queue
[2026-09-21T00:03:45.501+0000] {logging_mixin.py:149} INFO - [2026-09-21T00:03:45.501+0000] {dagbag.py:541} INFO - Filling up the DagBag from /opt/airflow/dags/1_dag_flujo.py
[2026-09-21T00:03:46.869+0000] {processor.py:809} INFO - DAG(s) dict_keys(['penguins_pipeline']) retrieved from /opt/airflow/dags/1_dag_flujo.py
[2026-09-21T00:03:46.928+0000] {logging_mixin.py:149} INFO - [2026-09-21T00:03:46.927+0000] {dag.py:2726} INFO - Sync 1 DAGs
[2026-09-21T00:03:46.977+0000] {logging_mixin.py:149} INFO - [2026-09-21T00:03:46.976+0000] {dag.py:3490} INFO - Setting next_dagrun for penguins_pipeline to None, run_after=None
[2026-09-21T00:03:47.011+0000] {processor.py:178} INFO - Processing /opt/airflow/dags/1_dag_flujo.py took 1.523 seconds
[2026-09-21T00:04:17.162+0000] {processor.py:156} INFO - Started process (PID=135) to work on /opt/airflow/dags/1_dag_flujo.py
[2026-09-21T00:04:17.166+0000] {processor.py:799} INFO - Processing file /opt/airflow/dags/1_dag_flujo.py for tasks to queue
[2026-09-21T00:04:17.168+0000] {logging_mixin.py:149} INFO - [2026-09-21T00:04:17.168+0000] {dagbag.py:541} INFO - Filling up the DagBag from /opt/airflow/dags/1_dag_flujo.py
[2026-09-21T00:04:18.188+0000] {processor.py:809} INFO - DAG(s) dict_keys(['penguins_pipeline']) retrieved from /opt/airflow/dags/1_dag_flujo.py
[2026-09-21T00:04:18.237+0000] {logging_mixin.py:149} INFO - [2026-09-21T00:04:18.237+0000] {dag.py:2726} INFO - Sync 1 DAGs
[2026-09-21T00:04:18.290+0000] {logging_mixin.py:149} INFO - [2026-09-21T00:04:18.290+0000] {dag.py:3490} INFO - Setting next_dagrun for penguins_pipeline to None, run_after=None
[2026-09-21T00:04:18.317+0000] {processor.py:178} INFO - Processing /opt/airflow/dags/1_dag_flujo.py took 1.160 seconds
[2026-09-21T00:04:48.555+0000] {processor.py:156} INFO - Started process (PID=147) to work on /opt/airflow/dags/1_dag_flujo.py
[2026-09-21T00:04:48.558+0000] {processor.py:799} INFO - Processing file /opt/airflow/dags/1_dag_flujo.py for tasks to queue
[2026-09-21T00:04:48.559+0000] {logging_mixin.py:149} INFO - [2026-09-21T00:04:48.559+0000] {dagbag.py:541} INFO - Filling up the DagBag from /opt/airflow/dags/1_dag_flujo.py
[2026-09-21T00:04:49.580+0000] {processor.py:809} INFO - DAG(s) dict_keys(['penguins_pipeline']) retrieved from /opt/airflow/dags/1_dag_flujo.py
[2026-09-21T00:04:49.628+0000] {logging_mixin.py:149} INFO - [2026-09-21T00:04:49.628+0000] {dag.py:2726} INFO - Sync 1 DAGs
[2026-09-21T00:04:49.662+0000] {logging_mixin.py:149} INFO - [2026-09-21T00:04:49.662+0000] {dag.py:3490} INFO - Setting next_dagrun for penguins_pipeline to None, run_after=None
[2026-09-21T00:04:49.687+0000] {processor.py:178} INFO - Processing /opt/airflow/dags/1_dag_flujo.py took 1.141 seconds
[2026-09-21T00:05:19.857+0000] {processor.py:156} INFO - Started process (PID=160) to work on /opt/airflow/dags/1_dag_flujo.py
[2026-09-21T00:05:19.860+0000] {processor.py:799} INFO - Processing file /opt/airflow/dags/1_dag_flujo.py for tasks to queue
[2026-09-21T00:05:19.863+0000] {logging_mixin.py:149} INFO - [2026-09-21T00:05:19.862+0000] {dagbag.py:541} INFO - Filling up the DagBag from /opt/airflow/dags/1_dag_flujo.py
[2026-09-21T00:05:20.849+0000] {processor.py:809} INFO - DAG(s) dict_keys(['penguins_pipeline']) retrieved from /opt/airflow/dags/1_dag_flujo.py
[2026-09-21T00:05:20.883+0000] {logging_mixin.py:149} INFO - [2026-09-21T00:05:20.882+0000] {dag.py:2726} INFO - Sync 1 DAGs
[2026-09-21T00:05:20.918+0000] {logging_mixin.py:149} INFO - [2026-09-21T00:05:20.918+0000] {dag.py:3490} INFO - Setting next_dagrun for penguins_pipeline to None, run_after=None
[2026-09-21T00:05:20.945+0000] {processor.py:178} INFO - Processing /opt/airflow/dags/1_dag_flujo.py took 1.099 seconds
[2026-09-21T00:05:51.228+0000] {processor.py:156} INFO - Started process (PID=172) to work on /opt/airflow/dags/1_dag_flujo.py
[2026-09-21T00:05:51.240+0000] {processor.py:799} INFO - Processing file /opt/airflow/dags/1_dag_flujo.py for tasks to queue
[2026-09-21T00:05:51.242+0000] {logging_mixin.py:149} INFO - [2026-09-21T00:05:51.241+0000] {dagbag.py:541} INFO - Filling up the DagBag from /opt/airflow/dags/1_dag_flujo.py
[2026-09-21T00:05:52.259+0000] {processor.py:809} INFO - DAG(s) dict_keys(['penguins_pipeline']) retrieved from /opt/airflow/dags/1_dag_flujo.py
[2026-09-21T00:05:52.290+0000] {logging_mixin.py:149} INFO - [2026-09-21T00:05:52.289+0000] {dag.py:2726} INFO - Sync 1 DAGs
[2026-09-21T00:05:52.326+0000] {logging_mixin.py:149} INFO - [2026-09-21T00:05:52.325+0000] {dag.py:3490} INFO - Setting next_dagrun for penguins_pipeline to None, run_after=None
[2026-09-21T00:05:52.363+0000] {processor.py:178} INFO - Processing /opt/airflow/dags/1_dag_flujo.py took 1.141 seconds
[2026-09-21T00:06:22.515+0000] {processor.py:156} INFO - Started process (PID=184) to work on /opt/airflow/dags/1_dag_flujo.py
[2026-09-21T00:06:22.518+0000] {processor.py:799} INFO - Processing file /opt/airflow/dags/1_dag_flujo.py for tasks to queue
[2026-09-21T00:06:22.519+0000] {logging_mixin.py:149} INFO - [2026-09-21T00:06:22.518+0000] {dagbag.py:541} INFO - Filling up the DagBag from /opt/airflow/dags/1_dag_flujo.py
[2026-09-21T00:06:23.539+0000] {processor.py:809} INFO - DAG(s) dict_keys(['penguins_pipeline']) retrieved from /opt/airflow/dags/1_dag_flujo.py
[2026-09-21T00:06:23.578+0000] {logging_mixin.py:149} INFO - [2026-09-21T00:06:23.577+0000] {dag.py:2726} INFO - Sync 1 DAGs
[2026-09-21T00:06:23.613+0000] {logging_mixin.py:149} INFO - [2026-09-21T00:06:23.613+0000] {dag.py:3490} INFO - Setting next_dagrun for penguins_pipeline to None, run_after=None
[2026-09-21T00:06:23.640+0000] {processor.py:178} INFO - Processing /opt/airflow/dags/1_dag_flujo.py took 1.131 seconds
[2026-09-21T00:06:53.919+0000] {processor.py:156} INFO - Started process (PID=195) to work on /opt/airflow/dags/1_dag_flujo.py
[2026-09-21T00:06:53.921+0000] {processor.py:799} INFO - Processing file /opt/airflow/dags/1_dag_flujo.py for tasks to queue
[2026-09-21T00:06:53.922+0000] {logging_mixin.py:149} INFO - [2026-09-21T00:06:53.922+0000] {dagbag.py:541} INFO - Filling up the DagBag from /opt/airflow/dags/1_dag_flujo.py
[2026-09-21T00:06:54.946+0000] {processor.py:809} INFO - DAG(s) dict_keys(['penguins_pipeline']) retrieved from /opt/airflow/dags/1_dag_flujo.py
[2026-09-21T00:06:54.993+0000] {logging_mixin.py:149} INFO - [2026-09-21T00:06:54.992+0000] {dag.py:2726} INFO - Sync 1 DAGs
[2026-09-21T00:06:55.026+0000] {logging_mixin.py:149} INFO - [2026-09-21T00:06:55.026+0000] {dag.py:3490} INFO - Setting next_dagrun for penguins_pipeline to None, run_after=None
[2026-09-21T00:06:55.061+0000] {processor.py:178} INFO - Processing /opt/airflow/dags/1_dag_flujo.py took 1.147 seconds
[2026-09-21T00:07:25.202+0000] {processor.py:156} INFO - Started process (PID=207) to work on /opt/airflow/dags/1_dag_flujo.py
[2026-09-21T00:07:25.205+0000] {processor.py:799} INFO - Processing file /opt/airflow/dags/1_dag_flujo.py for tasks to queue
[2026-09-21T00:07:25.206+0000] {logging_mixin.py:149} INFO - [2026-09-21T00:07:25.206+0000] {dagbag.py:541} INFO - Filling up the DagBag from /opt/airflow/dags/1_dag_flujo.py
[2026-09-21T00:07:26.207+0000] {processor.py:809} INFO - DAG(s) dict_keys(['penguins_pipeline']) retrieved from /opt/airflow/dags/1_dag_flujo.py
[2026-09-21T00:07:26.244+0000] {logging_mixin.py:149} INFO - [2026-09-21T00:07:26.243+0000] {dag.py:2726} INFO - Sync 1 DAGs
[2026-09-21T00:07:26.283+0000] {logging_mixin.py:149} INFO - [2026-09-21T00:07:26.283+0000] {dag.py:3490} INFO - Setting next_dagrun for penguins_pipeline to None, run_after=None
[2026-09-21T00:07:26.313+0000] {processor.py:178} INFO - Processing /opt/airflow/dags/1_dag_flujo.py took 1.117 seconds
[2026-09-21T00:07:56.458+0000] {processor.py:156} INFO - Started process (PID=219) to work on /opt/airflow/dags/1_dag_flujo.py
[2026-09-21T00:07:56.460+0000] {processor.py:799} INFO - Processing file /opt/airflow/dags/1_dag_flujo.py for tasks to queue
[2026-09-21T00:07:56.461+0000] {logging_mixin.py:149} INFO - [2026-09-21T00:07:56.461+0000] {dagbag.py:541} INFO - Filling up the DagBag from /opt/airflow/dags/1_dag_flujo.py
[2026-09-21T00:07:57.399+0000] {processor.py:809} INFO - DAG(s) dict_keys(['penguins_pipeline']) retrieved from /opt/airflow/dags/1_dag_flujo.py
[2026-09-21T00:07:57.449+0000] {logging_mixin.py:149} INFO - [2026-09-21T00:07:57.448+0000] {dag.py:2726} INFO - Sync 1 DAGs
[2026-09-21T00:07:57.483+0000] {logging_mixin.py:149} INFO - [2026-09-21T00:07:57.483+0000] {dag.py:3490} INFO - Setting next_dagrun for penguins_pipeline to None, run_after=None
[2026-09-21T00:07:57.513+0000] {processor.py:178} INFO - Processing /opt/airflow/dags/1_dag_flujo.py took 1.061 seconds
[2026-09-21T00:08:27.736+0000] {processor.py:156} INFO - Started process (PID=231) to work on /opt/airflow/dags/1_dag_flujo.py
[2026-09-21T00:08:27.740+0000] {processor.py:799} INFO - Processing file /opt/airflow/dags/1_dag_flujo.py for tasks to queue
[2026-09-21T00:08:27.742+0000] {logging_mixin.py:149} INFO - [2026-09-21T00:08:27.741+0000] {dagbag.py:541} INFO - Filling up the DagBag from /opt/airflow/dags/1_dag_flujo.py
[2026-09-21T00:08:29.081+0000] {processor.py:809} INFO - DAG(s) dict_keys(['penguins_pipeline']) retrieved from /opt/airflow/dags/1_dag_flujo.py
[2026-09-21T00:08:29.122+0000] {logging_mixin.py:149} INFO - [2026-09-21T00:08:29.121+0000] {dag.py:2726} INFO - Sync 1 DAGs
[2026-09-21T00:08:29.161+0000] {logging_mixin.py:149} INFO - [2026-09-21T00:08:29.161+0000] {dag.py:3490} INFO - Setting next_dagrun for penguins_pipeline to None, run_after=None
[2026-09-21T00:08:29.208+0000] {processor.py:178} INFO - Processing /opt/airflow/dags/1_dag_flujo.py took 1.480 seconds
[2026-09-21T00:08:59.537+0000] {processor.py:156} INFO - Started process (PID=243) to work on /opt/airflow/dags/1_dag_flujo.py
[2026-09-21T00:08:59.542+0000] {processor.py:799} INFO - Processing file /opt/airflow/dags/1_dag_flujo.py for tasks to queue
[2026-09-21T00:08:59.543+0000] {logging_mixin.py:149} INFO - [2026-09-21T00:08:59.543+0000] {dagbag.py:541} INFO - Filling up the DagBag from /opt/airflow/dags/1_dag_flujo.py
[2026-09-21T00:09:00.550+0000] {processor.py:809} INFO - DAG(s) dict_keys(['penguins_pipeline']) retrieved from /opt/airflow/dags/1_dag_flujo.py
[2026-09-21T00:09:00.587+0000] {logging_mixin.py:149} INFO - [2026-09-21T00:09:00.586+0000] {dag.py:2726} INFO - Sync 1 DAGs
[2026-09-21T00:09:00.623+0000] {logging_mixin.py:149} INFO - [2026-09-21T00:09:00.623+0000] {dag.py:3490} INFO - Setting next_dagrun for penguins_pipeline to None, run_after=None
[2026-09-21T00:09:00.652+0000] {processor.py:178} INFO - Processing /opt/airflow/dags/1_dag_flujo.py took 1.121 seconds
[2026-09-21T00:09:30.806+0000] {processor.py:156} INFO - Started process (PID=255) to work on /opt/airflow/dags/1_dag_flujo.py
[2026-09-21T00:09:30.809+0000] {processor.py:799} INFO - Processing file /opt/airflow/dags/1_dag_flujo.py for tasks to queue
[2026-09-21T00:09:30.810+0000] {logging_mixin.py:149} INFO - [2026-09-21T00:09:30.810+0000] {dagbag.py:541} INFO - Filling up the DagBag from /opt/airflow/dags/1_dag_flujo.py
[2026-09-21T00:09:32.122+0000] {processor.py:809} INFO - DAG(s) dict_keys(['penguins_pipeline']) retrieved from /opt/airflow/dags/1_dag_flujo.py
[2026-09-21T00:09:32.168+0000] {logging_mixin.py:149} INFO - [2026-09-21T00:09:32.167+0000] {dag.py:2726} INFO - Sync 1 DAGs
[2026-09-21T00:09:32.220+0000] {logging_mixin.py:149} INFO - [2026-09-21T00:09:32.219+0000] {dag.py:3490} INFO - Setting next_dagrun for penguins_pipeline to None, run_after=None
[2026-09-21T00:09:32.259+0000] {processor.py:178} INFO - Processing /opt/airflow/dags/1_dag_flujo.py took 1.459 seconds
[2026-09-21T00:10:02.573+0000] {processor.py:156} INFO - Started process (PID=267) to work on /opt/airflow/dags/1_dag_flujo.py
[2026-09-21T00:10:02.577+0000] {processor.py:799} INFO - Processing file /opt/airflow/dags/1_dag_flujo.py for tasks to queue
[2026-09-21T00:10:02.578+0000] {logging_mixin.py:149} INFO - [2026-09-21T00:10:02.577+0000] {dagbag.py:541} INFO - Filling up the DagBag from /opt/airflow/dags/1_dag_flujo.py
[2026-09-21T00:10:03.560+0000] {processor.py:809} INFO - DAG(s) dict_keys(['penguins_pipeline']) retrieved from /opt/airflow/dags/1_dag_flujo.py
[2026-09-21T00:10:03.599+0000] {logging_mixin.py:149} INFO - [2026-09-21T00:10:03.598+0000] {dag.py:2726} INFO - Sync 1 DAGs
[2026-09-21T00:10:03.642+0000] {logging_mixin.py:149} INFO - [2026-09-21T00:10:03.642+0000] {dag.py:3490} INFO - Setting next_dagrun for penguins_pipeline to None, run_after=None
[2026-09-21T00:10:03.674+0000] {processor.py:178} INFO - Processing /opt/airflow/dags/1_dag_flujo.py took 1.107 seconds
[2026-09-21T00:10:33.857+0000] {processor.py:156} INFO - Started process (PID=279) to work on /opt/airflow/dags/1_dag_flujo.py
[2026-09-21T00:10:33.859+0000] {processor.py:799} INFO - Processing file /opt/airflow/dags/1_dag_flujo.py for tasks to queue
[2026-09-21T00:10:33.861+0000] {logging_mixin.py:149} INFO - [2026-09-21T00:10:33.860+0000] {dagbag.py:541} INFO - Filling up the DagBag from /opt/airflow/dags/1_dag_flujo.py
[2026-09-21T00:10:34.861+0000] {processor.py:809} INFO - DAG(s) dict_keys(['penguins_pipeline']) retrieved from /opt/airflow/dags/1_dag_flujo.py
[2026-09-21T00:10:34.903+0000] {logging_mixin.py:149} INFO - [2026-09-21T00:10:34.903+0000] {dag.py:2726} INFO - Sync 1 DAGs
[2026-09-21T00:10:34.942+0000] {logging_mixin.py:149} INFO - [2026-09-21T00:10:34.941+0000] {dag.py:3490} INFO - Setting next_dagrun for penguins_pipeline to None, run_after=None
[2026-09-21T00:10:34.973+0000] {processor.py:178} INFO - Processing /opt/airflow/dags/1_dag_flujo.py took 1.123 seconds
[2026-09-21T00:11:05.225+0000] {processor.py:156} INFO - Started process (PID=291) to work on /opt/airflow/dags/1_dag_flujo.py
[2026-09-21T00:11:05.228+0000] {processor.py:799} INFO - Processing file /opt/airflow/dags/1_dag_flujo.py for tasks to queue
[2026-09-21T00:11:05.229+0000] {logging_mixin.py:149} INFO - [2026-09-21T00:11:05.229+0000] {dagbag.py:541} INFO - Filling up the DagBag from /opt/airflow/dags/1_dag_flujo.py
[2026-09-21T00:11:06.552+0000] {processor.py:809} INFO - DAG(s) dict_keys(['penguins_pipeline']) retrieved from /opt/airflow/dags/1_dag_flujo.py
[2026-09-21T00:11:06.604+0000] {logging_mixin.py:149} INFO - [2026-09-21T00:11:06.603+0000] {dag.py:2726} INFO - Sync 1 DAGs
[2026-09-21T00:11:06.653+0000] {logging_mixin.py:149} INFO - [2026-09-21T00:11:06.652+0000] {dag.py:3490} INFO - Setting next_dagrun for penguins_pipeline to None, run_after=None
[2026-09-21T00:11:06.695+0000] {processor.py:178} INFO - Processing /opt/airflow/dags/1_dag_flujo.py took 1.476 seconds
[2026-09-21T00:12:20.095+0000] {processor.py:156} INFO - Started process (PID=45) to work on /opt/airflow/dags/1_dag_flujo.py
[2026-09-21T00:12:20.111+0000] {processor.py:799} INFO - Processing file /opt/airflow/dags/1_dag_flujo.py for tasks to queue
[2026-09-21T00:12:20.112+0000] {logging_mixin.py:149} INFO - [2026-09-21T00:12:20.112+0000] {dagbag.py:541} INFO - Filling up the DagBag from /opt/airflow/dags/1_dag_flujo.py
[2026-09-21T00:12:22.241+0000] {processor.py:809} INFO - DAG(s) dict_keys(['penguins_pipeline']) retrieved from /opt/airflow/dags/1_dag_flujo.py
[2026-09-21T00:12:22.478+0000] {logging_mixin.py:149} INFO - [2026-09-21T00:12:22.478+0000] {manager.py:504} INFO - Created Permission View: can edit on DAG:penguins_pipeline
[2026-09-21T00:12:22.488+0000] {logging_mixin.py:149} INFO - [2026-09-21T00:12:22.488+0000] {manager.py:504} INFO - Created Permission View: can read on DAG:penguins_pipeline
[2026-09-21T00:12:22.495+0000] {logging_mixin.py:149} INFO - [2026-09-21T00:12:22.495+0000] {manager.py:504} INFO - Created Permission View: can delete on DAG:penguins_pipeline
[2026-09-21T00:12:22.496+0000] {logging_mixin.py:149} INFO - [2026-09-21T00:12:22.496+0000] {dag.py:2726} INFO - Sync 1 DAGs
[2026-09-21T00:12:22.515+0000] {logging_mixin.py:149} INFO - [2026-09-21T00:12:22.514+0000] {dag.py:2747} INFO - Creating ORM DAG for penguins_pipeline
[2026-09-21T00:12:22.533+0000] {logging_mixin.py:149} INFO - [2026-09-21T00:12:22.533+0000] {dag.py:3490} INFO - Setting next_dagrun for penguins_pipeline to None, run_after=None
[2026-09-21T00:12:22.561+0000] {processor.py:178} INFO - Processing /opt/airflow/dags/1_dag_flujo.py took 2.482 seconds
[2026-09-21T00:12:52.818+0000] {processor.py:156} INFO - Started process (PID=65) to work on /opt/airflow/dags/1_dag_flujo.py
[2026-09-21T00:12:52.823+0000] {processor.py:799} INFO - Processing file /opt/airflow/dags/1_dag_flujo.py for tasks to queue
[2026-09-21T00:12:52.827+0000] {logging_mixin.py:149} INFO - [2026-09-21T00:12:52.826+0000] {dagbag.py:541} INFO - Filling up the DagBag from /opt/airflow/dags/1_dag_flujo.py
[2026-09-21T00:12:53.915+0000] {processor.py:809} INFO - DAG(s) dict_keys(['penguins_pipeline']) retrieved from /opt/airflow/dags/1_dag_flujo.py
[2026-09-21T00:12:53.980+0000] {logging_mixin.py:149} INFO - [2026-09-21T00:12:53.979+0000] {dag.py:2726} INFO - Sync 1 DAGs
[2026-09-21T00:12:54.010+0000] {logging_mixin.py:149} INFO - [2026-09-21T00:12:54.009+0000] {dag.py:3490} INFO - Setting next_dagrun for penguins_pipeline to None, run_after=None
[2026-09-21T00:12:54.030+0000] {processor.py:178} INFO - Processing /opt/airflow/dags/1_dag_flujo.py took 1.225 seconds
[2026-09-21T00:13:24.320+0000] {processor.py:156} INFO - Started process (PID=76) to work on /opt/airflow/dags/1_dag_flujo.py
[2026-09-21T00:13:24.327+0000] {processor.py:799} INFO - Processing file /opt/airflow/dags/1_dag_flujo.py for tasks to queue
[2026-09-21T00:13:24.328+0000] {logging_mixin.py:149} INFO - [2026-09-21T00:13:24.328+0000] {dagbag.py:541} INFO - Filling up the DagBag from /opt/airflow/dags/1_dag_flujo.py
[2026-09-21T00:13:25.328+0000] {processor.py:809} INFO - DAG(s) dict_keys(['penguins_pipeline']) retrieved from /opt/airflow/dags/1_dag_flujo.py
[2026-09-21T00:13:25.381+0000] {logging_mixin.py:149} INFO - [2026-09-21T00:13:25.380+0000] {dag.py:2726} INFO - Sync 1 DAGs
[2026-09-21T00:13:25.420+0000] {logging_mixin.py:149} INFO - [2026-09-21T00:13:25.420+0000] {dag.py:3490} INFO - Setting next_dagrun for penguins_pipeline to None, run_after=None
[2026-09-21T00:13:25.454+0000] {processor.py:178} INFO - Processing /opt/airflow/dags/1_dag_flujo.py took 1.142 seconds
[2026-09-21T00:14:02.476+0000] {processor.py:156} INFO - Started process (PID=44) to work on /opt/airflow/dags/1_dag_flujo.py
[2026-09-21T00:14:02.478+0000] {processor.py:799} INFO - Processing file /opt/airflow/dags/1_dag_flujo.py for tasks to queue
[2026-09-21T00:14:02.480+0000] {logging_mixin.py:149} INFO - [2026-09-21T00:14:02.479+0000] {dagbag.py:541} INFO - Filling up the DagBag from /opt/airflow/dags/1_dag_flujo.py
[2026-09-21T00:14:04.610+0000] {processor.py:809} INFO - DAG(s) dict_keys(['penguins_pipeline']) retrieved from /opt/airflow/dags/1_dag_flujo.py
[2026-09-21T00:14:04.739+0000] {logging_mixin.py:149} INFO - [2026-09-21T00:14:04.738+0000] {dag.py:2726} INFO - Sync 1 DAGs
[2026-09-21T00:14:04.803+0000] {logging_mixin.py:149} INFO - [2026-09-21T00:14:04.802+0000] {dag.py:3490} INFO - Setting next_dagrun for penguins_pipeline to None, run_after=None
[2026-09-21T00:14:04.839+0000] {processor.py:178} INFO - Processing /opt/airflow/dags/1_dag_flujo.py took 2.369 seconds
[2026-09-21T00:14:34.962+0000] {processor.py:156} INFO - Started process (PID=56) to work on /opt/airflow/dags/1_dag_flujo.py
[2026-09-21T00:14:34.965+0000] {processor.py:799} INFO - Processing file /opt/airflow/dags/1_dag_flujo.py for tasks to queue
[2026-09-21T00:14:34.967+0000] {logging_mixin.py:149} INFO - [2026-09-21T00:14:34.967+0000] {dagbag.py:541} INFO - Filling up the DagBag from /opt/airflow/dags/1_dag_flujo.py
[2026-09-21T00:14:36.277+0000] {processor.py:809} INFO - DAG(s) dict_keys(['penguins_pipeline']) retrieved from /opt/airflow/dags/1_dag_flujo.py
[2026-09-21T00:14:36.323+0000] {logging_mixin.py:149} INFO - [2026-09-21T00:14:36.322+0000] {dag.py:2726} INFO - Sync 1 DAGs
[2026-09-21T00:14:36.371+0000] {logging_mixin.py:149} INFO - [2026-09-21T00:14:36.370+0000] {dag.py:3490} INFO - Setting next_dagrun for penguins_pipeline to None, run_after=None
[2026-09-21T00:14:36.408+0000] {processor.py:178} INFO - Processing /opt/airflow/dags/1_dag_flujo.py took 1.454 seconds
[2026-09-21T00:15:06.701+0000] {processor.py:156} INFO - Started process (PID=75) to work on /opt/airflow/dags/1_dag_flujo.py
[2026-09-21T00:15:06.703+0000] {processor.py:799} INFO - Processing file /opt/airflow/dags/1_dag_flujo.py for tasks to queue
[2026-09-21T00:15:06.704+0000] {logging_mixin.py:149} INFO - [2026-09-21T00:15:06.704+0000] {dagbag.py:541} INFO - Filling up the DagBag from /opt/airflow/dags/1_dag_flujo.py
[2026-09-21T00:15:08.153+0000] {processor.py:809} INFO - DAG(s) dict_keys(['penguins_pipeline']) retrieved from /opt/airflow/dags/1_dag_flujo.py
[2026-09-21T00:15:08.201+0000] {logging_mixin.py:149} INFO - [2026-09-21T00:15:08.200+0000] {dag.py:2726} INFO - Sync 1 DAGs
[2026-09-21T00:15:08.246+0000] {logging_mixin.py:149} INFO - [2026-09-21T00:15:08.246+0000] {dag.py:3490} INFO - Setting next_dagrun for penguins_pipeline to None, run_after=None
[2026-09-21T00:15:08.276+0000] {processor.py:178} INFO - Processing /opt/airflow/dags/1_dag_flujo.py took 1.582 seconds
[2026-09-21T00:15:38.603+0000] {processor.py:156} INFO - Started process (PID=87) to work on /opt/airflow/dags/1_dag_flujo.py
[2026-09-21T00:15:38.609+0000] {processor.py:799} INFO - Processing file /opt/airflow/dags/1_dag_flujo.py for tasks to queue
[2026-09-21T00:15:38.610+0000] {logging_mixin.py:149} INFO - [2026-09-21T00:15:38.609+0000] {dagbag.py:541} INFO - Filling up the DagBag from /opt/airflow/dags/1_dag_flujo.py
[2026-09-21T00:15:39.633+0000] {processor.py:809} INFO - DAG(s) dict_keys(['penguins_pipeline']) retrieved from /opt/airflow/dags/1_dag_flujo.py
[2026-09-21T00:15:39.677+0000] {logging_mixin.py:149} INFO - [2026-09-21T00:15:39.676+0000] {dag.py:2726} INFO - Sync 1 DAGs
[2026-09-21T00:15:39.709+0000] {logging_mixin.py:149} INFO - [2026-09-21T00:15:39.709+0000] {dag.py:3490} INFO - Setting next_dagrun for penguins_pipeline to None, run_after=None
[2026-09-21T00:15:39.734+0000] {processor.py:178} INFO - Processing /opt/airflow/dags/1_dag_flujo.py took 1.140 seconds
[2026-09-21T00:16:09.891+0000] {processor.py:156} INFO - Started process (PID=99) to work on /opt/airflow/dags/1_dag_flujo.py
[2026-09-21T00:16:09.900+0000] {processor.py:799} INFO - Processing file /opt/airflow/dags/1_dag_flujo.py for tasks to queue
[2026-09-21T00:16:09.901+0000] {logging_mixin.py:149} INFO - [2026-09-21T00:16:09.901+0000] {dagbag.py:541} INFO - Filling up the DagBag from /opt/airflow/dags/1_dag_flujo.py
[2026-09-21T00:16:11.181+0000] {processor.py:809} INFO - DAG(s) dict_keys(['penguins_pipeline']) retrieved from /opt/airflow/dags/1_dag_flujo.py
[2026-09-21T00:16:11.242+0000] {logging_mixin.py:149} INFO - [2026-09-21T00:16:11.241+0000] {dag.py:2726} INFO - Sync 1 DAGs
[2026-09-21T00:16:11.293+0000] {logging_mixin.py:149} INFO - [2026-09-21T00:16:11.292+0000] {dag.py:3490} INFO - Setting next_dagrun for penguins_pipeline to None, run_after=None
[2026-09-21T00:16:11.349+0000] {processor.py:178} INFO - Processing /opt/airflow/dags/1_dag_flujo.py took 1.472 seconds
[2026-09-21T00:16:41.681+0000] {processor.py:156} INFO - Started process (PID=111) to work on /opt/airflow/dags/1_dag_flujo.py
[2026-09-21T00:16:41.685+0000] {processor.py:799} INFO - Processing file /opt/airflow/dags/1_dag_flujo.py for tasks to queue
[2026-09-21T00:16:41.686+0000] {logging_mixin.py:149} INFO - [2026-09-21T00:16:41.686+0000] {dagbag.py:541} INFO - Filling up the DagBag from /opt/airflow/dags/1_dag_flujo.py
[2026-09-21T00:16:43.029+0000] {processor.py:809} INFO - DAG(s) dict_keys(['penguins_pipeline']) retrieved from /opt/airflow/dags/1_dag_flujo.py
[2026-09-21T00:16:43.083+0000] {logging_mixin.py:149} INFO - [2026-09-21T00:16:43.082+0000] {dag.py:2726} INFO - Sync 1 DAGs
[2026-09-21T00:16:43.123+0000] {logging_mixin.py:149} INFO - [2026-09-21T00:16:43.123+0000] {dag.py:3490} INFO - Setting next_dagrun for penguins_pipeline to None, run_after=None
[2026-09-21T00:16:43.168+0000] {processor.py:178} INFO - Processing /opt/airflow/dags/1_dag_flujo.py took 1.500 seconds
[2026-09-21T00:17:13.490+0000] {processor.py:156} INFO - Started process (PID=124) to work on /opt/airflow/dags/1_dag_flujo.py
[2026-09-21T00:17:13.497+0000] {processor.py:799} INFO - Processing file /opt/airflow/dags/1_dag_flujo.py for tasks to queue
[2026-09-21T00:17:13.499+0000] {logging_mixin.py:149} INFO - [2026-09-21T00:17:13.498+0000] {dagbag.py:541} INFO - Filling up the DagBag from /opt/airflow/dags/1_dag_flujo.py
[2026-09-21T00:17:14.791+0000] {processor.py:809} INFO - DAG(s) dict_keys(['penguins_pipeline']) retrieved from /opt/airflow/dags/1_dag_flujo.py
[2026-09-21T00:17:14.832+0000] {logging_mixin.py:149} INFO - [2026-09-21T00:17:14.831+0000] {dag.py:2726} INFO - Sync 1 DAGs
[2026-09-21T00:17:14.886+0000] {logging_mixin.py:149} INFO - [2026-09-21T00:17:14.886+0000] {dag.py:3490} INFO - Setting next_dagrun for penguins_pipeline to None, run_after=None
[2026-09-21T00:17:14.918+0000] {processor.py:178} INFO - Processing /opt/airflow/dags/1_dag_flujo.py took 1.434 seconds
[2026-09-21T00:17:45.257+0000] {processor.py:156} INFO - Started process (PID=136) to work on /opt/airflow/dags/1_dag_flujo.py
[2026-09-21T00:17:45.262+0000] {processor.py:799} INFO - Processing file /opt/airflow/dags/1_dag_flujo.py for tasks to queue
[2026-09-21T00:17:45.266+0000] {logging_mixin.py:149} INFO - [2026-09-21T00:17:45.266+0000] {dagbag.py:541} INFO - Filling up the DagBag from /opt/airflow/dags/1_dag_flujo.py
[2026-09-21T00:17:46.585+0000] {processor.py:809} INFO - DAG(s) dict_keys(['penguins_pipeline']) retrieved from /opt/airflow/dags/1_dag_flujo.py
[2026-09-21T00:17:46.639+0000] {logging_mixin.py:149} INFO - [2026-09-21T00:17:46.638+0000] {dag.py:2726} INFO - Sync 1 DAGs
[2026-09-21T00:17:46.684+0000] {logging_mixin.py:149} INFO - [2026-09-21T00:17:46.684+0000] {dag.py:3490} INFO - Setting next_dagrun for penguins_pipeline to None, run_after=None
[2026-09-21T00:17:46.720+0000] {processor.py:178} INFO - Processing /opt/airflow/dags/1_dag_flujo.py took 1.471 seconds
[2026-09-21T00:18:17.026+0000] {processor.py:156} INFO - Started process (PID=148) to work on /opt/airflow/dags/1_dag_flujo.py
[2026-09-21T00:18:17.030+0000] {processor.py:799} INFO - Processing file /opt/airflow/dags/1_dag_flujo.py for tasks to queue
[2026-09-21T00:18:17.032+0000] {logging_mixin.py:149} INFO - [2026-09-21T00:18:17.031+0000] {dagbag.py:541} INFO - Filling up the DagBag from /opt/airflow/dags/1_dag_flujo.py
[2026-09-21T00:18:18.015+0000] {processor.py:809} INFO - DAG(s) dict_keys(['penguins_pipeline']) retrieved from /opt/airflow/dags/1_dag_flujo.py
[2026-09-21T00:18:18.074+0000] {logging_mixin.py:149} INFO - [2026-09-21T00:18:18.072+0000] {dag.py:2726} INFO - Sync 1 DAGs
[2026-09-21T00:18:18.104+0000] {logging_mixin.py:149} INFO - [2026-09-21T00:18:18.104+0000] {dag.py:3490} INFO - Setting next_dagrun for penguins_pipeline to None, run_after=None
[2026-09-21T00:18:18.169+0000] {processor.py:178} INFO - Processing /opt/airflow/dags/1_dag_flujo.py took 1.153 seconds
[2026-09-21T00:18:48.320+0000] {processor.py:156} INFO - Started process (PID=160) to work on /opt/airflow/dags/1_dag_flujo.py
[2026-09-21T00:18:48.324+0000] {processor.py:799} INFO - Processing file /opt/airflow/dags/1_dag_flujo.py for tasks to queue
[2026-09-21T00:18:48.326+0000] {logging_mixin.py:149} INFO - [2026-09-21T00:18:48.326+0000] {dagbag.py:541} INFO - Filling up the DagBag from /opt/airflow/dags/1_dag_flujo.py
[2026-09-21T00:18:49.617+0000] {processor.py:809} INFO - DAG(s) dict_keys(['penguins_pipeline']) retrieved from /opt/airflow/dags/1_dag_flujo.py
[2026-09-21T00:18:49.662+0000] {logging_mixin.py:149} INFO - [2026-09-21T00:18:49.661+0000] {dag.py:2726} INFO - Sync 1 DAGs
[2026-09-21T00:18:49.696+0000] {logging_mixin.py:149} INFO - [2026-09-21T00:18:49.696+0000] {dag.py:3490} INFO - Setting next_dagrun for penguins_pipeline to None, run_after=None
[2026-09-21T00:18:49.750+0000] {processor.py:178} INFO - Processing /opt/airflow/dags/1_dag_flujo.py took 1.437 seconds
[2026-09-21T00:19:19.814+0000] {processor.py:156} INFO - Started process (PID=171) to work on /opt/airflow/dags/1_dag_flujo.py
[2026-09-21T00:19:19.818+0000] {processor.py:799} INFO - Processing file /opt/airflow/dags/1_dag_flujo.py for tasks to queue
[2026-09-21T00:19:19.819+0000] {logging_mixin.py:149} INFO - [2026-09-21T00:19:19.818+0000] {dagbag.py:541} INFO - Filling up the DagBag from /opt/airflow/dags/1_dag_flujo.py
[2026-09-21T00:19:20.836+0000] {processor.py:809} INFO - DAG(s) dict_keys(['penguins_pipeline']) retrieved from /opt/airflow/dags/1_dag_flujo.py
[2026-09-21T00:19:20.874+0000] {logging_mixin.py:149} INFO - [2026-09-21T00:19:20.872+0000] {dag.py:2726} INFO - Sync 1 DAGs
[2026-09-21T00:19:20.911+0000] {logging_mixin.py:149} INFO - [2026-09-21T00:19:20.910+0000] {dag.py:3490} INFO - Setting next_dagrun for penguins_pipeline to None, run_after=None
[2026-09-21T00:19:20.943+0000] {processor.py:178} INFO - Processing /opt/airflow/dags/1_dag_flujo.py took 1.136 seconds
[2026-09-21T00:19:51.128+0000] {processor.py:156} INFO - Started process (PID=183) to work on /opt/airflow/dags/1_dag_flujo.py
[2026-09-21T00:19:51.131+0000] {processor.py:799} INFO - Processing file /opt/airflow/dags/1_dag_flujo.py for tasks to queue
[2026-09-21T00:19:51.133+0000] {logging_mixin.py:149} INFO - [2026-09-21T00:19:51.133+0000] {dagbag.py:541} INFO - Filling up the DagBag from /opt/airflow/dags/1_dag_flujo.py
[2026-09-21T00:19:52.666+0000] {processor.py:809} INFO - DAG(s) dict_keys(['penguins_pipeline']) retrieved from /opt/airflow/dags/1_dag_flujo.py
[2026-09-21T00:19:52.789+0000] {logging_mixin.py:149} INFO - [2026-09-21T00:19:52.786+0000] {dag.py:2726} INFO - Sync 1 DAGs
[2026-09-21T00:19:52.906+0000] {logging_mixin.py:149} INFO - [2026-09-21T00:19:52.906+0000] {dag.py:3490} INFO - Setting next_dagrun for penguins_pipeline to None, run_after=None
[2026-09-21T00:19:52.973+0000] {processor.py:178} INFO - Processing /opt/airflow/dags/1_dag_flujo.py took 1.852 seconds
[2026-09-21T00:20:23.352+0000] {processor.py:156} INFO - Started process (PID=196) to work on /opt/airflow/dags/1_dag_flujo.py
[2026-09-21T00:20:23.372+0000] {processor.py:799} INFO - Processing file /opt/airflow/dags/1_dag_flujo.py for tasks to queue
[2026-09-21T00:20:23.374+0000] {logging_mixin.py:149} INFO - [2026-09-21T00:20:23.374+0000] {dagbag.py:541} INFO - Filling up the DagBag from /opt/airflow/dags/1_dag_flujo.py
[2026-09-21T00:20:24.392+0000] {processor.py:809} INFO - DAG(s) dict_keys(['penguins_pipeline']) retrieved from /opt/airflow/dags/1_dag_flujo.py
[2026-09-21T00:20:24.433+0000] {logging_mixin.py:149} INFO - [2026-09-21T00:20:24.433+0000] {dag.py:2726} INFO - Sync 1 DAGs
[2026-09-21T00:20:24.472+0000] {logging_mixin.py:149} INFO - [2026-09-21T00:20:24.472+0000] {dag.py:3490} INFO - Setting next_dagrun for penguins_pipeline to None, run_after=None
[2026-09-21T00:20:24.519+0000] {processor.py:178} INFO - Processing /opt/airflow/dags/1_dag_flujo.py took 1.195 seconds
[2026-09-21T00:20:54.773+0000] {processor.py:156} INFO - Started process (PID=208) to work on /opt/airflow/dags/1_dag_flujo.py
[2026-09-21T00:20:54.799+0000] {processor.py:799} INFO - Processing file /opt/airflow/dags/1_dag_flujo.py for tasks to queue
[2026-09-21T00:20:54.800+0000] {logging_mixin.py:149} INFO - [2026-09-21T00:20:54.800+0000] {dagbag.py:541} INFO - Filling up the DagBag from /opt/airflow/dags/1_dag_flujo.py
[2026-09-21T00:20:55.782+0000] {processor.py:809} INFO - DAG(s) dict_keys(['penguins_pipeline']) retrieved from /opt/airflow/dags/1_dag_flujo.py
[2026-09-21T00:20:55.835+0000] {logging_mixin.py:149} INFO - [2026-09-21T00:20:55.834+0000] {dag.py:2726} INFO - Sync 1 DAGs
[2026-09-21T00:20:55.876+0000] {logging_mixin.py:149} INFO - [2026-09-21T00:20:55.876+0000] {dag.py:3490} INFO - Setting next_dagrun for penguins_pipeline to None, run_after=None
[2026-09-21T00:20:55.903+0000] {processor.py:178} INFO - Processing /opt/airflow/dags/1_dag_flujo.py took 1.134 seconds
[2026-09-21T00:21:26.124+0000] {processor.py:156} INFO - Started process (PID=220) to work on /opt/airflow/dags/1_dag_flujo.py
[2026-09-21T00:21:26.140+0000] {processor.py:799} INFO - Processing file /opt/airflow/dags/1_dag_flujo.py for tasks to queue
[2026-09-21T00:21:26.143+0000] {logging_mixin.py:149} INFO - [2026-09-21T00:21:26.142+0000] {dagbag.py:541} INFO - Filling up the DagBag from /opt/airflow/dags/1_dag_flujo.py
[2026-09-21T00:21:27.105+0000] {processor.py:809} INFO - DAG(s) dict_keys(['penguins_pipeline']) retrieved from /opt/airflow/dags/1_dag_flujo.py
[2026-09-21T00:21:27.156+0000] {logging_mixin.py:149} INFO - [2026-09-21T00:21:27.155+0000] {dag.py:2726} INFO - Sync 1 DAGs
[2026-09-21T00:21:27.192+0000] {logging_mixin.py:149} INFO - [2026-09-21T00:21:27.191+0000] {dag.py:3490} INFO - Setting next_dagrun for penguins_pipeline to None, run_after=None
[2026-09-21T00:21:27.240+0000] {processor.py:178} INFO - Processing /opt/airflow/dags/1_dag_flujo.py took 1.145 seconds
[2026-09-21T00:21:57.507+0000] {processor.py:156} INFO - Started process (PID=233) to work on /opt/airflow/dags/1_dag_flujo.py
[2026-09-21T00:21:57.510+0000] {processor.py:799} INFO - Processing file /opt/airflow/dags/1_dag_flujo.py for tasks to queue
[2026-09-21T00:21:57.511+0000] {logging_mixin.py:149} INFO - [2026-09-21T00:21:57.511+0000] {dagbag.py:541} INFO - Filling up the DagBag from /opt/airflow/dags/1_dag_flujo.py
[2026-09-21T00:21:58.606+0000] {processor.py:809} INFO - DAG(s) dict_keys(['penguins_pipeline']) retrieved from /opt/airflow/dags/1_dag_flujo.py
[2026-09-21T00:21:58.667+0000] {logging_mixin.py:149} INFO - [2026-09-21T00:21:58.667+0000] {dag.py:2726} INFO - Sync 1 DAGs
[2026-09-21T00:21:58.712+0000] {logging_mixin.py:149} INFO - [2026-09-21T00:21:58.712+0000] {dag.py:3490} INFO - Setting next_dagrun for penguins_pipeline to None, run_after=None
[2026-09-21T00:21:58.733+0000] {processor.py:178} INFO - Processing /opt/airflow/dags/1_dag_flujo.py took 1.234 seconds
[2026-09-21T00:22:28.803+0000] {processor.py:156} INFO - Started process (PID=245) to work on /opt/airflow/dags/1_dag_flujo.py
[2026-09-21T00:22:28.812+0000] {processor.py:799} INFO - Processing file /opt/airflow/dags/1_dag_flujo.py for tasks to queue
[2026-09-21T00:22:28.815+0000] {logging_mixin.py:149} INFO - [2026-09-21T00:22:28.814+0000] {dagbag.py:541} INFO - Filling up the DagBag from /opt/airflow/dags/1_dag_flujo.py
[2026-09-21T00:22:30.149+0000] {processor.py:809} INFO - DAG(s) dict_keys(['penguins_pipeline']) retrieved from /opt/airflow/dags/1_dag_flujo.py
[2026-09-21T00:22:30.215+0000] {logging_mixin.py:149} INFO - [2026-09-21T00:22:30.214+0000] {dag.py:2726} INFO - Sync 1 DAGs
[2026-09-21T00:22:30.270+0000] {logging_mixin.py:149} INFO - [2026-09-21T00:22:30.270+0000] {dag.py:3490} INFO - Setting next_dagrun for penguins_pipeline to None, run_after=None
[2026-09-21T00:22:30.306+0000] {processor.py:178} INFO - Processing /opt/airflow/dags/1_dag_flujo.py took 1.509 seconds
[2026-09-21T00:23:00.612+0000] {processor.py:156} INFO - Started process (PID=256) to work on /opt/airflow/dags/1_dag_flujo.py
[2026-09-21T00:23:00.616+0000] {processor.py:799} INFO - Processing file /opt/airflow/dags/1_dag_flujo.py for tasks to queue
[2026-09-21T00:23:00.617+0000] {logging_mixin.py:149} INFO - [2026-09-21T00:23:00.617+0000] {dagbag.py:541} INFO - Filling up the DagBag from /opt/airflow/dags/1_dag_flujo.py
[2026-09-21T00:23:01.610+0000] {processor.py:809} INFO - DAG(s) dict_keys(['penguins_pipeline']) retrieved from /opt/airflow/dags/1_dag_flujo.py
[2026-09-21T00:23:01.662+0000] {logging_mixin.py:149} INFO - [2026-09-21T00:23:01.661+0000] {dag.py:2726} INFO - Sync 1 DAGs
[2026-09-21T00:23:01.699+0000] {logging_mixin.py:149} INFO - [2026-09-21T00:23:01.698+0000] {dag.py:3490} INFO - Setting next_dagrun for penguins_pipeline to None, run_after=None
[2026-09-21T00:23:01.748+0000] {processor.py:178} INFO - Processing /opt/airflow/dags/1_dag_flujo.py took 1.142 seconds
[2026-09-21T00:23:31.905+0000] {processor.py:156} INFO - Started process (PID=268) to work on /opt/airflow/dags/1_dag_flujo.py
[2026-09-21T00:23:31.910+0000] {processor.py:799} INFO - Processing file /opt/airflow/dags/1_dag_flujo.py for tasks to queue
[2026-09-21T00:23:31.911+0000] {logging_mixin.py:149} INFO - [2026-09-21T00:23:31.911+0000] {dagbag.py:541} INFO - Filling up the DagBag from /opt/airflow/dags/1_dag_flujo.py
[2026-09-21T00:23:32.940+0000] {processor.py:809} INFO - DAG(s) dict_keys(['penguins_pipeline']) retrieved from /opt/airflow/dags/1_dag_flujo.py
[2026-09-21T00:23:33.003+0000] {logging_mixin.py:149} INFO - [2026-09-21T00:23:33.002+0000] {dag.py:2726} INFO - Sync 1 DAGs
[2026-09-21T00:23:33.041+0000] {logging_mixin.py:149} INFO - [2026-09-21T00:23:33.041+0000] {dag.py:3490} INFO - Setting next_dagrun for penguins_pipeline to None, run_after=None
[2026-09-21T00:23:33.086+0000] {processor.py:178} INFO - Processing /opt/airflow/dags/1_dag_flujo.py took 1.187 seconds
[2026-09-21T00:24:03.366+0000] {processor.py:156} INFO - Started process (PID=279) to work on /opt/airflow/dags/1_dag_flujo.py
[2026-09-21T00:24:03.371+0000] {processor.py:799} INFO - Processing file /opt/airflow/dags/1_dag_flujo.py for tasks to queue
[2026-09-21T00:24:03.372+0000] {logging_mixin.py:149} INFO - [2026-09-21T00:24:03.371+0000] {dagbag.py:541} INFO - Filling up the DagBag from /opt/airflow/dags/1_dag_flujo.py
[2026-09-21T00:24:04.412+0000] {processor.py:809} INFO - DAG(s) dict_keys(['penguins_pipeline']) retrieved from /opt/airflow/dags/1_dag_flujo.py
[2026-09-21T00:24:04.449+0000] {logging_mixin.py:149} INFO - [2026-09-21T00:24:04.448+0000] {dag.py:2726} INFO - Sync 1 DAGs
[2026-09-21T00:24:04.487+0000] {logging_mixin.py:149} INFO - [2026-09-21T00:24:04.487+0000] {dag.py:3490} INFO - Setting next_dagrun for penguins_pipeline to None, run_after=None
[2026-09-21T00:24:04.517+0000] {processor.py:178} INFO - Processing /opt/airflow/dags/1_dag_flujo.py took 1.158 seconds
[2026-09-21T00:24:34.649+0000] {processor.py:156} INFO - Started process (PID=291) to work on /opt/airflow/dags/1_dag_flujo.py
[2026-09-21T00:24:34.652+0000] {processor.py:799} INFO - Processing file /opt/airflow/dags/1_dag_flujo.py for tasks to queue
[2026-09-21T00:24:34.654+0000] {logging_mixin.py:149} INFO - [2026-09-21T00:24:34.653+0000] {dagbag.py:541} INFO - Filling up the DagBag from /opt/airflow/dags/1_dag_flujo.py
[2026-09-21T00:24:35.996+0000] {processor.py:809} INFO - DAG(s) dict_keys(['penguins_pipeline']) retrieved from /opt/airflow/dags/1_dag_flujo.py
[2026-09-21T00:24:36.054+0000] {logging_mixin.py:149} INFO - [2026-09-21T00:24:36.053+0000] {dag.py:2726} INFO - Sync 1 DAGs
[2026-09-21T00:24:36.112+0000] {logging_mixin.py:149} INFO - [2026-09-21T00:24:36.111+0000] {dag.py:3490} INFO - Setting next_dagrun for penguins_pipeline to None, run_after=None
[2026-09-21T00:24:36.166+0000] {processor.py:178} INFO - Processing /opt/airflow/dags/1_dag_flujo.py took 1.524 seconds
[2026-09-21T00:25:06.515+0000] {processor.py:156} INFO - Started process (PID=303) to work on /opt/airflow/dags/1_dag_flujo.py
[2026-09-21T00:25:06.517+0000] {processor.py:799} INFO - Processing file /opt/airflow/dags/1_dag_flujo.py for tasks to queue
[2026-09-21T00:25:06.518+0000] {logging_mixin.py:149} INFO - [2026-09-21T00:25:06.517+0000] {dagbag.py:541} INFO - Filling up the DagBag from /opt/airflow/dags/1_dag_flujo.py
[2026-09-21T00:25:07.500+0000] {processor.py:809} INFO - DAG(s) dict_keys(['penguins_pipeline']) retrieved from /opt/airflow/dags/1_dag_flujo.py
[2026-09-21T00:25:07.538+0000] {logging_mixin.py:149} INFO - [2026-09-21T00:25:07.537+0000] {dag.py:2726} INFO - Sync 1 DAGs
[2026-09-21T00:25:07.571+0000] {logging_mixin.py:149} INFO - [2026-09-21T00:25:07.571+0000] {dag.py:3490} INFO - Setting next_dagrun for penguins_pipeline to None, run_after=None
[2026-09-21T00:25:07.608+0000] {processor.py:178} INFO - Processing /opt/airflow/dags/1_dag_flujo.py took 1.100 seconds
[2026-09-21T00:25:37.839+0000] {processor.py:156} INFO - Started process (PID=322) to work on /opt/airflow/dags/1_dag_flujo.py
[2026-09-21T00:25:37.843+0000] {processor.py:799} INFO - Processing file /opt/airflow/dags/1_dag_flujo.py for tasks to queue
[2026-09-21T00:25:37.845+0000] {logging_mixin.py:149} INFO - [2026-09-21T00:25:37.844+0000] {dagbag.py:541} INFO - Filling up the DagBag from /opt/airflow/dags/1_dag_flujo.py
[2026-09-21T00:25:39.162+0000] {processor.py:809} INFO - DAG(s) dict_keys(['penguins_pipeline']) retrieved from /opt/airflow/dags/1_dag_flujo.py
[2026-09-21T00:25:39.199+0000] {logging_mixin.py:149} INFO - [2026-09-21T00:25:39.198+0000] {dag.py:2726} INFO - Sync 1 DAGs
[2026-09-21T00:25:39.254+0000] {logging_mixin.py:149} INFO - [2026-09-21T00:25:39.254+0000] {dag.py:3490} INFO - Setting next_dagrun for penguins_pipeline to None, run_after=None
[2026-09-21T00:25:39.293+0000] {processor.py:178} INFO - Processing /opt/airflow/dags/1_dag_flujo.py took 1.462 seconds
[2026-09-21T00:26:09.603+0000] {processor.py:156} INFO - Started process (PID=334) to work on /opt/airflow/dags/1_dag_flujo.py
[2026-09-21T00:26:09.609+0000] {processor.py:799} INFO - Processing file /opt/airflow/dags/1_dag_flujo.py for tasks to queue
[2026-09-21T00:26:09.610+0000] {logging_mixin.py:149} INFO - [2026-09-21T00:26:09.610+0000] {dagbag.py:541} INFO - Filling up the DagBag from /opt/airflow/dags/1_dag_flujo.py
[2026-09-21T00:26:10.575+0000] {processor.py:809} INFO - DAG(s) dict_keys(['penguins_pipeline']) retrieved from /opt/airflow/dags/1_dag_flujo.py
[2026-09-21T00:26:10.622+0000] {logging_mixin.py:149} INFO - [2026-09-21T00:26:10.622+0000] {dag.py:2726} INFO - Sync 1 DAGs
[2026-09-21T00:26:10.658+0000] {logging_mixin.py:149} INFO - [2026-09-21T00:26:10.658+0000] {dag.py:3490} INFO - Setting next_dagrun for penguins_pipeline to None, run_after=None
[2026-09-21T00:26:10.678+0000] {processor.py:178} INFO - Processing /opt/airflow/dags/1_dag_flujo.py took 1.079 seconds
[2026-09-21T00:26:40.911+0000] {processor.py:156} INFO - Started process (PID=347) to work on /opt/airflow/dags/1_dag_flujo.py
[2026-09-21T00:26:40.914+0000] {processor.py:799} INFO - Processing file /opt/airflow/dags/1_dag_flujo.py for tasks to queue
[2026-09-21T00:26:40.915+0000] {logging_mixin.py:149} INFO - [2026-09-21T00:26:40.915+0000] {dagbag.py:541} INFO - Filling up the DagBag from /opt/airflow/dags/1_dag_flujo.py
[2026-09-21T00:26:42.192+0000] {processor.py:809} INFO - DAG(s) dict_keys(['penguins_pipeline']) retrieved from /opt/airflow/dags/1_dag_flujo.py
[2026-09-21T00:26:42.247+0000] {logging_mixin.py:149} INFO - [2026-09-21T00:26:42.246+0000] {dag.py:2726} INFO - Sync 1 DAGs
[2026-09-21T00:26:42.291+0000] {logging_mixin.py:149} INFO - [2026-09-21T00:26:42.290+0000] {dag.py:3490} INFO - Setting next_dagrun for penguins_pipeline to None, run_after=None
[2026-09-21T00:26:42.326+0000] {processor.py:178} INFO - Processing /opt/airflow/dags/1_dag_flujo.py took 1.423 seconds
[2026-09-21T00:27:12.653+0000] {processor.py:156} INFO - Started process (PID=359) to work on /opt/airflow/dags/1_dag_flujo.py
[2026-09-21T00:27:12.656+0000] {processor.py:799} INFO - Processing file /opt/airflow/dags/1_dag_flujo.py for tasks to queue
[2026-09-21T00:27:12.657+0000] {logging_mixin.py:149} INFO - [2026-09-21T00:27:12.657+0000] {dagbag.py:541} INFO - Filling up the DagBag from /opt/airflow/dags/1_dag_flujo.py
[2026-09-21T00:27:13.909+0000] {processor.py:809} INFO - DAG(s) dict_keys(['penguins_pipeline']) retrieved from /opt/airflow/dags/1_dag_flujo.py
[2026-09-21T00:27:13.949+0000] {logging_mixin.py:149} INFO - [2026-09-21T00:27:13.948+0000] {dag.py:2726} INFO - Sync 1 DAGs
[2026-09-21T00:27:13.988+0000] {logging_mixin.py:149} INFO - [2026-09-21T00:27:13.988+0000] {dag.py:3490} INFO - Setting next_dagrun for penguins_pipeline to None, run_after=None
[2026-09-21T00:27:14.019+0000] {processor.py:178} INFO - Processing /opt/airflow/dags/1_dag_flujo.py took 1.373 seconds
[2026-09-21T00:27:44.317+0000] {processor.py:156} INFO - Started process (PID=371) to work on /opt/airflow/dags/1_dag_flujo.py
[2026-09-21T00:27:44.320+0000] {processor.py:799} INFO - Processing file /opt/airflow/dags/1_dag_flujo.py for tasks to queue
[2026-09-21T00:27:44.322+0000] {logging_mixin.py:149} INFO - [2026-09-21T00:27:44.321+0000] {dagbag.py:541} INFO - Filling up the DagBag from /opt/airflow/dags/1_dag_flujo.py
[2026-09-21T00:27:45.689+0000] {processor.py:809} INFO - DAG(s) dict_keys(['penguins_pipeline']) retrieved from /opt/airflow/dags/1_dag_flujo.py
[2026-09-21T00:27:45.750+0000] {logging_mixin.py:149} INFO - [2026-09-21T00:27:45.749+0000] {dag.py:2726} INFO - Sync 1 DAGs
[2026-09-21T00:27:45.790+0000] {logging_mixin.py:149} INFO - [2026-09-21T00:27:45.790+0000] {dag.py:3490} INFO - Setting next_dagrun for penguins_pipeline to None, run_after=None
[2026-09-21T00:27:45.845+0000] {processor.py:178} INFO - Processing /opt/airflow/dags/1_dag_flujo.py took 1.536 seconds
[2026-09-21T00:28:16.181+0000] {processor.py:156} INFO - Started process (PID=382) to work on /opt/airflow/dags/1_dag_flujo.py
[2026-09-21T00:28:16.184+0000] {processor.py:799} INFO - Processing file /opt/airflow/dags/1_dag_flujo.py for tasks to queue
[2026-09-21T00:28:16.185+0000] {logging_mixin.py:149} INFO - [2026-09-21T00:28:16.185+0000] {dagbag.py:541} INFO - Filling up the DagBag from /opt/airflow/dags/1_dag_flujo.py
[2026-09-21T00:28:17.200+0000] {processor.py:809} INFO - DAG(s) dict_keys(['penguins_pipeline']) retrieved from /opt/airflow/dags/1_dag_flujo.py
[2026-09-21T00:28:17.232+0000] {logging_mixin.py:149} INFO - [2026-09-21T00:28:17.231+0000] {dag.py:2726} INFO - Sync 1 DAGs
[2026-09-21T00:28:17.274+0000] {logging_mixin.py:149} INFO - [2026-09-21T00:28:17.274+0000] {dag.py:3490} INFO - Setting next_dagrun for penguins_pipeline to None, run_after=None
[2026-09-21T00:28:17.315+0000] {processor.py:178} INFO - Processing /opt/airflow/dags/1_dag_flujo.py took 1.141 seconds
[2026-09-21T00:28:47.437+0000] {processor.py:156} INFO - Started process (PID=394) to work on /opt/airflow/dags/1_dag_flujo.py
[2026-09-21T00:28:47.439+0000] {processor.py:799} INFO - Processing file /opt/airflow/dags/1_dag_flujo.py for tasks to queue
[2026-09-21T00:28:47.440+0000] {logging_mixin.py:149} INFO - [2026-09-21T00:28:47.440+0000] {dagbag.py:541} INFO - Filling up the DagBag from /opt/airflow/dags/1_dag_flujo.py
[2026-09-21T00:28:48.484+0000] {processor.py:809} INFO - DAG(s) dict_keys(['penguins_pipeline']) retrieved from /opt/airflow/dags/1_dag_flujo.py
[2026-09-21T00:28:48.532+0000] {logging_mixin.py:149} INFO - [2026-09-21T00:28:48.531+0000] {dag.py:2726} INFO - Sync 1 DAGs
[2026-09-21T00:28:48.577+0000] {logging_mixin.py:149} INFO - [2026-09-21T00:28:48.577+0000] {dag.py:3490} INFO - Setting next_dagrun for penguins_pipeline to None, run_after=None
[2026-09-21T00:28:48.607+0000] {processor.py:178} INFO - Processing /opt/airflow/dags/1_dag_flujo.py took 1.176 seconds
[2026-09-21T00:29:18.891+0000] {processor.py:156} INFO - Started process (PID=406) to work on /opt/airflow/dags/1_dag_flujo.py
[2026-09-21T00:29:18.896+0000] {processor.py:799} INFO - Processing file /opt/airflow/dags/1_dag_flujo.py for tasks to queue
[2026-09-21T00:29:18.897+0000] {logging_mixin.py:149} INFO - [2026-09-21T00:29:18.896+0000] {dagbag.py:541} INFO - Filling up the DagBag from /opt/airflow/dags/1_dag_flujo.py
[2026-09-21T00:29:19.906+0000] {processor.py:809} INFO - DAG(s) dict_keys(['penguins_pipeline']) retrieved from /opt/airflow/dags/1_dag_flujo.py
[2026-09-21T00:29:19.944+0000] {logging_mixin.py:149} INFO - [2026-09-21T00:29:19.943+0000] {dag.py:2726} INFO - Sync 1 DAGs
[2026-09-21T00:29:19.974+0000] {logging_mixin.py:149} INFO - [2026-09-21T00:29:19.974+0000] {dag.py:3490} INFO - Setting next_dagrun for penguins_pipeline to None, run_after=None
[2026-09-21T00:29:19.997+0000] {processor.py:178} INFO - Processing /opt/airflow/dags/1_dag_flujo.py took 1.111 seconds
[2026-09-21T00:29:50.196+0000] {processor.py:156} INFO - Started process (PID=418) to work on /opt/airflow/dags/1_dag_flujo.py
[2026-09-21T00:29:50.206+0000] {processor.py:799} INFO - Processing file /opt/airflow/dags/1_dag_flujo.py for tasks to queue
[2026-09-21T00:29:50.208+0000] {logging_mixin.py:149} INFO - [2026-09-21T00:29:50.207+0000] {dagbag.py:541} INFO - Filling up the DagBag from /opt/airflow/dags/1_dag_flujo.py
[2026-09-21T00:29:51.477+0000] {processor.py:809} INFO - DAG(s) dict_keys(['penguins_pipeline']) retrieved from /opt/airflow/dags/1_dag_flujo.py
[2026-09-21T00:29:51.523+0000] {logging_mixin.py:149} INFO - [2026-09-21T00:29:51.522+0000] {dag.py:2726} INFO - Sync 1 DAGs
[2026-09-21T00:29:51.566+0000] {logging_mixin.py:149} INFO - [2026-09-21T00:29:51.566+0000] {dag.py:3490} INFO - Setting next_dagrun for penguins_pipeline to None, run_after=None
[2026-09-21T00:29:51.600+0000] {processor.py:178} INFO - Processing /opt/airflow/dags/1_dag_flujo.py took 1.412 seconds
[2026-09-21T00:30:21.899+0000] {processor.py:156} INFO - Started process (PID=430) to work on /opt/airflow/dags/1_dag_flujo.py
[2026-09-21T00:30:21.903+0000] {processor.py:799} INFO - Processing file /opt/airflow/dags/1_dag_flujo.py for tasks to queue
[2026-09-21T00:30:21.904+0000] {logging_mixin.py:149} INFO - [2026-09-21T00:30:21.903+0000] {dagbag.py:541} INFO - Filling up the DagBag from /opt/airflow/dags/1_dag_flujo.py
[2026-09-21T00:30:22.884+0000] {processor.py:809} INFO - DAG(s) dict_keys(['penguins_pipeline']) retrieved from /opt/airflow/dags/1_dag_flujo.py
[2026-09-21T00:30:22.926+0000] {logging_mixin.py:149} INFO - [2026-09-21T00:30:22.926+0000] {dag.py:2726} INFO - Sync 1 DAGs
[2026-09-21T00:30:22.970+0000] {logging_mixin.py:149} INFO - [2026-09-21T00:30:22.970+0000] {dag.py:3490} INFO - Setting next_dagrun for penguins_pipeline to None, run_after=None
[2026-09-21T00:30:22.994+0000] {processor.py:178} INFO - Processing /opt/airflow/dags/1_dag_flujo.py took 1.100 seconds
[2026-09-21T00:30:53.196+0000] {processor.py:156} INFO - Started process (PID=442) to work on /opt/airflow/dags/1_dag_flujo.py
[2026-09-21T00:30:53.201+0000] {processor.py:799} INFO - Processing file /opt/airflow/dags/1_dag_flujo.py for tasks to queue
[2026-09-21T00:30:53.203+0000] {logging_mixin.py:149} INFO - [2026-09-21T00:30:53.203+0000] {dagbag.py:541} INFO - Filling up the DagBag from /opt/airflow/dags/1_dag_flujo.py
[2026-09-21T00:30:54.174+0000] {processor.py:809} INFO - DAG(s) dict_keys(['penguins_pipeline']) retrieved from /opt/airflow/dags/1_dag_flujo.py
[2026-09-21T00:30:54.218+0000] {logging_mixin.py:149} INFO - [2026-09-21T00:30:54.217+0000] {dag.py:2726} INFO - Sync 1 DAGs
[2026-09-21T00:30:54.279+0000] {logging_mixin.py:149} INFO - [2026-09-21T00:30:54.279+0000] {dag.py:3490} INFO - Setting next_dagrun for penguins_pipeline to None, run_after=None
[2026-09-21T00:30:54.305+0000] {processor.py:178} INFO - Processing /opt/airflow/dags/1_dag_flujo.py took 1.115 seconds
[2026-09-21T00:31:24.612+0000] {processor.py:156} INFO - Started process (PID=454) to work on /opt/airflow/dags/1_dag_flujo.py
[2026-09-21T00:31:24.615+0000] {processor.py:799} INFO - Processing file /opt/airflow/dags/1_dag_flujo.py for tasks to queue
[2026-09-21T00:31:24.616+0000] {logging_mixin.py:149} INFO - [2026-09-21T00:31:24.615+0000] {dagbag.py:541} INFO - Filling up the DagBag from /opt/airflow/dags/1_dag_flujo.py
[2026-09-21T00:31:25.606+0000] {processor.py:809} INFO - DAG(s) dict_keys(['penguins_pipeline']) retrieved from /opt/airflow/dags/1_dag_flujo.py
[2026-09-21T00:31:25.648+0000] {logging_mixin.py:149} INFO - [2026-09-21T00:31:25.647+0000] {dag.py:2726} INFO - Sync 1 DAGs
[2026-09-21T00:31:25.680+0000] {logging_mixin.py:149} INFO - [2026-09-21T00:31:25.679+0000] {dag.py:3490} INFO - Setting next_dagrun for penguins_pipeline to None, run_after=None
[2026-09-21T00:31:25.711+0000] {processor.py:178} INFO - Processing /opt/airflow/dags/1_dag_flujo.py took 1.105 seconds
[2026-09-21T00:31:55.887+0000] {processor.py:156} INFO - Started process (PID=467) to work on /opt/airflow/dags/1_dag_flujo.py
[2026-09-21T00:31:55.896+0000] {processor.py:799} INFO - Processing file /opt/airflow/dags/1_dag_flujo.py for tasks to queue
[2026-09-21T00:31:55.897+0000] {logging_mixin.py:149} INFO - [2026-09-21T00:31:55.897+0000] {dagbag.py:541} INFO - Filling up the DagBag from /opt/airflow/dags/1_dag_flujo.py
[2026-09-21T00:31:56.829+0000] {processor.py:809} INFO - DAG(s) dict_keys(['penguins_pipeline']) retrieved from /opt/airflow/dags/1_dag_flujo.py
[2026-09-21T00:31:56.863+0000] {logging_mixin.py:149} INFO - [2026-09-21T00:31:56.863+0000] {dag.py:2726} INFO - Sync 1 DAGs
[2026-09-21T00:31:56.902+0000] {logging_mixin.py:149} INFO - [2026-09-21T00:31:56.901+0000] {dag.py:3490} INFO - Setting next_dagrun for penguins_pipeline to None, run_after=None
[2026-09-21T00:31:56.924+0000] {processor.py:178} INFO - Processing /opt/airflow/dags/1_dag_flujo.py took 1.043 seconds
[2026-09-21T00:32:27.156+0000] {processor.py:156} INFO - Started process (PID=479) to work on /opt/airflow/dags/1_dag_flujo.py
[2026-09-21T00:32:27.161+0000] {processor.py:799} INFO - Processing file /opt/airflow/dags/1_dag_flujo.py for tasks to queue
[2026-09-21T00:32:27.162+0000] {logging_mixin.py:149} INFO - [2026-09-21T00:32:27.162+0000] {dagbag.py:541} INFO - Filling up the DagBag from /opt/airflow/dags/1_dag_flujo.py
[2026-09-21T00:32:28.236+0000] {processor.py:809} INFO - DAG(s) dict_keys(['penguins_pipeline']) retrieved from /opt/airflow/dags/1_dag_flujo.py
[2026-09-21T00:32:28.288+0000] {logging_mixin.py:149} INFO - [2026-09-21T00:32:28.288+0000] {dag.py:2726} INFO - Sync 1 DAGs
[2026-09-21T00:32:28.347+0000] {logging_mixin.py:149} INFO - [2026-09-21T00:32:28.347+0000] {dag.py:3490} INFO - Setting next_dagrun for penguins_pipeline to None, run_after=None
[2026-09-21T00:32:28.403+0000] {processor.py:178} INFO - Processing /opt/airflow/dags/1_dag_flujo.py took 1.252 seconds
[2026-09-21T00:32:58.721+0000] {processor.py:156} INFO - Started process (PID=491) to work on /opt/airflow/dags/1_dag_flujo.py
[2026-09-21T00:32:58.724+0000] {processor.py:799} INFO - Processing file /opt/airflow/dags/1_dag_flujo.py for tasks to queue
[2026-09-21T00:32:58.725+0000] {logging_mixin.py:149} INFO - [2026-09-21T00:32:58.725+0000] {dagbag.py:541} INFO - Filling up the DagBag from /opt/airflow/dags/1_dag_flujo.py
[2026-09-21T00:32:59.694+0000] {processor.py:809} INFO - DAG(s) dict_keys(['penguins_pipeline']) retrieved from /opt/airflow/dags/1_dag_flujo.py
[2026-09-21T00:32:59.735+0000] {logging_mixin.py:149} INFO - [2026-09-21T00:32:59.734+0000] {dag.py:2726} INFO - Sync 1 DAGs
[2026-09-21T00:32:59.769+0000] {logging_mixin.py:149} INFO - [2026-09-21T00:32:59.769+0000] {dag.py:3490} INFO - Setting next_dagrun for penguins_pipeline to None, run_after=None
[2026-09-21T00:32:59.799+0000] {processor.py:178} INFO - Processing /opt/airflow/dags/1_dag_flujo.py took 1.085 seconds
[2026-09-21T00:33:30.027+0000] {processor.py:156} INFO - Started process (PID=503) to work on /opt/airflow/dags/1_dag_flujo.py
[2026-09-21T00:33:30.031+0000] {processor.py:799} INFO - Processing file /opt/airflow/dags/1_dag_flujo.py for tasks to queue
[2026-09-21T00:33:30.032+0000] {logging_mixin.py:149} INFO - [2026-09-21T00:33:30.032+0000] {dagbag.py:541} INFO - Filling up the DagBag from /opt/airflow/dags/1_dag_flujo.py
[2026-09-21T00:33:31.379+0000] {processor.py:809} INFO - DAG(s) dict_keys(['penguins_pipeline']) retrieved from /opt/airflow/dags/1_dag_flujo.py
[2026-09-21T00:33:31.422+0000] {logging_mixin.py:149} INFO - [2026-09-21T00:33:31.421+0000] {dag.py:2726} INFO - Sync 1 DAGs
[2026-09-21T00:33:31.479+0000] {logging_mixin.py:149} INFO - [2026-09-21T00:33:31.479+0000] {dag.py:3490} INFO - Setting next_dagrun for penguins_pipeline to None, run_after=None
[2026-09-21T00:33:31.519+0000] {processor.py:178} INFO - Processing /opt/airflow/dags/1_dag_flujo.py took 1.499 seconds
