[2026-09-13T21:05:15.310+0000] {taskinstance.py:1125} INFO - Dependencies all met for dep_context=non-requeueable deps ti=<TaskInstance: penguins_pipeline.preprocesar_datos manual__2026-09-13T21:04:59.448153+00:00 [queued]>
[2026-09-13T21:05:15.328+0000] {taskinstance.py:1125} INFO - Dependencies all met for dep_context=requeueable deps ti=<TaskInstance: penguins_pipeline.preprocesar_datos manual__2026-09-13T21:04:59.448153+00:00 [queued]>
[2026-09-13T21:05:15.329+0000] {taskinstance.py:1331} INFO - Starting attempt 1 of 1
[2026-09-13T21:05:15.354+0000] {taskinstance.py:1350} INFO - Executing <Task(PythonOperator): preprocesar_datos> on 2026-09-13 21:04:59.448153+00:00
[2026-09-13T21:05:15.367+0000] {standard_task_runner.py:57} INFO - Started process 718 to run task
[2026-09-13T21:05:15.377+0000] {standard_task_runner.py:84} INFO - Running: ['***', 'tasks', 'run', 'penguins_pipeline', 'preprocesar_datos', 'manual__2026-09-13T21:04:59.448153+00:00', '--job-id', '1260', '--raw', '--subdir', 'DAGS_FOLDER/1_dag_flujo.py', '--cfg-path', '/tmp/tmpvo_c07rj']
[2026-09-13T21:05:15.381+0000] {standard_task_runner.py:85} INFO - Job 1260: Subtask preprocesar_datos
[2026-09-13T21:05:15.469+0000] {task_command.py:410} INFO - Running <TaskInstance: penguins_pipeline.preprocesar_datos manual__2026-09-13T21:04:59.448153+00:00 [running]> on host 24358612f7c0
[2026-09-13T21:05:15.718+0000] {taskinstance.py:1570} INFO - Exporting env vars: AIRFLOW_CTX_DAG_OWNER='***' AIRFLOW_CTX_DAG_ID='penguins_pipeline' AIRFLOW_CTX_TASK_ID='preprocesar_datos' AIRFLOW_CTX_EXECUTION_DATE='2026-09-13T21:04:59.448153+00:00' AIRFLOW_CTX_TRY_NUMBER='1' AIRFLOW_CTX_DAG_RUN_ID='manual__2026-09-13T21:04:59.448153+00:00'
[2026-09-13T21:05:20.762+0000] {base.py:73} INFO - Using connection ID 'mysql_penguins' for task execution.
[2026-09-13T21:05:20.812+0000] {sql.py:375} INFO - Running statement: 
        SELECT
            rowid,
            species,
            bill_length_mm,
            bill_depth_mm,
            flipper_length_mm,
            body_mass_g
        FROM penguins_raw
        ORDER BY CAST(rowid AS UNSIGNED)
    , parameters: None
[2026-09-13T21:05:20.821+0000] {sql.py:384} INFO - Rows affected: 344
[2026-09-13T21:05:20.926+0000] {base.py:73} INFO - Using connection ID 'mysql_penguins' for task execution.
[2026-09-13T21:05:20.937+0000] {sql.py:375} INFO - Running statement: 
        CREATE TABLE IF NOT EXISTS penguins_processed (
            rowid INT PRIMARY KEY,
            species VARCHAR(50) NOT NULL,
            bill_length_mm DOUBLE NOT NULL,
            bill_depth_mm DOUBLE NOT NULL,
            flipper_length_mm DOUBLE NOT NULL,
            body_mass_g DOUBLE NOT NULL,
            conjunto VARCHAR(10) NOT NULL
        )
    , parameters: None
[2026-09-13T21:05:20.941+0000] {sql.py:384} INFO - Rows affected: 0
[2026-09-13T21:05:20.967+0000] {base.py:73} INFO - Using connection ID 'mysql_penguins' for task execution.
[2026-09-13T21:05:20.989+0000] {sql.py:375} INFO - Running statement: 
        SHOW COLUMNS FROM penguins_processed LIKE 'conjunto'
    , parameters: None
[2026-09-13T21:05:20.995+0000] {sql.py:384} INFO - Rows affected: 1
[2026-09-13T21:05:21.026+0000] {base.py:73} INFO - Using connection ID 'mysql_penguins' for task execution.
[2026-09-13T21:05:21.046+0000] {sql.py:375} INFO - Running statement: 
        CREATE TABLE IF NOT EXISTS penguins_scaler (
            nombre VARCHAR(50) PRIMARY KEY,
            parametros JSON NOT NULL
        )
    , parameters: None
[2026-09-13T21:05:21.061+0000] {sql.py:384} INFO - Rows affected: 0
[2026-09-13T21:05:21.096+0000] {base.py:73} INFO - Using connection ID 'mysql_penguins' for task execution.
[2026-09-13T21:05:21.178+0000] {logging_mixin.py:149} INFO - Filas originales: 344
[2026-09-13T21:05:21.180+0000] {logging_mixin.py:149} INFO - Filas válidas: 342
[2026-09-13T21:05:21.181+0000] {logging_mixin.py:149} INFO - Entrenamiento: 273
[2026-09-13T21:05:21.182+0000] {logging_mixin.py:149} INFO - Prueba: 69
[2026-09-13T21:05:21.182+0000] {logging_mixin.py:149} INFO - Datos normalizados y parámetros guardados en MySQL.
[2026-09-13T21:05:21.183+0000] {python.py:183} INFO - Done. Returned value was: None
[2026-09-13T21:05:21.227+0000] {taskinstance.py:1373} INFO - Marking task as SUCCESS. dag_id=penguins_pipeline, task_id=preprocesar_datos, execution_date=20260913T210459, start_date=20260913T210515, end_date=20260913T210521
[2026-09-13T21:05:21.320+0000] {local_task_job_runner.py:232} INFO - Task exited with return code 0
[2026-09-13T21:05:21.396+0000] {taskinstance.py:2674} INFO - 1 downstream tasks scheduled from follow-on schedule check
