[2026-09-13T07:38:19.660+0000] {taskinstance.py:1125} INFO - Dependencies all met for dep_context=non-requeueable deps ti=<TaskInstance: penguins_pipeline.preprocesar_datos manual__2026-09-13T07:38:06.024203+00:00 [queued]>
[2026-09-13T07:38:19.695+0000] {taskinstance.py:1125} INFO - Dependencies all met for dep_context=requeueable deps ti=<TaskInstance: penguins_pipeline.preprocesar_datos manual__2026-09-13T07:38:06.024203+00:00 [queued]>
[2026-09-13T07:38:19.696+0000] {taskinstance.py:1331} INFO - Starting attempt 1 of 1
[2026-09-13T07:38:19.739+0000] {taskinstance.py:1350} INFO - Executing <Task(PythonOperator): preprocesar_datos> on 2026-09-13 07:38:06.024203+00:00
[2026-09-13T07:38:19.754+0000] {standard_task_runner.py:57} INFO - Started process 88 to run task
[2026-09-13T07:38:19.769+0000] {standard_task_runner.py:84} INFO - Running: ['***', 'tasks', 'run', 'penguins_pipeline', 'preprocesar_datos', 'manual__2026-09-13T07:38:06.024203+00:00', '--job-id', '1255', '--raw', '--subdir', 'DAGS_FOLDER/1_dag_flujo.py', '--cfg-path', '/tmp/tmpu4l3ozgn']
[2026-09-13T07:38:19.777+0000] {standard_task_runner.py:85} INFO - Job 1255: Subtask preprocesar_datos
[2026-09-13T07:38:19.950+0000] {task_command.py:410} INFO - Running <TaskInstance: penguins_pipeline.preprocesar_datos manual__2026-09-13T07:38:06.024203+00:00 [running]> on host 8635f123c97a
[2026-09-13T07:38:20.530+0000] {taskinstance.py:1570} INFO - Exporting env vars: AIRFLOW_CTX_DAG_OWNER='***' AIRFLOW_CTX_DAG_ID='penguins_pipeline' AIRFLOW_CTX_TASK_ID='preprocesar_datos' AIRFLOW_CTX_EXECUTION_DATE='2026-09-13T07:38:06.024203+00:00' AIRFLOW_CTX_TRY_NUMBER='1' AIRFLOW_CTX_DAG_RUN_ID='manual__2026-09-13T07:38:06.024203+00:00'
[2026-09-13T07:38:21.731+0000] {base.py:73} INFO - Using connection ID 'mysql_penguins' for task execution.
[2026-09-13T07:38:21.764+0000] {sql.py:375} INFO - Running statement: 
        SELECT
            rowid,
            species,
            bill_length_mm,
            bill_depth_mm,
            flipper_length_mm,
            body_mass_g
        FROM penguins_raw
        ORDER BY CAST(rowid AS UNSIGNED)
    , parameters: None
[2026-09-13T07:38:21.769+0000] {sql.py:384} INFO - Rows affected: 344
[2026-09-13T07:38:21.881+0000] {base.py:73} INFO - Using connection ID 'mysql_penguins' for task execution.
[2026-09-13T07:38:21.894+0000] {sql.py:375} INFO - Running statement: 
        CREATE TABLE IF NOT EXISTS penguins_processed (
            rowid INT PRIMARY KEY,
            species VARCHAR(50) NOT NULL,
            bill_length_mm DOUBLE NOT NULL,
            bill_depth_mm DOUBLE NOT NULL,
            flipper_length_mm DOUBLE NOT NULL,
            body_mass_g DOUBLE NOT NULL,
            conjunto VARCHAR(10) NOT NULL
        )
    , parameters: None
[2026-09-13T07:38:21.901+0000] {sql.py:384} INFO - Rows affected: 0
[2026-09-13T07:38:21.927+0000] {base.py:73} INFO - Using connection ID 'mysql_penguins' for task execution.
[2026-09-13T07:38:21.948+0000] {sql.py:375} INFO - Running statement: 
        SHOW COLUMNS FROM penguins_processed LIKE 'conjunto'
    , parameters: None
[2026-09-13T07:38:21.956+0000] {sql.py:384} INFO - Rows affected: 0
[2026-09-13T07:38:21.975+0000] {base.py:73} INFO - Using connection ID 'mysql_penguins' for task execution.
[2026-09-13T07:38:21.986+0000] {sql.py:375} INFO - Running statement: 
            ALTER TABLE penguins_processed
            ADD COLUMN conjunto VARCHAR(10)
        , parameters: None
[2026-09-13T07:38:22.024+0000] {sql.py:384} INFO - Rows affected: 0
[2026-09-13T07:38:22.043+0000] {base.py:73} INFO - Using connection ID 'mysql_penguins' for task execution.
[2026-09-13T07:38:22.058+0000] {sql.py:375} INFO - Running statement: 
        CREATE TABLE IF NOT EXISTS penguins_scaler (
            nombre VARCHAR(50) PRIMARY KEY,
            parametros JSON NOT NULL
        )
    , parameters: None
[2026-09-13T07:38:22.116+0000] {sql.py:384} INFO - Rows affected: 0
[2026-09-13T07:38:22.139+0000] {base.py:73} INFO - Using connection ID 'mysql_penguins' for task execution.
[2026-09-13T07:38:22.202+0000] {logging_mixin.py:149} INFO - Filas originales: 344
[2026-09-13T07:38:22.203+0000] {logging_mixin.py:149} INFO - Filas válidas: 342
[2026-09-13T07:38:22.203+0000] {logging_mixin.py:149} INFO - Entrenamiento: 273
[2026-09-13T07:38:22.203+0000] {logging_mixin.py:149} INFO - Prueba: 69
[2026-09-13T07:38:22.203+0000] {logging_mixin.py:149} INFO - Datos normalizados y parámetros guardados en MySQL.
[2026-09-13T07:38:22.204+0000] {python.py:183} INFO - Done. Returned value was: None
[2026-09-13T07:38:22.235+0000] {taskinstance.py:1373} INFO - Marking task as SUCCESS. dag_id=penguins_pipeline, task_id=preprocesar_datos, execution_date=20260913T073806, start_date=20260913T073819, end_date=20260913T073822
[2026-09-13T07:38:22.288+0000] {local_task_job_runner.py:232} INFO - Task exited with return code 0
[2026-09-13T07:38:22.327+0000] {taskinstance.py:2674} INFO - 0 downstream tasks scheduled from follow-on schedule check
