[2026-09-20T23:50:28.763+0000] {taskinstance.py:1125} INFO - Dependencies all met for dep_context=non-requeueable deps ti=<TaskInstance: penguins_pipeline.borrar_datos manual__2026-09-20T23:50:24.993953+00:00 [queued]>
[2026-09-20T23:50:28.785+0000] {taskinstance.py:1125} INFO - Dependencies all met for dep_context=requeueable deps ti=<TaskInstance: penguins_pipeline.borrar_datos manual__2026-09-20T23:50:24.993953+00:00 [queued]>
[2026-09-20T23:50:28.785+0000] {taskinstance.py:1331} INFO - Starting attempt 1 of 1
[2026-09-20T23:50:28.807+0000] {taskinstance.py:1350} INFO - Executing <Task(PythonOperator): borrar_datos> on 2026-09-20 23:50:24.993953+00:00
[2026-09-20T23:50:28.817+0000] {standard_task_runner.py:57} INFO - Started process 298 to run task
[2026-09-20T23:50:28.830+0000] {standard_task_runner.py:84} INFO - Running: ['***', 'tasks', 'run', 'penguins_pipeline', 'borrar_datos', 'manual__2026-09-20T23:50:24.993953+00:00', '--job-id', '9', '--raw', '--subdir', 'DAGS_FOLDER/1_dag_flujo.py', '--cfg-path', '/tmp/tmp6hd7hg6y']
[2026-09-20T23:50:28.833+0000] {standard_task_runner.py:85} INFO - Job 9: Subtask borrar_datos
[2026-09-20T23:50:28.937+0000] {task_command.py:410} INFO - Running <TaskInstance: penguins_pipeline.borrar_datos manual__2026-09-20T23:50:24.993953+00:00 [running]> on host 73017929ee04
[2026-09-20T23:50:29.120+0000] {taskinstance.py:1570} INFO - Exporting env vars: AIRFLOW_CTX_DAG_OWNER='***' AIRFLOW_CTX_DAG_ID='penguins_pipeline' AIRFLOW_CTX_TASK_ID='borrar_datos' AIRFLOW_CTX_EXECUTION_DATE='2026-09-20T23:50:24.993953+00:00' AIRFLOW_CTX_TRY_NUMBER='1' AIRFLOW_CTX_DAG_RUN_ID='manual__2026-09-20T23:50:24.993953+00:00'
[2026-09-20T23:50:29.165+0000] {taskinstance.py:1847} ERROR - Task failed with exception
Traceback (most recent call last):
  File "/home/airflow/.local/lib/python3.7/site-packages/airflow/operators/python.py", line 181, in execute
    return_value = self.execute_callable()
  File "/home/airflow/.local/lib/python3.7/site-packages/airflow/operators/python.py", line 198, in execute_callable
    return self.python_callable(*self.op_args, **self.op_kwargs)
  File "/opt/airflow/dags/1_dag_flujo.py", line 39, in borrar_datos
    """)
  File "/home/airflow/.local/lib/python3.7/site-packages/airflow/providers/common/sql/hooks/sql.py", line 342, in run
    with closing(self.get_conn()) as conn:
  File "/home/airflow/.local/lib/python3.7/site-packages/airflow/providers/mysql/hooks/mysql.py", line 180, in get_conn
    conn = self.connection or self.get_connection(getattr(self, self.conn_name_attr))
  File "/home/airflow/.local/lib/python3.7/site-packages/airflow/hooks/base.py", line 72, in get_connection
    conn = Connection.get_connection_from_secrets(conn_id)
  File "/home/airflow/.local/lib/python3.7/site-packages/airflow/models/connection.py", line 434, in get_connection_from_secrets
    raise AirflowNotFoundException(f"The conn_id `{conn_id}` isn't defined")
airflow.exceptions.AirflowNotFoundException: The conn_id `mysql_penguins` isn't defined
[2026-09-20T23:50:29.172+0000] {taskinstance.py:1373} INFO - Marking task as FAILED. dag_id=penguins_pipeline, task_id=borrar_datos, execution_date=20260920T235024, start_date=20260920T235028, end_date=20260920T235029
[2026-09-20T23:50:29.192+0000] {standard_task_runner.py:109} ERROR - Failed to execute job 9 for task borrar_datos (The conn_id `mysql_penguins` isn't defined; 298)
[2026-09-20T23:50:29.237+0000] {local_task_job_runner.py:232} INFO - Task exited with return code 1
[2026-09-20T23:50:29.291+0000] {taskinstance.py:2674} INFO - 0 downstream tasks scheduled from follow-on schedule check
