[2026-09-13T07:26:05.632+0000] {taskinstance.py:1125} INFO - Dependencies all met for dep_context=non-requeueable deps ti=<TaskInstance: penguins_pipeline.preprocesar_datos manual__2026-09-13T07:25:52.807414+00:00 [queued]>
[2026-09-13T07:26:05.664+0000] {taskinstance.py:1125} INFO - Dependencies all met for dep_context=requeueable deps ti=<TaskInstance: penguins_pipeline.preprocesar_datos manual__2026-09-13T07:25:52.807414+00:00 [queued]>
[2026-09-13T07:26:05.665+0000] {taskinstance.py:1331} INFO - Starting attempt 1 of 1
[2026-09-13T07:26:05.705+0000] {taskinstance.py:1350} INFO - Executing <Task(PythonOperator): preprocesar_datos> on 2026-09-13 07:25:52.807414+00:00
[2026-09-13T07:26:05.719+0000] {standard_task_runner.py:57} INFO - Started process 1560 to run task
[2026-09-13T07:26:05.734+0000] {standard_task_runner.py:84} INFO - Running: ['***', 'tasks', 'run', 'penguins_pipeline', 'preprocesar_datos', 'manual__2026-09-13T07:25:52.807414+00:00', '--job-id', '1247', '--raw', '--subdir', 'DAGS_FOLDER/1_dag_flujo.py', '--cfg-path', '/tmp/tmpbt849vj8']
[2026-09-13T07:26:05.743+0000] {standard_task_runner.py:85} INFO - Job 1247: Subtask preprocesar_datos
[2026-09-13T07:26:05.898+0000] {task_command.py:410} INFO - Running <TaskInstance: penguins_pipeline.preprocesar_datos manual__2026-09-13T07:25:52.807414+00:00 [running]> on host 529a0c22bd5a
[2026-09-13T07:26:06.477+0000] {taskinstance.py:1570} INFO - Exporting env vars: AIRFLOW_CTX_DAG_OWNER='***' AIRFLOW_CTX_DAG_ID='penguins_pipeline' AIRFLOW_CTX_TASK_ID='preprocesar_datos' AIRFLOW_CTX_EXECUTION_DATE='2026-09-13T07:25:52.807414+00:00' AIRFLOW_CTX_TRY_NUMBER='1' AIRFLOW_CTX_DAG_RUN_ID='manual__2026-09-13T07:25:52.807414+00:00'
[2026-09-13T07:26:11.522+0000] {base.py:73} INFO - Using connection ID 'mysql_penguins' for task execution.
[2026-09-13T07:26:11.554+0000] {sql.py:375} INFO - Running statement: 
        SELECT
            rowid,
            species,
            bill_length_mm,
            bill_depth_mm,
            flipper_length_mm,
            body_mass_g
        FROM penguins_raw
        ORDER BY CAST(rowid AS UNSIGNED)
    , parameters: None
[2026-09-13T07:26:11.559+0000] {sql.py:384} INFO - Rows affected: 344
[2026-09-13T07:26:11.954+0000] {base.py:73} INFO - Using connection ID 'mysql_penguins' for task execution.
[2026-09-13T07:26:11.971+0000] {sql.py:375} INFO - Running statement: 
        CREATE TABLE IF NOT EXISTS penguins_processed (
            rowid INT PRIMARY KEY,
            species VARCHAR(50) NOT NULL,
            bill_length_mm DOUBLE NOT NULL,
            bill_depth_mm DOUBLE NOT NULL,
            flipper_length_mm DOUBLE NOT NULL,
            body_mass_g DOUBLE NOT NULL
        )
    , parameters: None
[2026-09-13T07:26:12.024+0000] {sql.py:384} INFO - Rows affected: 0
[2026-09-13T07:26:12.064+0000] {base.py:73} INFO - Using connection ID 'mysql_penguins' for task execution.
[2026-09-13T07:26:12.139+0000] {logging_mixin.py:149} INFO - Filas originales: 344
[2026-09-13T07:26:12.140+0000] {logging_mixin.py:149} INFO - Filas eliminadas: 2
[2026-09-13T07:26:12.141+0000] {logging_mixin.py:149} INFO - Filas guardadas en penguins_processed: 342
[2026-09-13T07:26:12.142+0000] {python.py:183} INFO - Done. Returned value was: None
[2026-09-13T07:26:12.176+0000] {taskinstance.py:1373} INFO - Marking task as SUCCESS. dag_id=penguins_pipeline, task_id=preprocesar_datos, execution_date=20260913T072552, start_date=20260913T072605, end_date=20260913T072612
[2026-09-13T07:26:12.249+0000] {local_task_job_runner.py:232} INFO - Task exited with return code 0
[2026-09-13T07:26:12.310+0000] {taskinstance.py:2674} INFO - 0 downstream tasks scheduled from follow-on schedule check
