[2026-09-13T07:30:44.998+0000] {taskinstance.py:1125} INFO - Dependencies all met for dep_context=non-requeueable deps ti=<TaskInstance: penguins_pipeline.preprocesar_datos manual__2026-09-13T07:30:33.251833+00:00 [queued]>
[2026-09-13T07:30:45.035+0000] {taskinstance.py:1125} INFO - Dependencies all met for dep_context=requeueable deps ti=<TaskInstance: penguins_pipeline.preprocesar_datos manual__2026-09-13T07:30:33.251833+00:00 [queued]>
[2026-09-13T07:30:45.036+0000] {taskinstance.py:1331} INFO - Starting attempt 1 of 1
[2026-09-13T07:30:45.084+0000] {taskinstance.py:1350} INFO - Executing <Task(PythonOperator): preprocesar_datos> on 2026-09-13 07:30:33.251833+00:00
[2026-09-13T07:30:45.097+0000] {standard_task_runner.py:57} INFO - Started process 1648 to run task
[2026-09-13T07:30:45.110+0000] {standard_task_runner.py:84} INFO - Running: ['***', 'tasks', 'run', 'penguins_pipeline', 'preprocesar_datos', 'manual__2026-09-13T07:30:33.251833+00:00', '--job-id', '1250', '--raw', '--subdir', 'DAGS_FOLDER/1_dag_flujo.py', '--cfg-path', '/tmp/tmpna8g15yt']
[2026-09-13T07:30:45.117+0000] {standard_task_runner.py:85} INFO - Job 1250: Subtask preprocesar_datos
[2026-09-13T07:30:45.266+0000] {task_command.py:410} INFO - Running <TaskInstance: penguins_pipeline.preprocesar_datos manual__2026-09-13T07:30:33.251833+00:00 [running]> on host 529a0c22bd5a
[2026-09-13T07:30:45.838+0000] {taskinstance.py:1570} INFO - Exporting env vars: AIRFLOW_CTX_DAG_OWNER='***' AIRFLOW_CTX_DAG_ID='penguins_pipeline' AIRFLOW_CTX_TASK_ID='preprocesar_datos' AIRFLOW_CTX_EXECUTION_DATE='2026-09-13T07:30:33.251833+00:00' AIRFLOW_CTX_TRY_NUMBER='1' AIRFLOW_CTX_DAG_RUN_ID='manual__2026-09-13T07:30:33.251833+00:00'
[2026-09-13T07:30:45.842+0000] {taskinstance.py:1847} ERROR - Task failed with exception
Traceback (most recent call last):
  File "/home/airflow/.local/lib/python3.7/site-packages/airflow/operators/python.py", line 181, in execute
    return_value = self.execute_callable()
  File "/home/airflow/.local/lib/python3.7/site-packages/airflow/operators/python.py", line 198, in execute_callable
    return self.python_callable(*self.op_args, **self.op_kwargs)
  File "/opt/airflow/dags/1_dag_flujo.py", line 72, in preprocesar_datos
    from sklearn.model_selection import train_test_split
ModuleNotFoundError: No module named 'sklearn'
[2026-09-13T07:30:45.874+0000] {taskinstance.py:1373} INFO - Marking task as FAILED. dag_id=penguins_pipeline, task_id=preprocesar_datos, execution_date=20260913T073033, start_date=20260913T073045, end_date=20260913T073045
[2026-09-13T07:30:45.909+0000] {standard_task_runner.py:109} ERROR - Failed to execute job 1250 for task preprocesar_datos (No module named 'sklearn'; 1648)
[2026-09-13T07:30:45.962+0000] {local_task_job_runner.py:232} INFO - Task exited with return code 1
[2026-09-13T07:30:46.050+0000] {taskinstance.py:2674} INFO - 0 downstream tasks scheduled from follow-on schedule check
