[2026-09-21T00:03:27.615+0000] {taskinstance.py:1125} INFO - Dependencies all met for dep_context=non-requeueable deps ti=<TaskInstance: penguins_pipeline.entrenar_modelo manual__2026-09-21T00:02:54.004397+00:00 [queued]>
[2026-09-21T00:03:27.632+0000] {taskinstance.py:1125} INFO - Dependencies all met for dep_context=requeueable deps ti=<TaskInstance: penguins_pipeline.entrenar_modelo manual__2026-09-21T00:02:54.004397+00:00 [queued]>
[2026-09-21T00:03:27.632+0000] {taskinstance.py:1331} INFO - Starting attempt 1 of 1
[2026-09-21T00:03:27.661+0000] {taskinstance.py:1350} INFO - Executing <Task(PythonOperator): entrenar_modelo> on 2026-09-21 00:02:54.004397+00:00
[2026-09-21T00:03:27.672+0000] {standard_task_runner.py:57} INFO - Started process 124 to run task
[2026-09-21T00:03:27.679+0000] {standard_task_runner.py:84} INFO - Running: ['***', 'tasks', 'run', 'penguins_pipeline', 'entrenar_modelo', 'manual__2026-09-21T00:02:54.004397+00:00', '--job-id', '15', '--raw', '--subdir', 'DAGS_FOLDER/1_dag_flujo.py', '--cfg-path', '/tmp/tmpp4u1dgt_']
[2026-09-21T00:03:27.682+0000] {standard_task_runner.py:85} INFO - Job 15: Subtask entrenar_modelo
[2026-09-21T00:03:27.756+0000] {task_command.py:410} INFO - Running <TaskInstance: penguins_pipeline.entrenar_modelo manual__2026-09-21T00:02:54.004397+00:00 [running]> on host 18c52e6a1e47
[2026-09-21T00:03:27.919+0000] {taskinstance.py:1570} INFO - Exporting env vars: AIRFLOW_CTX_DAG_OWNER='***' AIRFLOW_CTX_DAG_ID='penguins_pipeline' AIRFLOW_CTX_TASK_ID='entrenar_modelo' AIRFLOW_CTX_EXECUTION_DATE='2026-09-21T00:02:54.004397+00:00' AIRFLOW_CTX_TRY_NUMBER='1' AIRFLOW_CTX_DAG_RUN_ID='manual__2026-09-21T00:02:54.004397+00:00'
[2026-09-21T00:03:27.923+0000] {crypto.py:83} WARNING - empty cryptography key - values will not be stored encrypted.
[2026-09-21T00:03:27.924+0000] {base.py:73} INFO - Using connection ID 'mysql_penguins' for task execution.
[2026-09-21T00:03:27.942+0000] {sql.py:375} INFO - Running statement: 
        SELECT
            bill_length_mm,
            bill_depth_mm,
            flipper_length_mm,
            body_mass_g,
            species,
            conjunto
        FROM penguins_processed
        ORDER BY rowid
    , parameters: None
[2026-09-21T00:03:27.948+0000] {sql.py:384} INFO - Rows affected: 342
[2026-09-21T00:03:28.109+0000] {logging_mixin.py:149} INFO - Accuracy: 0.9855
[2026-09-21T00:03:28.110+0000] {logging_mixin.py:149} INFO - F1 macro: 0.9822
[2026-09-21T00:03:28.110+0000] {base.py:73} INFO - Using connection ID 'mysql_penguins' for task execution.
[2026-09-21T00:03:28.120+0000] {sql.py:375} INFO - Running statement: 
        SELECT parametros
        FROM penguins_scaler
        WHERE nombre = 'minmax'
    , parameters: None
[2026-09-21T00:03:28.121+0000] {sql.py:384} INFO - Rows affected: 1
[2026-09-21T00:03:28.124+0000] {logging_mixin.py:149} INFO - Modelo guardado correctamente en: /opt/***/models/penguins_model.pkl
[2026-09-21T00:03:28.124+0000] {python.py:183} INFO - Done. Returned value was: None
[2026-09-21T00:03:28.151+0000] {taskinstance.py:1373} INFO - Marking task as SUCCESS. dag_id=penguins_pipeline, task_id=entrenar_modelo, execution_date=20260921T000254, start_date=20260921T000327, end_date=20260921T000328
[2026-09-21T00:03:28.210+0000] {local_task_job_runner.py:232} INFO - Task exited with return code 0
[2026-09-21T00:03:28.254+0000] {taskinstance.py:2674} INFO - 0 downstream tasks scheduled from follow-on schedule check
