[2026-09-14T00:00:14.755+0000] {processor.py:156} INFO - Started process (PID=3893) to work on /opt/airflow/dags/1_dag_flujo.py
[2026-09-14T00:00:14.758+0000] {processor.py:799} INFO - Processing file /opt/airflow/dags/1_dag_flujo.py for tasks to queue
[2026-09-14T00:00:14.759+0000] {logging_mixin.py:149} INFO - [2026-09-14T00:00:14.759+0000] {dagbag.py:541} INFO - Filling up the DagBag from /opt/airflow/dags/1_dag_flujo.py
[2026-09-14T00:00:15.814+0000] {processor.py:809} INFO - DAG(s) dict_keys(['penguins_pipeline']) retrieved from /opt/airflow/dags/1_dag_flujo.py
[2026-09-14T00:00:15.847+0000] {logging_mixin.py:149} INFO - [2026-09-14T00:00:15.847+0000] {dag.py:2726} INFO - Sync 1 DAGs
[2026-09-14T00:00:15.876+0000] {logging_mixin.py:149} INFO - [2026-09-14T00:00:15.876+0000] {dag.py:3490} INFO - Setting next_dagrun for penguins_pipeline to None, run_after=None
[2026-09-14T00:00:15.901+0000] {processor.py:178} INFO - Processing /opt/airflow/dags/1_dag_flujo.py took 1.156 seconds
[2026-09-14T00:00:46.002+0000] {processor.py:156} INFO - Started process (PID=3906) to work on /opt/airflow/dags/1_dag_flujo.py
[2026-09-14T00:00:46.006+0000] {processor.py:799} INFO - Processing file /opt/airflow/dags/1_dag_flujo.py for tasks to queue
[2026-09-14T00:00:46.008+0000] {logging_mixin.py:149} INFO - [2026-09-14T00:00:46.008+0000] {dagbag.py:541} INFO - Filling up the DagBag from /opt/airflow/dags/1_dag_flujo.py
[2026-09-14T00:00:47.239+0000] {processor.py:809} INFO - DAG(s) dict_keys(['penguins_pipeline']) retrieved from /opt/airflow/dags/1_dag_flujo.py
[2026-09-14T00:00:47.306+0000] {logging_mixin.py:149} INFO - [2026-09-14T00:00:47.305+0000] {dag.py:2726} INFO - Sync 1 DAGs
[2026-09-14T00:00:47.368+0000] {logging_mixin.py:149} INFO - [2026-09-14T00:00:47.367+0000] {dag.py:3490} INFO - Setting next_dagrun for penguins_pipeline to None, run_after=None
[2026-09-14T00:00:47.404+0000] {processor.py:178} INFO - Processing /opt/airflow/dags/1_dag_flujo.py took 1.412 seconds
[2026-09-14T00:01:17.745+0000] {processor.py:156} INFO - Started process (PID=3918) to work on /opt/airflow/dags/1_dag_flujo.py
[2026-09-14T00:01:17.749+0000] {processor.py:799} INFO - Processing file /opt/airflow/dags/1_dag_flujo.py for tasks to queue
[2026-09-14T00:01:17.752+0000] {logging_mixin.py:149} INFO - [2026-09-14T00:01:17.751+0000] {dagbag.py:541} INFO - Filling up the DagBag from /opt/airflow/dags/1_dag_flujo.py
[2026-09-14T00:01:18.939+0000] {processor.py:809} INFO - DAG(s) dict_keys(['penguins_pipeline']) retrieved from /opt/airflow/dags/1_dag_flujo.py
[2026-09-14T00:01:18.980+0000] {logging_mixin.py:149} INFO - [2026-09-14T00:01:18.980+0000] {dag.py:2726} INFO - Sync 1 DAGs
[2026-09-14T00:01:19.017+0000] {logging_mixin.py:149} INFO - [2026-09-14T00:01:19.017+0000] {dag.py:3490} INFO - Setting next_dagrun for penguins_pipeline to None, run_after=None
[2026-09-14T00:01:19.076+0000] {processor.py:178} INFO - Processing /opt/airflow/dags/1_dag_flujo.py took 1.337 seconds
[2026-09-14T00:01:49.382+0000] {processor.py:156} INFO - Started process (PID=3931) to work on /opt/airflow/dags/1_dag_flujo.py
[2026-09-14T00:01:49.388+0000] {processor.py:799} INFO - Processing file /opt/airflow/dags/1_dag_flujo.py for tasks to queue
[2026-09-14T00:01:49.390+0000] {logging_mixin.py:149} INFO - [2026-09-14T00:01:49.390+0000] {dagbag.py:541} INFO - Filling up the DagBag from /opt/airflow/dags/1_dag_flujo.py
[2026-09-14T00:01:50.666+0000] {processor.py:809} INFO - DAG(s) dict_keys(['penguins_pipeline']) retrieved from /opt/airflow/dags/1_dag_flujo.py
[2026-09-14T00:01:50.719+0000] {logging_mixin.py:149} INFO - [2026-09-14T00:01:50.718+0000] {dag.py:2726} INFO - Sync 1 DAGs
[2026-09-14T00:01:50.774+0000] {logging_mixin.py:149} INFO - [2026-09-14T00:01:50.774+0000] {dag.py:3490} INFO - Setting next_dagrun for penguins_pipeline to None, run_after=None
[2026-09-14T00:01:50.844+0000] {processor.py:178} INFO - Processing /opt/airflow/dags/1_dag_flujo.py took 1.474 seconds
[2026-09-14T00:02:21.197+0000] {processor.py:156} INFO - Started process (PID=3943) to work on /opt/airflow/dags/1_dag_flujo.py
[2026-09-14T00:02:21.201+0000] {processor.py:799} INFO - Processing file /opt/airflow/dags/1_dag_flujo.py for tasks to queue
[2026-09-14T00:02:21.204+0000] {logging_mixin.py:149} INFO - [2026-09-14T00:02:21.203+0000] {dagbag.py:541} INFO - Filling up the DagBag from /opt/airflow/dags/1_dag_flujo.py
[2026-09-14T00:02:22.746+0000] {processor.py:809} INFO - DAG(s) dict_keys(['penguins_pipeline']) retrieved from /opt/airflow/dags/1_dag_flujo.py
[2026-09-14T00:02:22.830+0000] {logging_mixin.py:149} INFO - [2026-09-14T00:02:22.828+0000] {dag.py:2726} INFO - Sync 1 DAGs
[2026-09-14T00:02:22.891+0000] {logging_mixin.py:149} INFO - [2026-09-14T00:02:22.890+0000] {dag.py:3490} INFO - Setting next_dagrun for penguins_pipeline to None, run_after=None
[2026-09-14T00:02:22.953+0000] {processor.py:178} INFO - Processing /opt/airflow/dags/1_dag_flujo.py took 1.770 seconds
[2026-09-14T00:02:53.248+0000] {processor.py:156} INFO - Started process (PID=3956) to work on /opt/airflow/dags/1_dag_flujo.py
[2026-09-14T00:02:53.252+0000] {processor.py:799} INFO - Processing file /opt/airflow/dags/1_dag_flujo.py for tasks to queue
[2026-09-14T00:02:53.255+0000] {logging_mixin.py:149} INFO - [2026-09-14T00:02:53.255+0000] {dagbag.py:541} INFO - Filling up the DagBag from /opt/airflow/dags/1_dag_flujo.py
[2026-09-14T00:02:54.476+0000] {processor.py:809} INFO - DAG(s) dict_keys(['penguins_pipeline']) retrieved from /opt/airflow/dags/1_dag_flujo.py
[2026-09-14T00:02:54.510+0000] {logging_mixin.py:149} INFO - [2026-09-14T00:02:54.510+0000] {dag.py:2726} INFO - Sync 1 DAGs
[2026-09-14T00:02:54.563+0000] {logging_mixin.py:149} INFO - [2026-09-14T00:02:54.562+0000] {dag.py:3490} INFO - Setting next_dagrun for penguins_pipeline to None, run_after=None
[2026-09-14T00:02:54.629+0000] {processor.py:178} INFO - Processing /opt/airflow/dags/1_dag_flujo.py took 1.393 seconds
[2026-09-14T00:03:24.966+0000] {processor.py:156} INFO - Started process (PID=3968) to work on /opt/airflow/dags/1_dag_flujo.py
[2026-09-14T00:03:24.975+0000] {processor.py:799} INFO - Processing file /opt/airflow/dags/1_dag_flujo.py for tasks to queue
[2026-09-14T00:03:24.977+0000] {logging_mixin.py:149} INFO - [2026-09-14T00:03:24.977+0000] {dagbag.py:541} INFO - Filling up the DagBag from /opt/airflow/dags/1_dag_flujo.py
[2026-09-14T00:03:26.192+0000] {processor.py:809} INFO - DAG(s) dict_keys(['penguins_pipeline']) retrieved from /opt/airflow/dags/1_dag_flujo.py
[2026-09-14T00:03:26.246+0000] {logging_mixin.py:149} INFO - [2026-09-14T00:03:26.245+0000] {dag.py:2726} INFO - Sync 1 DAGs
[2026-09-14T00:03:26.318+0000] {logging_mixin.py:149} INFO - [2026-09-14T00:03:26.317+0000] {dag.py:3490} INFO - Setting next_dagrun for penguins_pipeline to None, run_after=None
[2026-09-14T00:03:26.377+0000] {processor.py:178} INFO - Processing /opt/airflow/dags/1_dag_flujo.py took 1.423 seconds
[2026-09-14T00:03:56.691+0000] {processor.py:156} INFO - Started process (PID=3980) to work on /opt/airflow/dags/1_dag_flujo.py
[2026-09-14T00:03:56.694+0000] {processor.py:799} INFO - Processing file /opt/airflow/dags/1_dag_flujo.py for tasks to queue
[2026-09-14T00:03:56.696+0000] {logging_mixin.py:149} INFO - [2026-09-14T00:03:56.696+0000] {dagbag.py:541} INFO - Filling up the DagBag from /opt/airflow/dags/1_dag_flujo.py
[2026-09-14T00:03:57.871+0000] {processor.py:809} INFO - DAG(s) dict_keys(['penguins_pipeline']) retrieved from /opt/airflow/dags/1_dag_flujo.py
[2026-09-14T00:03:57.933+0000] {logging_mixin.py:149} INFO - [2026-09-14T00:03:57.932+0000] {dag.py:2726} INFO - Sync 1 DAGs
[2026-09-14T00:03:58.010+0000] {logging_mixin.py:149} INFO - [2026-09-14T00:03:58.009+0000] {dag.py:3490} INFO - Setting next_dagrun for penguins_pipeline to None, run_after=None
[2026-09-14T00:03:58.074+0000] {processor.py:178} INFO - Processing /opt/airflow/dags/1_dag_flujo.py took 1.393 seconds
[2026-09-14T00:04:28.399+0000] {processor.py:156} INFO - Started process (PID=3992) to work on /opt/airflow/dags/1_dag_flujo.py
[2026-09-14T00:04:28.403+0000] {processor.py:799} INFO - Processing file /opt/airflow/dags/1_dag_flujo.py for tasks to queue
[2026-09-14T00:04:28.405+0000] {logging_mixin.py:149} INFO - [2026-09-14T00:04:28.404+0000] {dagbag.py:541} INFO - Filling up the DagBag from /opt/airflow/dags/1_dag_flujo.py
[2026-09-14T00:04:29.674+0000] {processor.py:809} INFO - DAG(s) dict_keys(['penguins_pipeline']) retrieved from /opt/airflow/dags/1_dag_flujo.py
[2026-09-14T00:04:29.733+0000] {logging_mixin.py:149} INFO - [2026-09-14T00:04:29.732+0000] {dag.py:2726} INFO - Sync 1 DAGs
[2026-09-14T00:04:29.789+0000] {logging_mixin.py:149} INFO - [2026-09-14T00:04:29.788+0000] {dag.py:3490} INFO - Setting next_dagrun for penguins_pipeline to None, run_after=None
[2026-09-14T00:04:29.842+0000] {processor.py:178} INFO - Processing /opt/airflow/dags/1_dag_flujo.py took 1.453 seconds
[2026-09-14T00:05:00.182+0000] {processor.py:156} INFO - Started process (PID=4004) to work on /opt/airflow/dags/1_dag_flujo.py
[2026-09-14T00:05:00.188+0000] {processor.py:799} INFO - Processing file /opt/airflow/dags/1_dag_flujo.py for tasks to queue
[2026-09-14T00:05:00.192+0000] {logging_mixin.py:149} INFO - [2026-09-14T00:05:00.192+0000] {dagbag.py:541} INFO - Filling up the DagBag from /opt/airflow/dags/1_dag_flujo.py
[2026-09-14T00:05:01.447+0000] {processor.py:809} INFO - DAG(s) dict_keys(['penguins_pipeline']) retrieved from /opt/airflow/dags/1_dag_flujo.py
[2026-09-14T00:05:01.510+0000] {logging_mixin.py:149} INFO - [2026-09-14T00:05:01.509+0000] {dag.py:2726} INFO - Sync 1 DAGs
[2026-09-14T00:05:01.580+0000] {logging_mixin.py:149} INFO - [2026-09-14T00:05:01.579+0000] {dag.py:3490} INFO - Setting next_dagrun for penguins_pipeline to None, run_after=None
[2026-09-14T00:05:01.665+0000] {processor.py:178} INFO - Processing /opt/airflow/dags/1_dag_flujo.py took 1.498 seconds
[2026-09-14T00:05:31.991+0000] {processor.py:156} INFO - Started process (PID=4015) to work on /opt/airflow/dags/1_dag_flujo.py
[2026-09-14T00:05:32.000+0000] {processor.py:799} INFO - Processing file /opt/airflow/dags/1_dag_flujo.py for tasks to queue
[2026-09-14T00:05:32.003+0000] {logging_mixin.py:149} INFO - [2026-09-14T00:05:32.002+0000] {dagbag.py:541} INFO - Filling up the DagBag from /opt/airflow/dags/1_dag_flujo.py
[2026-09-14T00:05:33.279+0000] {processor.py:809} INFO - DAG(s) dict_keys(['penguins_pipeline']) retrieved from /opt/airflow/dags/1_dag_flujo.py
[2026-09-14T00:05:33.327+0000] {logging_mixin.py:149} INFO - [2026-09-14T00:05:33.326+0000] {dag.py:2726} INFO - Sync 1 DAGs
[2026-09-14T00:05:33.368+0000] {logging_mixin.py:149} INFO - [2026-09-14T00:05:33.367+0000] {dag.py:3490} INFO - Setting next_dagrun for penguins_pipeline to None, run_after=None
[2026-09-14T00:05:33.432+0000] {processor.py:178} INFO - Processing /opt/airflow/dags/1_dag_flujo.py took 1.450 seconds
[2026-09-14T00:06:03.741+0000] {processor.py:156} INFO - Started process (PID=4026) to work on /opt/airflow/dags/1_dag_flujo.py
[2026-09-14T00:06:03.745+0000] {processor.py:799} INFO - Processing file /opt/airflow/dags/1_dag_flujo.py for tasks to queue
[2026-09-14T00:06:03.748+0000] {logging_mixin.py:149} INFO - [2026-09-14T00:06:03.747+0000] {dagbag.py:541} INFO - Filling up the DagBag from /opt/airflow/dags/1_dag_flujo.py
[2026-09-14T00:06:05.082+0000] {processor.py:809} INFO - DAG(s) dict_keys(['penguins_pipeline']) retrieved from /opt/airflow/dags/1_dag_flujo.py
[2026-09-14T00:06:05.172+0000] {logging_mixin.py:149} INFO - [2026-09-14T00:06:05.170+0000] {dag.py:2726} INFO - Sync 1 DAGs
[2026-09-14T00:06:05.259+0000] {logging_mixin.py:149} INFO - [2026-09-14T00:06:05.259+0000] {dag.py:3490} INFO - Setting next_dagrun for penguins_pipeline to None, run_after=None
[2026-09-14T00:06:05.350+0000] {processor.py:178} INFO - Processing /opt/airflow/dags/1_dag_flujo.py took 1.620 seconds
[2026-09-14T00:06:35.543+0000] {processor.py:156} INFO - Started process (PID=4038) to work on /opt/airflow/dags/1_dag_flujo.py
[2026-09-14T00:06:35.548+0000] {processor.py:799} INFO - Processing file /opt/airflow/dags/1_dag_flujo.py for tasks to queue
[2026-09-14T00:06:35.553+0000] {logging_mixin.py:149} INFO - [2026-09-14T00:06:35.552+0000] {dagbag.py:541} INFO - Filling up the DagBag from /opt/airflow/dags/1_dag_flujo.py
[2026-09-14T00:06:36.737+0000] {processor.py:809} INFO - DAG(s) dict_keys(['penguins_pipeline']) retrieved from /opt/airflow/dags/1_dag_flujo.py
[2026-09-14T00:06:36.810+0000] {logging_mixin.py:149} INFO - [2026-09-14T00:06:36.809+0000] {dag.py:2726} INFO - Sync 1 DAGs
[2026-09-14T00:06:36.889+0000] {logging_mixin.py:149} INFO - [2026-09-14T00:06:36.889+0000] {dag.py:3490} INFO - Setting next_dagrun for penguins_pipeline to None, run_after=None
[2026-09-14T00:06:36.952+0000] {processor.py:178} INFO - Processing /opt/airflow/dags/1_dag_flujo.py took 1.420 seconds
[2026-09-14T00:07:07.351+0000] {processor.py:156} INFO - Started process (PID=4050) to work on /opt/airflow/dags/1_dag_flujo.py
[2026-09-14T00:07:07.360+0000] {processor.py:799} INFO - Processing file /opt/airflow/dags/1_dag_flujo.py for tasks to queue
[2026-09-14T00:07:07.362+0000] {logging_mixin.py:149} INFO - [2026-09-14T00:07:07.362+0000] {dagbag.py:541} INFO - Filling up the DagBag from /opt/airflow/dags/1_dag_flujo.py
[2026-09-14T00:07:08.555+0000] {processor.py:809} INFO - DAG(s) dict_keys(['penguins_pipeline']) retrieved from /opt/airflow/dags/1_dag_flujo.py
[2026-09-14T00:07:08.623+0000] {logging_mixin.py:149} INFO - [2026-09-14T00:07:08.622+0000] {dag.py:2726} INFO - Sync 1 DAGs
[2026-09-14T00:07:08.683+0000] {logging_mixin.py:149} INFO - [2026-09-14T00:07:08.682+0000] {dag.py:3490} INFO - Setting next_dagrun for penguins_pipeline to None, run_after=None
[2026-09-14T00:07:08.737+0000] {processor.py:178} INFO - Processing /opt/airflow/dags/1_dag_flujo.py took 1.401 seconds
[2026-09-14T00:07:39.067+0000] {processor.py:156} INFO - Started process (PID=4069) to work on /opt/airflow/dags/1_dag_flujo.py
[2026-09-14T00:07:39.071+0000] {processor.py:799} INFO - Processing file /opt/airflow/dags/1_dag_flujo.py for tasks to queue
[2026-09-14T00:07:39.073+0000] {logging_mixin.py:149} INFO - [2026-09-14T00:07:39.073+0000] {dagbag.py:541} INFO - Filling up the DagBag from /opt/airflow/dags/1_dag_flujo.py
[2026-09-14T00:07:40.221+0000] {processor.py:809} INFO - DAG(s) dict_keys(['penguins_pipeline']) retrieved from /opt/airflow/dags/1_dag_flujo.py
[2026-09-14T00:07:40.291+0000] {logging_mixin.py:149} INFO - [2026-09-14T00:07:40.290+0000] {dag.py:2726} INFO - Sync 1 DAGs
[2026-09-14T00:07:40.354+0000] {logging_mixin.py:149} INFO - [2026-09-14T00:07:40.353+0000] {dag.py:3490} INFO - Setting next_dagrun for penguins_pipeline to None, run_after=None
[2026-09-14T00:07:40.412+0000] {processor.py:178} INFO - Processing /opt/airflow/dags/1_dag_flujo.py took 1.358 seconds
[2026-09-14T00:08:10.716+0000] {processor.py:156} INFO - Started process (PID=4080) to work on /opt/airflow/dags/1_dag_flujo.py
[2026-09-14T00:08:10.719+0000] {processor.py:799} INFO - Processing file /opt/airflow/dags/1_dag_flujo.py for tasks to queue
[2026-09-14T00:08:10.721+0000] {logging_mixin.py:149} INFO - [2026-09-14T00:08:10.721+0000] {dagbag.py:541} INFO - Filling up the DagBag from /opt/airflow/dags/1_dag_flujo.py
[2026-09-14T00:08:11.914+0000] {processor.py:809} INFO - DAG(s) dict_keys(['penguins_pipeline']) retrieved from /opt/airflow/dags/1_dag_flujo.py
[2026-09-14T00:08:12.022+0000] {logging_mixin.py:149} INFO - [2026-09-14T00:08:12.020+0000] {dag.py:2726} INFO - Sync 1 DAGs
[2026-09-14T00:08:12.061+0000] {logging_mixin.py:149} INFO - [2026-09-14T00:08:12.061+0000] {dag.py:3490} INFO - Setting next_dagrun for penguins_pipeline to None, run_after=None
[2026-09-14T00:08:12.091+0000] {processor.py:178} INFO - Processing /opt/airflow/dags/1_dag_flujo.py took 1.386 seconds
[2026-09-14T00:08:42.405+0000] {processor.py:156} INFO - Started process (PID=4091) to work on /opt/airflow/dags/1_dag_flujo.py
[2026-09-14T00:08:42.408+0000] {processor.py:799} INFO - Processing file /opt/airflow/dags/1_dag_flujo.py for tasks to queue
[2026-09-14T00:08:42.409+0000] {logging_mixin.py:149} INFO - [2026-09-14T00:08:42.409+0000] {dagbag.py:541} INFO - Filling up the DagBag from /opt/airflow/dags/1_dag_flujo.py
[2026-09-14T00:08:43.513+0000] {processor.py:809} INFO - DAG(s) dict_keys(['penguins_pipeline']) retrieved from /opt/airflow/dags/1_dag_flujo.py
[2026-09-14T00:08:43.573+0000] {logging_mixin.py:149} INFO - [2026-09-14T00:08:43.572+0000] {dag.py:2726} INFO - Sync 1 DAGs
[2026-09-14T00:08:43.617+0000] {logging_mixin.py:149} INFO - [2026-09-14T00:08:43.617+0000] {dag.py:3490} INFO - Setting next_dagrun for penguins_pipeline to None, run_after=None
[2026-09-14T00:08:43.645+0000] {processor.py:178} INFO - Processing /opt/airflow/dags/1_dag_flujo.py took 1.247 seconds
[2026-09-14T00:09:13.996+0000] {processor.py:156} INFO - Started process (PID=4104) to work on /opt/airflow/dags/1_dag_flujo.py
[2026-09-14T00:09:14.000+0000] {processor.py:799} INFO - Processing file /opt/airflow/dags/1_dag_flujo.py for tasks to queue
[2026-09-14T00:09:14.001+0000] {logging_mixin.py:149} INFO - [2026-09-14T00:09:14.001+0000] {dagbag.py:541} INFO - Filling up the DagBag from /opt/airflow/dags/1_dag_flujo.py
[2026-09-14T00:09:15.235+0000] {processor.py:809} INFO - DAG(s) dict_keys(['penguins_pipeline']) retrieved from /opt/airflow/dags/1_dag_flujo.py
[2026-09-14T00:09:15.295+0000] {logging_mixin.py:149} INFO - [2026-09-14T00:09:15.294+0000] {dag.py:2726} INFO - Sync 1 DAGs
[2026-09-14T00:09:15.368+0000] {logging_mixin.py:149} INFO - [2026-09-14T00:09:15.367+0000] {dag.py:3490} INFO - Setting next_dagrun for penguins_pipeline to None, run_after=None
[2026-09-14T00:09:15.480+0000] {processor.py:178} INFO - Processing /opt/airflow/dags/1_dag_flujo.py took 1.490 seconds
[2026-09-14T00:09:45.785+0000] {processor.py:156} INFO - Started process (PID=4116) to work on /opt/airflow/dags/1_dag_flujo.py
[2026-09-14T00:09:45.789+0000] {processor.py:799} INFO - Processing file /opt/airflow/dags/1_dag_flujo.py for tasks to queue
[2026-09-14T00:09:45.792+0000] {logging_mixin.py:149} INFO - [2026-09-14T00:09:45.791+0000] {dagbag.py:541} INFO - Filling up the DagBag from /opt/airflow/dags/1_dag_flujo.py
[2026-09-14T00:09:46.892+0000] {processor.py:809} INFO - DAG(s) dict_keys(['penguins_pipeline']) retrieved from /opt/airflow/dags/1_dag_flujo.py
[2026-09-14T00:09:46.926+0000] {logging_mixin.py:149} INFO - [2026-09-14T00:09:46.925+0000] {dag.py:2726} INFO - Sync 1 DAGs
[2026-09-14T00:09:46.953+0000] {logging_mixin.py:149} INFO - [2026-09-14T00:09:46.953+0000] {dag.py:3490} INFO - Setting next_dagrun for penguins_pipeline to None, run_after=None
[2026-09-14T00:09:46.984+0000] {processor.py:178} INFO - Processing /opt/airflow/dags/1_dag_flujo.py took 1.211 seconds
[2026-09-14T00:10:17.265+0000] {processor.py:156} INFO - Started process (PID=4128) to work on /opt/airflow/dags/1_dag_flujo.py
[2026-09-14T00:10:17.272+0000] {processor.py:799} INFO - Processing file /opt/airflow/dags/1_dag_flujo.py for tasks to queue
[2026-09-14T00:10:17.274+0000] {logging_mixin.py:149} INFO - [2026-09-14T00:10:17.274+0000] {dagbag.py:541} INFO - Filling up the DagBag from /opt/airflow/dags/1_dag_flujo.py
[2026-09-14T00:10:18.418+0000] {processor.py:809} INFO - DAG(s) dict_keys(['penguins_pipeline']) retrieved from /opt/airflow/dags/1_dag_flujo.py
[2026-09-14T00:10:18.480+0000] {logging_mixin.py:149} INFO - [2026-09-14T00:10:18.479+0000] {dag.py:2726} INFO - Sync 1 DAGs
[2026-09-14T00:10:18.559+0000] {logging_mixin.py:149} INFO - [2026-09-14T00:10:18.559+0000] {dag.py:3490} INFO - Setting next_dagrun for penguins_pipeline to None, run_after=None
[2026-09-14T00:10:18.599+0000] {processor.py:178} INFO - Processing /opt/airflow/dags/1_dag_flujo.py took 1.344 seconds
[2026-09-14T00:10:48.910+0000] {processor.py:156} INFO - Started process (PID=4140) to work on /opt/airflow/dags/1_dag_flujo.py
[2026-09-14T00:10:48.918+0000] {processor.py:799} INFO - Processing file /opt/airflow/dags/1_dag_flujo.py for tasks to queue
[2026-09-14T00:10:48.919+0000] {logging_mixin.py:149} INFO - [2026-09-14T00:10:48.918+0000] {dagbag.py:541} INFO - Filling up the DagBag from /opt/airflow/dags/1_dag_flujo.py
[2026-09-14T00:10:50.049+0000] {processor.py:809} INFO - DAG(s) dict_keys(['penguins_pipeline']) retrieved from /opt/airflow/dags/1_dag_flujo.py
[2026-09-14T00:10:50.104+0000] {logging_mixin.py:149} INFO - [2026-09-14T00:10:50.103+0000] {dag.py:2726} INFO - Sync 1 DAGs
[2026-09-14T00:10:50.152+0000] {logging_mixin.py:149} INFO - [2026-09-14T00:10:50.152+0000] {dag.py:3490} INFO - Setting next_dagrun for penguins_pipeline to None, run_after=None
[2026-09-14T00:10:50.199+0000] {processor.py:178} INFO - Processing /opt/airflow/dags/1_dag_flujo.py took 1.300 seconds
[2026-09-14T00:11:20.495+0000] {processor.py:156} INFO - Started process (PID=4152) to work on /opt/airflow/dags/1_dag_flujo.py
[2026-09-14T00:11:20.498+0000] {processor.py:799} INFO - Processing file /opt/airflow/dags/1_dag_flujo.py for tasks to queue
[2026-09-14T00:11:20.500+0000] {logging_mixin.py:149} INFO - [2026-09-14T00:11:20.499+0000] {dagbag.py:541} INFO - Filling up the DagBag from /opt/airflow/dags/1_dag_flujo.py
[2026-09-14T00:11:21.888+0000] {processor.py:809} INFO - DAG(s) dict_keys(['penguins_pipeline']) retrieved from /opt/airflow/dags/1_dag_flujo.py
[2026-09-14T00:11:21.940+0000] {logging_mixin.py:149} INFO - [2026-09-14T00:11:21.939+0000] {dag.py:2726} INFO - Sync 1 DAGs
[2026-09-14T00:11:21.981+0000] {logging_mixin.py:149} INFO - [2026-09-14T00:11:21.981+0000] {dag.py:3490} INFO - Setting next_dagrun for penguins_pipeline to None, run_after=None
[2026-09-14T00:11:22.054+0000] {processor.py:178} INFO - Processing /opt/airflow/dags/1_dag_flujo.py took 1.570 seconds
[2026-09-14T00:11:52.399+0000] {processor.py:156} INFO - Started process (PID=4163) to work on /opt/airflow/dags/1_dag_flujo.py
[2026-09-14T00:11:52.405+0000] {processor.py:799} INFO - Processing file /opt/airflow/dags/1_dag_flujo.py for tasks to queue
[2026-09-14T00:11:52.412+0000] {logging_mixin.py:149} INFO - [2026-09-14T00:11:52.411+0000] {dagbag.py:541} INFO - Filling up the DagBag from /opt/airflow/dags/1_dag_flujo.py
[2026-09-14T00:11:53.610+0000] {processor.py:809} INFO - DAG(s) dict_keys(['penguins_pipeline']) retrieved from /opt/airflow/dags/1_dag_flujo.py
[2026-09-14T00:11:53.670+0000] {logging_mixin.py:149} INFO - [2026-09-14T00:11:53.669+0000] {dag.py:2726} INFO - Sync 1 DAGs
[2026-09-14T00:11:53.754+0000] {logging_mixin.py:149} INFO - [2026-09-14T00:11:53.753+0000] {dag.py:3490} INFO - Setting next_dagrun for penguins_pipeline to None, run_after=None
[2026-09-14T00:11:53.834+0000] {processor.py:178} INFO - Processing /opt/airflow/dags/1_dag_flujo.py took 1.450 seconds
[2026-09-14T00:12:24.028+0000] {processor.py:156} INFO - Started process (PID=4175) to work on /opt/airflow/dags/1_dag_flujo.py
[2026-09-14T00:12:24.034+0000] {processor.py:799} INFO - Processing file /opt/airflow/dags/1_dag_flujo.py for tasks to queue
[2026-09-14T00:12:24.037+0000] {logging_mixin.py:149} INFO - [2026-09-14T00:12:24.036+0000] {dagbag.py:541} INFO - Filling up the DagBag from /opt/airflow/dags/1_dag_flujo.py
[2026-09-14T00:12:25.240+0000] {processor.py:809} INFO - DAG(s) dict_keys(['penguins_pipeline']) retrieved from /opt/airflow/dags/1_dag_flujo.py
[2026-09-14T00:12:25.313+0000] {logging_mixin.py:149} INFO - [2026-09-14T00:12:25.312+0000] {dag.py:2726} INFO - Sync 1 DAGs
[2026-09-14T00:12:25.357+0000] {logging_mixin.py:149} INFO - [2026-09-14T00:12:25.356+0000] {dag.py:3490} INFO - Setting next_dagrun for penguins_pipeline to None, run_after=None
[2026-09-14T00:12:25.383+0000] {processor.py:178} INFO - Processing /opt/airflow/dags/1_dag_flujo.py took 1.368 seconds
[2026-09-14T00:12:55.704+0000] {processor.py:156} INFO - Started process (PID=4186) to work on /opt/airflow/dags/1_dag_flujo.py
[2026-09-14T00:12:55.718+0000] {processor.py:799} INFO - Processing file /opt/airflow/dags/1_dag_flujo.py for tasks to queue
[2026-09-14T00:12:55.720+0000] {logging_mixin.py:149} INFO - [2026-09-14T00:12:55.719+0000] {dagbag.py:541} INFO - Filling up the DagBag from /opt/airflow/dags/1_dag_flujo.py
[2026-09-14T00:12:57.028+0000] {processor.py:809} INFO - DAG(s) dict_keys(['penguins_pipeline']) retrieved from /opt/airflow/dags/1_dag_flujo.py
[2026-09-14T00:12:57.085+0000] {logging_mixin.py:149} INFO - [2026-09-14T00:12:57.084+0000] {dag.py:2726} INFO - Sync 1 DAGs
[2026-09-14T00:12:57.161+0000] {logging_mixin.py:149} INFO - [2026-09-14T00:12:57.161+0000] {dag.py:3490} INFO - Setting next_dagrun for penguins_pipeline to None, run_after=None
[2026-09-14T00:12:57.244+0000] {processor.py:178} INFO - Processing /opt/airflow/dags/1_dag_flujo.py took 1.549 seconds
[2026-09-14T00:13:27.547+0000] {processor.py:156} INFO - Started process (PID=4198) to work on /opt/airflow/dags/1_dag_flujo.py
[2026-09-14T00:13:27.555+0000] {processor.py:799} INFO - Processing file /opt/airflow/dags/1_dag_flujo.py for tasks to queue
[2026-09-14T00:13:27.560+0000] {logging_mixin.py:149} INFO - [2026-09-14T00:13:27.559+0000] {dagbag.py:541} INFO - Filling up the DagBag from /opt/airflow/dags/1_dag_flujo.py
[2026-09-14T00:13:28.817+0000] {processor.py:809} INFO - DAG(s) dict_keys(['penguins_pipeline']) retrieved from /opt/airflow/dags/1_dag_flujo.py
[2026-09-14T00:13:28.885+0000] {logging_mixin.py:149} INFO - [2026-09-14T00:13:28.884+0000] {dag.py:2726} INFO - Sync 1 DAGs
[2026-09-14T00:13:28.947+0000] {logging_mixin.py:149} INFO - [2026-09-14T00:13:28.946+0000] {dag.py:3490} INFO - Setting next_dagrun for penguins_pipeline to None, run_after=None
[2026-09-14T00:13:29.004+0000] {processor.py:178} INFO - Processing /opt/airflow/dags/1_dag_flujo.py took 1.468 seconds
[2026-09-14T00:13:59.225+0000] {processor.py:156} INFO - Started process (PID=4210) to work on /opt/airflow/dags/1_dag_flujo.py
[2026-09-14T00:13:59.230+0000] {processor.py:799} INFO - Processing file /opt/airflow/dags/1_dag_flujo.py for tasks to queue
[2026-09-14T00:13:59.232+0000] {logging_mixin.py:149} INFO - [2026-09-14T00:13:59.232+0000] {dagbag.py:541} INFO - Filling up the DagBag from /opt/airflow/dags/1_dag_flujo.py
[2026-09-14T00:14:00.365+0000] {processor.py:809} INFO - DAG(s) dict_keys(['penguins_pipeline']) retrieved from /opt/airflow/dags/1_dag_flujo.py
[2026-09-14T00:14:00.465+0000] {logging_mixin.py:149} INFO - [2026-09-14T00:14:00.464+0000] {dag.py:2726} INFO - Sync 1 DAGs
[2026-09-14T00:14:00.536+0000] {logging_mixin.py:149} INFO - [2026-09-14T00:14:00.536+0000] {dag.py:3490} INFO - Setting next_dagrun for penguins_pipeline to None, run_after=None
[2026-09-14T00:14:00.589+0000] {processor.py:178} INFO - Processing /opt/airflow/dags/1_dag_flujo.py took 1.374 seconds
[2026-09-14T00:14:30.874+0000] {processor.py:156} INFO - Started process (PID=4222) to work on /opt/airflow/dags/1_dag_flujo.py
[2026-09-14T00:14:30.879+0000] {processor.py:799} INFO - Processing file /opt/airflow/dags/1_dag_flujo.py for tasks to queue
[2026-09-14T00:14:30.881+0000] {logging_mixin.py:149} INFO - [2026-09-14T00:14:30.880+0000] {dagbag.py:541} INFO - Filling up the DagBag from /opt/airflow/dags/1_dag_flujo.py
[2026-09-14T00:14:32.052+0000] {processor.py:809} INFO - DAG(s) dict_keys(['penguins_pipeline']) retrieved from /opt/airflow/dags/1_dag_flujo.py
[2026-09-14T00:14:32.127+0000] {logging_mixin.py:149} INFO - [2026-09-14T00:14:32.126+0000] {dag.py:2726} INFO - Sync 1 DAGs
[2026-09-14T00:14:32.175+0000] {logging_mixin.py:149} INFO - [2026-09-14T00:14:32.175+0000] {dag.py:3490} INFO - Setting next_dagrun for penguins_pipeline to None, run_after=None
[2026-09-14T00:14:32.207+0000] {processor.py:178} INFO - Processing /opt/airflow/dags/1_dag_flujo.py took 1.339 seconds
[2026-09-14T00:15:02.531+0000] {processor.py:156} INFO - Started process (PID=4234) to work on /opt/airflow/dags/1_dag_flujo.py
[2026-09-14T00:15:02.536+0000] {processor.py:799} INFO - Processing file /opt/airflow/dags/1_dag_flujo.py for tasks to queue
[2026-09-14T00:15:02.538+0000] {logging_mixin.py:149} INFO - [2026-09-14T00:15:02.537+0000] {dagbag.py:541} INFO - Filling up the DagBag from /opt/airflow/dags/1_dag_flujo.py
[2026-09-14T00:15:03.816+0000] {processor.py:809} INFO - DAG(s) dict_keys(['penguins_pipeline']) retrieved from /opt/airflow/dags/1_dag_flujo.py
[2026-09-14T00:15:03.860+0000] {logging_mixin.py:149} INFO - [2026-09-14T00:15:03.859+0000] {dag.py:2726} INFO - Sync 1 DAGs
[2026-09-14T00:15:03.919+0000] {logging_mixin.py:149} INFO - [2026-09-14T00:15:03.918+0000] {dag.py:3490} INFO - Setting next_dagrun for penguins_pipeline to None, run_after=None
[2026-09-14T00:15:04.023+0000] {processor.py:178} INFO - Processing /opt/airflow/dags/1_dag_flujo.py took 1.502 seconds
[2026-09-14T00:15:34.380+0000] {processor.py:156} INFO - Started process (PID=4246) to work on /opt/airflow/dags/1_dag_flujo.py
[2026-09-14T00:15:34.385+0000] {processor.py:799} INFO - Processing file /opt/airflow/dags/1_dag_flujo.py for tasks to queue
[2026-09-14T00:15:34.387+0000] {logging_mixin.py:149} INFO - [2026-09-14T00:15:34.387+0000] {dagbag.py:541} INFO - Filling up the DagBag from /opt/airflow/dags/1_dag_flujo.py
[2026-09-14T00:15:35.492+0000] {processor.py:809} INFO - DAG(s) dict_keys(['penguins_pipeline']) retrieved from /opt/airflow/dags/1_dag_flujo.py
[2026-09-14T00:15:35.536+0000] {logging_mixin.py:149} INFO - [2026-09-14T00:15:35.535+0000] {dag.py:2726} INFO - Sync 1 DAGs
[2026-09-14T00:15:35.629+0000] {logging_mixin.py:149} INFO - [2026-09-14T00:15:35.629+0000] {dag.py:3490} INFO - Setting next_dagrun for penguins_pipeline to None, run_after=None
[2026-09-14T00:15:35.704+0000] {processor.py:178} INFO - Processing /opt/airflow/dags/1_dag_flujo.py took 1.337 seconds
[2026-09-14T00:16:06.070+0000] {processor.py:156} INFO - Started process (PID=4259) to work on /opt/airflow/dags/1_dag_flujo.py
[2026-09-14T00:16:06.076+0000] {processor.py:799} INFO - Processing file /opt/airflow/dags/1_dag_flujo.py for tasks to queue
[2026-09-14T00:16:06.079+0000] {logging_mixin.py:149} INFO - [2026-09-14T00:16:06.078+0000] {dagbag.py:541} INFO - Filling up the DagBag from /opt/airflow/dags/1_dag_flujo.py
[2026-09-14T00:16:07.339+0000] {processor.py:809} INFO - DAG(s) dict_keys(['penguins_pipeline']) retrieved from /opt/airflow/dags/1_dag_flujo.py
[2026-09-14T00:16:07.403+0000] {logging_mixin.py:149} INFO - [2026-09-14T00:16:07.402+0000] {dag.py:2726} INFO - Sync 1 DAGs
[2026-09-14T00:16:07.461+0000] {logging_mixin.py:149} INFO - [2026-09-14T00:16:07.461+0000] {dag.py:3490} INFO - Setting next_dagrun for penguins_pipeline to None, run_after=None
[2026-09-14T00:16:07.519+0000] {processor.py:178} INFO - Processing /opt/airflow/dags/1_dag_flujo.py took 1.458 seconds
[2026-09-14T00:16:37.823+0000] {processor.py:156} INFO - Started process (PID=4271) to work on /opt/airflow/dags/1_dag_flujo.py
[2026-09-14T00:16:37.828+0000] {processor.py:799} INFO - Processing file /opt/airflow/dags/1_dag_flujo.py for tasks to queue
[2026-09-14T00:16:37.830+0000] {logging_mixin.py:149} INFO - [2026-09-14T00:16:37.830+0000] {dagbag.py:541} INFO - Filling up the DagBag from /opt/airflow/dags/1_dag_flujo.py
[2026-09-14T00:16:39.142+0000] {processor.py:809} INFO - DAG(s) dict_keys(['penguins_pipeline']) retrieved from /opt/airflow/dags/1_dag_flujo.py
[2026-09-14T00:16:39.222+0000] {logging_mixin.py:149} INFO - [2026-09-14T00:16:39.221+0000] {dag.py:2726} INFO - Sync 1 DAGs
[2026-09-14T00:16:39.296+0000] {logging_mixin.py:149} INFO - [2026-09-14T00:16:39.295+0000] {dag.py:3490} INFO - Setting next_dagrun for penguins_pipeline to None, run_after=None
[2026-09-14T00:16:39.362+0000] {processor.py:178} INFO - Processing /opt/airflow/dags/1_dag_flujo.py took 1.550 seconds
[2026-09-14T00:17:09.682+0000] {processor.py:156} INFO - Started process (PID=4284) to work on /opt/airflow/dags/1_dag_flujo.py
[2026-09-14T00:17:09.688+0000] {processor.py:799} INFO - Processing file /opt/airflow/dags/1_dag_flujo.py for tasks to queue
[2026-09-14T00:17:09.690+0000] {logging_mixin.py:149} INFO - [2026-09-14T00:17:09.689+0000] {dagbag.py:541} INFO - Filling up the DagBag from /opt/airflow/dags/1_dag_flujo.py
[2026-09-14T00:17:10.907+0000] {processor.py:809} INFO - DAG(s) dict_keys(['penguins_pipeline']) retrieved from /opt/airflow/dags/1_dag_flujo.py
[2026-09-14T00:17:11.002+0000] {logging_mixin.py:149} INFO - [2026-09-14T00:17:11.000+0000] {dag.py:2726} INFO - Sync 1 DAGs
[2026-09-14T00:17:11.057+0000] {logging_mixin.py:149} INFO - [2026-09-14T00:17:11.056+0000] {dag.py:3490} INFO - Setting next_dagrun for penguins_pipeline to None, run_after=None
[2026-09-14T00:17:11.094+0000] {processor.py:178} INFO - Processing /opt/airflow/dags/1_dag_flujo.py took 1.423 seconds
[2026-09-14T00:17:41.440+0000] {processor.py:156} INFO - Started process (PID=4296) to work on /opt/airflow/dags/1_dag_flujo.py
[2026-09-14T00:17:41.450+0000] {processor.py:799} INFO - Processing file /opt/airflow/dags/1_dag_flujo.py for tasks to queue
[2026-09-14T00:17:41.453+0000] {logging_mixin.py:149} INFO - [2026-09-14T00:17:41.452+0000] {dagbag.py:541} INFO - Filling up the DagBag from /opt/airflow/dags/1_dag_flujo.py
[2026-09-14T00:17:42.607+0000] {processor.py:809} INFO - DAG(s) dict_keys(['penguins_pipeline']) retrieved from /opt/airflow/dags/1_dag_flujo.py
[2026-09-14T00:17:42.673+0000] {logging_mixin.py:149} INFO - [2026-09-14T00:17:42.672+0000] {dag.py:2726} INFO - Sync 1 DAGs
[2026-09-14T00:17:42.731+0000] {logging_mixin.py:149} INFO - [2026-09-14T00:17:42.730+0000] {dag.py:3490} INFO - Setting next_dagrun for penguins_pipeline to None, run_after=None
[2026-09-14T00:17:42.803+0000] {processor.py:178} INFO - Processing /opt/airflow/dags/1_dag_flujo.py took 1.377 seconds
[2026-09-14T00:18:13.099+0000] {processor.py:156} INFO - Started process (PID=4316) to work on /opt/airflow/dags/1_dag_flujo.py
[2026-09-14T00:18:13.104+0000] {processor.py:799} INFO - Processing file /opt/airflow/dags/1_dag_flujo.py for tasks to queue
[2026-09-14T00:18:13.107+0000] {logging_mixin.py:149} INFO - [2026-09-14T00:18:13.106+0000] {dagbag.py:541} INFO - Filling up the DagBag from /opt/airflow/dags/1_dag_flujo.py
[2026-09-14T00:18:14.458+0000] {processor.py:809} INFO - DAG(s) dict_keys(['penguins_pipeline']) retrieved from /opt/airflow/dags/1_dag_flujo.py
[2026-09-14T00:18:14.511+0000] {logging_mixin.py:149} INFO - [2026-09-14T00:18:14.510+0000] {dag.py:2726} INFO - Sync 1 DAGs
[2026-09-14T00:18:14.569+0000] {logging_mixin.py:149} INFO - [2026-09-14T00:18:14.568+0000] {dag.py:3490} INFO - Setting next_dagrun for penguins_pipeline to None, run_after=None
[2026-09-14T00:18:14.618+0000] {processor.py:178} INFO - Processing /opt/airflow/dags/1_dag_flujo.py took 1.533 seconds
[2026-09-14T00:18:44.941+0000] {processor.py:156} INFO - Started process (PID=4328) to work on /opt/airflow/dags/1_dag_flujo.py
[2026-09-14T00:18:44.945+0000] {processor.py:799} INFO - Processing file /opt/airflow/dags/1_dag_flujo.py for tasks to queue
[2026-09-14T00:18:44.947+0000] {logging_mixin.py:149} INFO - [2026-09-14T00:18:44.947+0000] {dagbag.py:541} INFO - Filling up the DagBag from /opt/airflow/dags/1_dag_flujo.py
[2026-09-14T00:18:46.333+0000] {processor.py:809} INFO - DAG(s) dict_keys(['penguins_pipeline']) retrieved from /opt/airflow/dags/1_dag_flujo.py
[2026-09-14T00:18:46.386+0000] {logging_mixin.py:149} INFO - [2026-09-14T00:18:46.385+0000] {dag.py:2726} INFO - Sync 1 DAGs
[2026-09-14T00:18:46.436+0000] {logging_mixin.py:149} INFO - [2026-09-14T00:18:46.436+0000] {dag.py:3490} INFO - Setting next_dagrun for penguins_pipeline to None, run_after=None
[2026-09-14T00:18:46.499+0000] {processor.py:178} INFO - Processing /opt/airflow/dags/1_dag_flujo.py took 1.569 seconds
[2026-09-14T00:19:16.814+0000] {processor.py:156} INFO - Started process (PID=4340) to work on /opt/airflow/dags/1_dag_flujo.py
[2026-09-14T00:19:16.819+0000] {processor.py:799} INFO - Processing file /opt/airflow/dags/1_dag_flujo.py for tasks to queue
[2026-09-14T00:19:16.821+0000] {logging_mixin.py:149} INFO - [2026-09-14T00:19:16.821+0000] {dagbag.py:541} INFO - Filling up the DagBag from /opt/airflow/dags/1_dag_flujo.py
[2026-09-14T00:19:18.224+0000] {processor.py:809} INFO - DAG(s) dict_keys(['penguins_pipeline']) retrieved from /opt/airflow/dags/1_dag_flujo.py
[2026-09-14T00:19:18.282+0000] {logging_mixin.py:149} INFO - [2026-09-14T00:19:18.281+0000] {dag.py:2726} INFO - Sync 1 DAGs
[2026-09-14T00:19:18.342+0000] {logging_mixin.py:149} INFO - [2026-09-14T00:19:18.341+0000] {dag.py:3490} INFO - Setting next_dagrun for penguins_pipeline to None, run_after=None
[2026-09-14T00:19:18.413+0000] {processor.py:178} INFO - Processing /opt/airflow/dags/1_dag_flujo.py took 1.610 seconds
[2026-09-14T00:19:48.738+0000] {processor.py:156} INFO - Started process (PID=4351) to work on /opt/airflow/dags/1_dag_flujo.py
[2026-09-14T00:19:48.745+0000] {processor.py:799} INFO - Processing file /opt/airflow/dags/1_dag_flujo.py for tasks to queue
[2026-09-14T00:19:48.759+0000] {logging_mixin.py:149} INFO - [2026-09-14T00:19:48.750+0000] {dagbag.py:541} INFO - Filling up the DagBag from /opt/airflow/dags/1_dag_flujo.py
[2026-09-14T00:19:49.889+0000] {processor.py:809} INFO - DAG(s) dict_keys(['penguins_pipeline']) retrieved from /opt/airflow/dags/1_dag_flujo.py
[2026-09-14T00:19:49.946+0000] {logging_mixin.py:149} INFO - [2026-09-14T00:19:49.945+0000] {dag.py:2726} INFO - Sync 1 DAGs
[2026-09-14T00:19:50.005+0000] {logging_mixin.py:149} INFO - [2026-09-14T00:19:50.004+0000] {dag.py:3490} INFO - Setting next_dagrun for penguins_pipeline to None, run_after=None
[2026-09-14T00:19:50.054+0000] {processor.py:178} INFO - Processing /opt/airflow/dags/1_dag_flujo.py took 1.328 seconds
[2026-09-14T00:20:20.377+0000] {processor.py:156} INFO - Started process (PID=4362) to work on /opt/airflow/dags/1_dag_flujo.py
[2026-09-14T00:20:20.381+0000] {processor.py:799} INFO - Processing file /opt/airflow/dags/1_dag_flujo.py for tasks to queue
[2026-09-14T00:20:20.382+0000] {logging_mixin.py:149} INFO - [2026-09-14T00:20:20.382+0000] {dagbag.py:541} INFO - Filling up the DagBag from /opt/airflow/dags/1_dag_flujo.py
[2026-09-14T00:20:21.647+0000] {processor.py:809} INFO - DAG(s) dict_keys(['penguins_pipeline']) retrieved from /opt/airflow/dags/1_dag_flujo.py
[2026-09-14T00:20:21.755+0000] {logging_mixin.py:149} INFO - [2026-09-14T00:20:21.754+0000] {dag.py:2726} INFO - Sync 1 DAGs
[2026-09-14T00:20:21.842+0000] {logging_mixin.py:149} INFO - [2026-09-14T00:20:21.841+0000] {dag.py:3490} INFO - Setting next_dagrun for penguins_pipeline to None, run_after=None
[2026-09-14T00:20:21.903+0000] {processor.py:178} INFO - Processing /opt/airflow/dags/1_dag_flujo.py took 1.534 seconds
[2026-09-14T00:20:52.232+0000] {processor.py:156} INFO - Started process (PID=4374) to work on /opt/airflow/dags/1_dag_flujo.py
[2026-09-14T00:20:52.236+0000] {processor.py:799} INFO - Processing file /opt/airflow/dags/1_dag_flujo.py for tasks to queue
[2026-09-14T00:20:52.238+0000] {logging_mixin.py:149} INFO - [2026-09-14T00:20:52.238+0000] {dagbag.py:541} INFO - Filling up the DagBag from /opt/airflow/dags/1_dag_flujo.py
[2026-09-14T00:20:53.566+0000] {processor.py:809} INFO - DAG(s) dict_keys(['penguins_pipeline']) retrieved from /opt/airflow/dags/1_dag_flujo.py
[2026-09-14T00:20:53.628+0000] {logging_mixin.py:149} INFO - [2026-09-14T00:20:53.626+0000] {dag.py:2726} INFO - Sync 1 DAGs
[2026-09-14T00:20:53.684+0000] {logging_mixin.py:149} INFO - [2026-09-14T00:20:53.683+0000] {dag.py:3490} INFO - Setting next_dagrun for penguins_pipeline to None, run_after=None
[2026-09-14T00:20:53.750+0000] {processor.py:178} INFO - Processing /opt/airflow/dags/1_dag_flujo.py took 1.533 seconds
[2026-09-14T00:21:23.928+0000] {processor.py:156} INFO - Started process (PID=4385) to work on /opt/airflow/dags/1_dag_flujo.py
[2026-09-14T00:21:23.931+0000] {processor.py:799} INFO - Processing file /opt/airflow/dags/1_dag_flujo.py for tasks to queue
[2026-09-14T00:21:23.934+0000] {logging_mixin.py:149} INFO - [2026-09-14T00:21:23.933+0000] {dagbag.py:541} INFO - Filling up the DagBag from /opt/airflow/dags/1_dag_flujo.py
[2026-09-14T00:21:25.164+0000] {processor.py:809} INFO - DAG(s) dict_keys(['penguins_pipeline']) retrieved from /opt/airflow/dags/1_dag_flujo.py
[2026-09-14T00:21:25.235+0000] {logging_mixin.py:149} INFO - [2026-09-14T00:21:25.233+0000] {dag.py:2726} INFO - Sync 1 DAGs
[2026-09-14T00:21:25.302+0000] {logging_mixin.py:149} INFO - [2026-09-14T00:21:25.301+0000] {dag.py:3490} INFO - Setting next_dagrun for penguins_pipeline to None, run_after=None
[2026-09-14T00:21:25.367+0000] {processor.py:178} INFO - Processing /opt/airflow/dags/1_dag_flujo.py took 1.454 seconds
[2026-09-14T00:21:55.718+0000] {processor.py:156} INFO - Started process (PID=4397) to work on /opt/airflow/dags/1_dag_flujo.py
[2026-09-14T00:21:55.722+0000] {processor.py:799} INFO - Processing file /opt/airflow/dags/1_dag_flujo.py for tasks to queue
[2026-09-14T00:21:55.725+0000] {logging_mixin.py:149} INFO - [2026-09-14T00:21:55.724+0000] {dagbag.py:541} INFO - Filling up the DagBag from /opt/airflow/dags/1_dag_flujo.py
[2026-09-14T00:21:56.861+0000] {processor.py:809} INFO - DAG(s) dict_keys(['penguins_pipeline']) retrieved from /opt/airflow/dags/1_dag_flujo.py
[2026-09-14T00:21:56.901+0000] {logging_mixin.py:149} INFO - [2026-09-14T00:21:56.900+0000] {dag.py:2726} INFO - Sync 1 DAGs
[2026-09-14T00:21:56.930+0000] {logging_mixin.py:149} INFO - [2026-09-14T00:21:56.930+0000] {dag.py:3490} INFO - Setting next_dagrun for penguins_pipeline to None, run_after=None
[2026-09-14T00:21:56.969+0000] {processor.py:178} INFO - Processing /opt/airflow/dags/1_dag_flujo.py took 1.261 seconds
[2026-09-14T00:22:27.277+0000] {processor.py:156} INFO - Started process (PID=4409) to work on /opt/airflow/dags/1_dag_flujo.py
[2026-09-14T00:22:27.284+0000] {processor.py:799} INFO - Processing file /opt/airflow/dags/1_dag_flujo.py for tasks to queue
[2026-09-14T00:22:27.286+0000] {logging_mixin.py:149} INFO - [2026-09-14T00:22:27.286+0000] {dagbag.py:541} INFO - Filling up the DagBag from /opt/airflow/dags/1_dag_flujo.py
[2026-09-14T00:22:28.518+0000] {processor.py:809} INFO - DAG(s) dict_keys(['penguins_pipeline']) retrieved from /opt/airflow/dags/1_dag_flujo.py
[2026-09-14T00:22:28.567+0000] {logging_mixin.py:149} INFO - [2026-09-14T00:22:28.566+0000] {dag.py:2726} INFO - Sync 1 DAGs
[2026-09-14T00:22:28.612+0000] {logging_mixin.py:149} INFO - [2026-09-14T00:22:28.611+0000] {dag.py:3490} INFO - Setting next_dagrun for penguins_pipeline to None, run_after=None
[2026-09-14T00:22:28.670+0000] {processor.py:178} INFO - Processing /opt/airflow/dags/1_dag_flujo.py took 1.405 seconds
[2026-09-14T00:22:59.020+0000] {processor.py:156} INFO - Started process (PID=4422) to work on /opt/airflow/dags/1_dag_flujo.py
[2026-09-14T00:22:59.025+0000] {processor.py:799} INFO - Processing file /opt/airflow/dags/1_dag_flujo.py for tasks to queue
[2026-09-14T00:22:59.027+0000] {logging_mixin.py:149} INFO - [2026-09-14T00:22:59.027+0000] {dagbag.py:541} INFO - Filling up the DagBag from /opt/airflow/dags/1_dag_flujo.py
[2026-09-14T00:23:00.229+0000] {processor.py:809} INFO - DAG(s) dict_keys(['penguins_pipeline']) retrieved from /opt/airflow/dags/1_dag_flujo.py
[2026-09-14T00:23:00.258+0000] {logging_mixin.py:149} INFO - [2026-09-14T00:23:00.257+0000] {dag.py:2726} INFO - Sync 1 DAGs
[2026-09-14T00:23:00.287+0000] {logging_mixin.py:149} INFO - [2026-09-14T00:23:00.286+0000] {dag.py:3490} INFO - Setting next_dagrun for penguins_pipeline to None, run_after=None
[2026-09-14T00:23:00.309+0000] {processor.py:178} INFO - Processing /opt/airflow/dags/1_dag_flujo.py took 1.305 seconds
[2026-09-14T00:23:30.648+0000] {processor.py:156} INFO - Started process (PID=4433) to work on /opt/airflow/dags/1_dag_flujo.py
[2026-09-14T00:23:30.651+0000] {processor.py:799} INFO - Processing file /opt/airflow/dags/1_dag_flujo.py for tasks to queue
[2026-09-14T00:23:30.653+0000] {logging_mixin.py:149} INFO - [2026-09-14T00:23:30.652+0000] {dagbag.py:541} INFO - Filling up the DagBag from /opt/airflow/dags/1_dag_flujo.py
[2026-09-14T00:23:31.883+0000] {processor.py:809} INFO - DAG(s) dict_keys(['penguins_pipeline']) retrieved from /opt/airflow/dags/1_dag_flujo.py
[2026-09-14T00:23:31.937+0000] {logging_mixin.py:149} INFO - [2026-09-14T00:23:31.937+0000] {dag.py:2726} INFO - Sync 1 DAGs
[2026-09-14T00:23:31.989+0000] {logging_mixin.py:149} INFO - [2026-09-14T00:23:31.988+0000] {dag.py:3490} INFO - Setting next_dagrun for penguins_pipeline to None, run_after=None
[2026-09-14T00:23:32.049+0000] {processor.py:178} INFO - Processing /opt/airflow/dags/1_dag_flujo.py took 1.409 seconds
[2026-09-14T00:24:02.368+0000] {processor.py:156} INFO - Started process (PID=4446) to work on /opt/airflow/dags/1_dag_flujo.py
[2026-09-14T00:24:02.385+0000] {processor.py:799} INFO - Processing file /opt/airflow/dags/1_dag_flujo.py for tasks to queue
[2026-09-14T00:24:02.387+0000] {logging_mixin.py:149} INFO - [2026-09-14T00:24:02.387+0000] {dagbag.py:541} INFO - Filling up the DagBag from /opt/airflow/dags/1_dag_flujo.py
[2026-09-14T00:24:03.579+0000] {processor.py:809} INFO - DAG(s) dict_keys(['penguins_pipeline']) retrieved from /opt/airflow/dags/1_dag_flujo.py
[2026-09-14T00:24:03.632+0000] {logging_mixin.py:149} INFO - [2026-09-14T00:24:03.631+0000] {dag.py:2726} INFO - Sync 1 DAGs
[2026-09-14T00:24:03.689+0000] {logging_mixin.py:149} INFO - [2026-09-14T00:24:03.689+0000] {dag.py:3490} INFO - Setting next_dagrun for penguins_pipeline to None, run_after=None
[2026-09-14T00:24:03.804+0000] {processor.py:178} INFO - Processing /opt/airflow/dags/1_dag_flujo.py took 1.447 seconds
[2026-09-14T00:24:34.145+0000] {processor.py:156} INFO - Started process (PID=4458) to work on /opt/airflow/dags/1_dag_flujo.py
[2026-09-14T00:24:34.151+0000] {processor.py:799} INFO - Processing file /opt/airflow/dags/1_dag_flujo.py for tasks to queue
[2026-09-14T00:24:34.153+0000] {logging_mixin.py:149} INFO - [2026-09-14T00:24:34.153+0000] {dagbag.py:541} INFO - Filling up the DagBag from /opt/airflow/dags/1_dag_flujo.py
[2026-09-14T00:24:35.330+0000] {processor.py:809} INFO - DAG(s) dict_keys(['penguins_pipeline']) retrieved from /opt/airflow/dags/1_dag_flujo.py
[2026-09-14T00:24:35.399+0000] {logging_mixin.py:149} INFO - [2026-09-14T00:24:35.399+0000] {dag.py:2726} INFO - Sync 1 DAGs
[2026-09-14T00:24:35.447+0000] {logging_mixin.py:149} INFO - [2026-09-14T00:24:35.447+0000] {dag.py:3490} INFO - Setting next_dagrun for penguins_pipeline to None, run_after=None
[2026-09-14T00:24:35.476+0000] {processor.py:178} INFO - Processing /opt/airflow/dags/1_dag_flujo.py took 1.343 seconds
[2026-09-14T00:25:05.803+0000] {processor.py:156} INFO - Started process (PID=4470) to work on /opt/airflow/dags/1_dag_flujo.py
[2026-09-14T00:25:05.814+0000] {processor.py:799} INFO - Processing file /opt/airflow/dags/1_dag_flujo.py for tasks to queue
[2026-09-14T00:25:05.816+0000] {logging_mixin.py:149} INFO - [2026-09-14T00:25:05.816+0000] {dagbag.py:541} INFO - Filling up the DagBag from /opt/airflow/dags/1_dag_flujo.py
[2026-09-14T00:25:07.192+0000] {processor.py:809} INFO - DAG(s) dict_keys(['penguins_pipeline']) retrieved from /opt/airflow/dags/1_dag_flujo.py
[2026-09-14T00:25:07.300+0000] {logging_mixin.py:149} INFO - [2026-09-14T00:25:07.299+0000] {dag.py:2726} INFO - Sync 1 DAGs
[2026-09-14T00:25:07.345+0000] {logging_mixin.py:149} INFO - [2026-09-14T00:25:07.345+0000] {dag.py:3490} INFO - Setting next_dagrun for penguins_pipeline to None, run_after=None
[2026-09-14T00:25:07.415+0000] {processor.py:178} INFO - Processing /opt/airflow/dags/1_dag_flujo.py took 1.622 seconds
[2026-09-14T00:25:37.675+0000] {processor.py:156} INFO - Started process (PID=4483) to work on /opt/airflow/dags/1_dag_flujo.py
[2026-09-14T00:25:37.679+0000] {processor.py:799} INFO - Processing file /opt/airflow/dags/1_dag_flujo.py for tasks to queue
[2026-09-14T00:25:37.682+0000] {logging_mixin.py:149} INFO - [2026-09-14T00:25:37.682+0000] {dagbag.py:541} INFO - Filling up the DagBag from /opt/airflow/dags/1_dag_flujo.py
[2026-09-14T00:25:38.804+0000] {processor.py:809} INFO - DAG(s) dict_keys(['penguins_pipeline']) retrieved from /opt/airflow/dags/1_dag_flujo.py
[2026-09-14T00:25:38.847+0000] {logging_mixin.py:149} INFO - [2026-09-14T00:25:38.847+0000] {dag.py:2726} INFO - Sync 1 DAGs
[2026-09-14T00:25:38.880+0000] {logging_mixin.py:149} INFO - [2026-09-14T00:25:38.880+0000] {dag.py:3490} INFO - Setting next_dagrun for penguins_pipeline to None, run_after=None
[2026-09-14T00:25:38.916+0000] {processor.py:178} INFO - Processing /opt/airflow/dags/1_dag_flujo.py took 1.253 seconds
[2026-09-14T00:26:08.992+0000] {processor.py:156} INFO - Started process (PID=4495) to work on /opt/airflow/dags/1_dag_flujo.py
[2026-09-14T00:26:08.997+0000] {processor.py:799} INFO - Processing file /opt/airflow/dags/1_dag_flujo.py for tasks to queue
[2026-09-14T00:26:08.999+0000] {logging_mixin.py:149} INFO - [2026-09-14T00:26:08.999+0000] {dagbag.py:541} INFO - Filling up the DagBag from /opt/airflow/dags/1_dag_flujo.py
[2026-09-14T00:26:10.220+0000] {processor.py:809} INFO - DAG(s) dict_keys(['penguins_pipeline']) retrieved from /opt/airflow/dags/1_dag_flujo.py
[2026-09-14T00:26:10.291+0000] {logging_mixin.py:149} INFO - [2026-09-14T00:26:10.290+0000] {dag.py:2726} INFO - Sync 1 DAGs
[2026-09-14T00:26:10.358+0000] {logging_mixin.py:149} INFO - [2026-09-14T00:26:10.358+0000] {dag.py:3490} INFO - Setting next_dagrun for penguins_pipeline to None, run_after=None
[2026-09-14T00:26:10.426+0000] {processor.py:178} INFO - Processing /opt/airflow/dags/1_dag_flujo.py took 1.443 seconds
[2026-09-14T00:26:40.754+0000] {processor.py:156} INFO - Started process (PID=4507) to work on /opt/airflow/dags/1_dag_flujo.py
[2026-09-14T00:26:40.759+0000] {processor.py:799} INFO - Processing file /opt/airflow/dags/1_dag_flujo.py for tasks to queue
[2026-09-14T00:26:40.761+0000] {logging_mixin.py:149} INFO - [2026-09-14T00:26:40.760+0000] {dagbag.py:541} INFO - Filling up the DagBag from /opt/airflow/dags/1_dag_flujo.py
[2026-09-14T00:26:42.023+0000] {processor.py:809} INFO - DAG(s) dict_keys(['penguins_pipeline']) retrieved from /opt/airflow/dags/1_dag_flujo.py
[2026-09-14T00:26:42.094+0000] {logging_mixin.py:149} INFO - [2026-09-14T00:26:42.093+0000] {dag.py:2726} INFO - Sync 1 DAGs
[2026-09-14T00:26:42.159+0000] {logging_mixin.py:149} INFO - [2026-09-14T00:26:42.159+0000] {dag.py:3490} INFO - Setting next_dagrun for penguins_pipeline to None, run_after=None
[2026-09-14T00:26:42.209+0000] {processor.py:178} INFO - Processing /opt/airflow/dags/1_dag_flujo.py took 1.466 seconds
[2026-09-14T00:27:12.531+0000] {processor.py:156} INFO - Started process (PID=4519) to work on /opt/airflow/dags/1_dag_flujo.py
[2026-09-14T00:27:12.536+0000] {processor.py:799} INFO - Processing file /opt/airflow/dags/1_dag_flujo.py for tasks to queue
[2026-09-14T00:27:12.538+0000] {logging_mixin.py:149} INFO - [2026-09-14T00:27:12.537+0000] {dagbag.py:541} INFO - Filling up the DagBag from /opt/airflow/dags/1_dag_flujo.py
[2026-09-14T00:27:13.750+0000] {processor.py:809} INFO - DAG(s) dict_keys(['penguins_pipeline']) retrieved from /opt/airflow/dags/1_dag_flujo.py
[2026-09-14T00:27:13.820+0000] {logging_mixin.py:149} INFO - [2026-09-14T00:27:13.819+0000] {dag.py:2726} INFO - Sync 1 DAGs
[2026-09-14T00:27:13.901+0000] {logging_mixin.py:149} INFO - [2026-09-14T00:27:13.901+0000] {dag.py:3490} INFO - Setting next_dagrun for penguins_pipeline to None, run_after=None
[2026-09-14T00:27:13.962+0000] {processor.py:178} INFO - Processing /opt/airflow/dags/1_dag_flujo.py took 1.443 seconds
[2026-09-14T00:27:44.259+0000] {processor.py:156} INFO - Started process (PID=4531) to work on /opt/airflow/dags/1_dag_flujo.py
[2026-09-14T00:27:44.261+0000] {processor.py:799} INFO - Processing file /opt/airflow/dags/1_dag_flujo.py for tasks to queue
[2026-09-14T00:27:44.262+0000] {logging_mixin.py:149} INFO - [2026-09-14T00:27:44.262+0000] {dagbag.py:541} INFO - Filling up the DagBag from /opt/airflow/dags/1_dag_flujo.py
[2026-09-14T00:27:45.630+0000] {processor.py:809} INFO - DAG(s) dict_keys(['penguins_pipeline']) retrieved from /opt/airflow/dags/1_dag_flujo.py
[2026-09-14T00:27:45.683+0000] {logging_mixin.py:149} INFO - [2026-09-14T00:27:45.682+0000] {dag.py:2726} INFO - Sync 1 DAGs
[2026-09-14T00:27:45.758+0000] {logging_mixin.py:149} INFO - [2026-09-14T00:27:45.758+0000] {dag.py:3490} INFO - Setting next_dagrun for penguins_pipeline to None, run_after=None
[2026-09-14T00:27:45.821+0000] {processor.py:178} INFO - Processing /opt/airflow/dags/1_dag_flujo.py took 1.568 seconds
[2026-09-14T00:28:16.083+0000] {processor.py:156} INFO - Started process (PID=4551) to work on /opt/airflow/dags/1_dag_flujo.py
[2026-09-14T00:28:16.085+0000] {processor.py:799} INFO - Processing file /opt/airflow/dags/1_dag_flujo.py for tasks to queue
[2026-09-14T00:28:16.086+0000] {logging_mixin.py:149} INFO - [2026-09-14T00:28:16.086+0000] {dagbag.py:541} INFO - Filling up the DagBag from /opt/airflow/dags/1_dag_flujo.py
[2026-09-14T00:28:17.525+0000] {processor.py:809} INFO - DAG(s) dict_keys(['penguins_pipeline']) retrieved from /opt/airflow/dags/1_dag_flujo.py
[2026-09-14T00:28:17.675+0000] {logging_mixin.py:149} INFO - [2026-09-14T00:28:17.674+0000] {dag.py:2726} INFO - Sync 1 DAGs
[2026-09-14T00:28:17.723+0000] {logging_mixin.py:149} INFO - [2026-09-14T00:28:17.722+0000] {dag.py:3490} INFO - Setting next_dagrun for penguins_pipeline to None, run_after=None
[2026-09-14T00:28:17.801+0000] {processor.py:178} INFO - Processing /opt/airflow/dags/1_dag_flujo.py took 1.725 seconds
[2026-09-14T00:28:48.118+0000] {processor.py:156} INFO - Started process (PID=4563) to work on /opt/airflow/dags/1_dag_flujo.py
[2026-09-14T00:28:48.122+0000] {processor.py:799} INFO - Processing file /opt/airflow/dags/1_dag_flujo.py for tasks to queue
[2026-09-14T00:28:48.123+0000] {logging_mixin.py:149} INFO - [2026-09-14T00:28:48.123+0000] {dagbag.py:541} INFO - Filling up the DagBag from /opt/airflow/dags/1_dag_flujo.py
[2026-09-14T00:28:49.489+0000] {processor.py:809} INFO - DAG(s) dict_keys(['penguins_pipeline']) retrieved from /opt/airflow/dags/1_dag_flujo.py
[2026-09-14T00:28:49.537+0000] {logging_mixin.py:149} INFO - [2026-09-14T00:28:49.535+0000] {dag.py:2726} INFO - Sync 1 DAGs
[2026-09-14T00:28:49.579+0000] {logging_mixin.py:149} INFO - [2026-09-14T00:28:49.579+0000] {dag.py:3490} INFO - Setting next_dagrun for penguins_pipeline to None, run_after=None
[2026-09-14T00:28:49.634+0000] {processor.py:178} INFO - Processing /opt/airflow/dags/1_dag_flujo.py took 1.521 seconds
[2026-09-14T00:29:19.960+0000] {processor.py:156} INFO - Started process (PID=4575) to work on /opt/airflow/dags/1_dag_flujo.py
[2026-09-14T00:29:19.965+0000] {processor.py:799} INFO - Processing file /opt/airflow/dags/1_dag_flujo.py for tasks to queue
[2026-09-14T00:29:19.966+0000] {logging_mixin.py:149} INFO - [2026-09-14T00:29:19.966+0000] {dagbag.py:541} INFO - Filling up the DagBag from /opt/airflow/dags/1_dag_flujo.py
[2026-09-14T00:29:21.363+0000] {processor.py:809} INFO - DAG(s) dict_keys(['penguins_pipeline']) retrieved from /opt/airflow/dags/1_dag_flujo.py
[2026-09-14T00:29:21.438+0000] {logging_mixin.py:149} INFO - [2026-09-14T00:29:21.438+0000] {dag.py:2726} INFO - Sync 1 DAGs
[2026-09-14T00:29:21.529+0000] {processor.py:178} INFO - Processing /opt/airflow/dags/1_dag_flujo.py took 1.586 seconds
[2026-09-14T00:29:51.830+0000] {processor.py:156} INFO - Started process (PID=4588) to work on /opt/airflow/dags/1_dag_flujo.py
[2026-09-14T00:29:51.849+0000] {processor.py:799} INFO - Processing file /opt/airflow/dags/1_dag_flujo.py for tasks to queue
[2026-09-14T00:29:51.851+0000] {logging_mixin.py:149} INFO - [2026-09-14T00:29:51.851+0000] {dagbag.py:541} INFO - Filling up the DagBag from /opt/airflow/dags/1_dag_flujo.py
[2026-09-14T00:29:53.039+0000] {processor.py:809} INFO - DAG(s) dict_keys(['penguins_pipeline']) retrieved from /opt/airflow/dags/1_dag_flujo.py
[2026-09-14T00:29:53.088+0000] {logging_mixin.py:149} INFO - [2026-09-14T00:29:53.087+0000] {dag.py:2726} INFO - Sync 1 DAGs
[2026-09-14T00:29:53.141+0000] {logging_mixin.py:149} INFO - [2026-09-14T00:29:53.141+0000] {dag.py:3490} INFO - Setting next_dagrun for penguins_pipeline to None, run_after=None
[2026-09-14T00:29:53.189+0000] {processor.py:178} INFO - Processing /opt/airflow/dags/1_dag_flujo.py took 1.368 seconds
[2026-09-14T00:29:59.312+0000] {processor.py:156} INFO - Started process (PID=4593) to work on /opt/airflow/dags/1_dag_flujo.py
[2026-09-14T00:29:59.314+0000] {processor.py:799} INFO - Processing file /opt/airflow/dags/1_dag_flujo.py for tasks to queue
[2026-09-14T00:29:59.315+0000] {logging_mixin.py:149} INFO - [2026-09-14T00:29:59.315+0000] {dagbag.py:541} INFO - Filling up the DagBag from /opt/airflow/dags/1_dag_flujo.py
[2026-09-14T00:30:00.536+0000] {processor.py:809} INFO - DAG(s) dict_keys(['penguins_pipeline']) retrieved from /opt/airflow/dags/1_dag_flujo.py
[2026-09-14T00:30:00.604+0000] {logging_mixin.py:149} INFO - [2026-09-14T00:30:00.603+0000] {dag.py:2726} INFO - Sync 1 DAGs
[2026-09-14T00:30:00.680+0000] {logging_mixin.py:149} INFO - [2026-09-14T00:30:00.680+0000] {dag.py:3490} INFO - Setting next_dagrun for penguins_pipeline to None, run_after=None
[2026-09-14T00:30:00.755+0000] {processor.py:178} INFO - Processing /opt/airflow/dags/1_dag_flujo.py took 1.448 seconds
[2026-09-14T00:30:31.056+0000] {processor.py:156} INFO - Started process (PID=4605) to work on /opt/airflow/dags/1_dag_flujo.py
[2026-09-14T00:30:31.059+0000] {processor.py:799} INFO - Processing file /opt/airflow/dags/1_dag_flujo.py for tasks to queue
[2026-09-14T00:30:31.060+0000] {logging_mixin.py:149} INFO - [2026-09-14T00:30:31.060+0000] {dagbag.py:541} INFO - Filling up the DagBag from /opt/airflow/dags/1_dag_flujo.py
[2026-09-14T00:30:32.276+0000] {processor.py:809} INFO - DAG(s) dict_keys(['penguins_pipeline']) retrieved from /opt/airflow/dags/1_dag_flujo.py
[2026-09-14T00:30:32.312+0000] {logging_mixin.py:149} INFO - [2026-09-14T00:30:32.311+0000] {dag.py:2726} INFO - Sync 1 DAGs
[2026-09-14T00:30:32.376+0000] {logging_mixin.py:149} INFO - [2026-09-14T00:30:32.375+0000] {dag.py:3490} INFO - Setting next_dagrun for penguins_pipeline to None, run_after=None
[2026-09-14T00:30:32.420+0000] {processor.py:178} INFO - Processing /opt/airflow/dags/1_dag_flujo.py took 1.374 seconds
[2026-09-14T00:31:02.773+0000] {processor.py:156} INFO - Started process (PID=4617) to work on /opt/airflow/dags/1_dag_flujo.py
[2026-09-14T00:31:02.778+0000] {processor.py:799} INFO - Processing file /opt/airflow/dags/1_dag_flujo.py for tasks to queue
[2026-09-14T00:31:02.781+0000] {logging_mixin.py:149} INFO - [2026-09-14T00:31:02.781+0000] {dagbag.py:541} INFO - Filling up the DagBag from /opt/airflow/dags/1_dag_flujo.py
[2026-09-14T00:31:03.945+0000] {processor.py:809} INFO - DAG(s) dict_keys(['penguins_pipeline']) retrieved from /opt/airflow/dags/1_dag_flujo.py
[2026-09-14T00:31:04.099+0000] {logging_mixin.py:149} INFO - [2026-09-14T00:31:04.097+0000] {dag.py:2726} INFO - Sync 1 DAGs
[2026-09-14T00:31:04.143+0000] {logging_mixin.py:149} INFO - [2026-09-14T00:31:04.143+0000] {dag.py:3490} INFO - Setting next_dagrun for penguins_pipeline to None, run_after=None
[2026-09-14T00:31:04.187+0000] {processor.py:178} INFO - Processing /opt/airflow/dags/1_dag_flujo.py took 1.431 seconds
[2026-09-14T00:31:34.522+0000] {processor.py:156} INFO - Started process (PID=4629) to work on /opt/airflow/dags/1_dag_flujo.py
[2026-09-14T00:31:34.528+0000] {processor.py:799} INFO - Processing file /opt/airflow/dags/1_dag_flujo.py for tasks to queue
[2026-09-14T00:31:34.531+0000] {logging_mixin.py:149} INFO - [2026-09-14T00:31:34.530+0000] {dagbag.py:541} INFO - Filling up the DagBag from /opt/airflow/dags/1_dag_flujo.py
[2026-09-14T00:31:35.771+0000] {processor.py:809} INFO - DAG(s) dict_keys(['penguins_pipeline']) retrieved from /opt/airflow/dags/1_dag_flujo.py
[2026-09-14T00:31:35.821+0000] {logging_mixin.py:149} INFO - [2026-09-14T00:31:35.820+0000] {dag.py:2726} INFO - Sync 1 DAGs
[2026-09-14T00:31:35.869+0000] {logging_mixin.py:149} INFO - [2026-09-14T00:31:35.869+0000] {dag.py:3490} INFO - Setting next_dagrun for penguins_pipeline to None, run_after=None
[2026-09-14T00:31:35.917+0000] {processor.py:178} INFO - Processing /opt/airflow/dags/1_dag_flujo.py took 1.409 seconds
[2026-09-14T00:32:06.244+0000] {processor.py:156} INFO - Started process (PID=4641) to work on /opt/airflow/dags/1_dag_flujo.py
[2026-09-14T00:32:06.247+0000] {processor.py:799} INFO - Processing file /opt/airflow/dags/1_dag_flujo.py for tasks to queue
[2026-09-14T00:32:06.249+0000] {logging_mixin.py:149} INFO - [2026-09-14T00:32:06.249+0000] {dagbag.py:541} INFO - Filling up the DagBag from /opt/airflow/dags/1_dag_flujo.py
[2026-09-14T00:32:07.446+0000] {processor.py:809} INFO - DAG(s) dict_keys(['penguins_pipeline']) retrieved from /opt/airflow/dags/1_dag_flujo.py
[2026-09-14T00:32:07.512+0000] {logging_mixin.py:149} INFO - [2026-09-14T00:32:07.511+0000] {dag.py:2726} INFO - Sync 1 DAGs
[2026-09-14T00:32:07.577+0000] {logging_mixin.py:149} INFO - [2026-09-14T00:32:07.577+0000] {dag.py:3490} INFO - Setting next_dagrun for penguins_pipeline to None, run_after=None
[2026-09-14T00:32:07.636+0000] {processor.py:178} INFO - Processing /opt/airflow/dags/1_dag_flujo.py took 1.400 seconds
[2026-09-14T00:32:37.946+0000] {processor.py:156} INFO - Started process (PID=4653) to work on /opt/airflow/dags/1_dag_flujo.py
[2026-09-14T00:32:37.951+0000] {processor.py:799} INFO - Processing file /opt/airflow/dags/1_dag_flujo.py for tasks to queue
[2026-09-14T00:32:37.953+0000] {logging_mixin.py:149} INFO - [2026-09-14T00:32:37.953+0000] {dagbag.py:541} INFO - Filling up the DagBag from /opt/airflow/dags/1_dag_flujo.py
[2026-09-14T00:32:39.105+0000] {processor.py:809} INFO - DAG(s) dict_keys(['penguins_pipeline']) retrieved from /opt/airflow/dags/1_dag_flujo.py
[2026-09-14T00:32:39.174+0000] {logging_mixin.py:149} INFO - [2026-09-14T00:32:39.173+0000] {dag.py:2726} INFO - Sync 1 DAGs
[2026-09-14T00:32:39.218+0000] {logging_mixin.py:149} INFO - [2026-09-14T00:32:39.218+0000] {dag.py:3490} INFO - Setting next_dagrun for penguins_pipeline to None, run_after=None
[2026-09-14T00:32:39.248+0000] {processor.py:178} INFO - Processing /opt/airflow/dags/1_dag_flujo.py took 1.312 seconds
[2026-09-14T00:33:09.524+0000] {processor.py:156} INFO - Started process (PID=4665) to work on /opt/airflow/dags/1_dag_flujo.py
[2026-09-14T00:33:09.527+0000] {processor.py:799} INFO - Processing file /opt/airflow/dags/1_dag_flujo.py for tasks to queue
[2026-09-14T00:33:09.529+0000] {logging_mixin.py:149} INFO - [2026-09-14T00:33:09.529+0000] {dagbag.py:541} INFO - Filling up the DagBag from /opt/airflow/dags/1_dag_flujo.py
[2026-09-14T00:33:10.803+0000] {processor.py:809} INFO - DAG(s) dict_keys(['penguins_pipeline']) retrieved from /opt/airflow/dags/1_dag_flujo.py
[2026-09-14T00:33:10.872+0000] {logging_mixin.py:149} INFO - [2026-09-14T00:33:10.871+0000] {dag.py:2726} INFO - Sync 1 DAGs
[2026-09-14T00:33:10.941+0000] {logging_mixin.py:149} INFO - [2026-09-14T00:33:10.940+0000] {dag.py:3490} INFO - Setting next_dagrun for penguins_pipeline to None, run_after=None
[2026-09-14T00:33:10.997+0000] {processor.py:178} INFO - Processing /opt/airflow/dags/1_dag_flujo.py took 1.486 seconds
[2026-09-14T00:33:41.324+0000] {processor.py:156} INFO - Started process (PID=4677) to work on /opt/airflow/dags/1_dag_flujo.py
[2026-09-14T00:33:41.329+0000] {processor.py:799} INFO - Processing file /opt/airflow/dags/1_dag_flujo.py for tasks to queue
[2026-09-14T00:33:41.331+0000] {logging_mixin.py:149} INFO - [2026-09-14T00:33:41.331+0000] {dagbag.py:541} INFO - Filling up the DagBag from /opt/airflow/dags/1_dag_flujo.py
[2026-09-14T00:33:42.583+0000] {processor.py:809} INFO - DAG(s) dict_keys(['penguins_pipeline']) retrieved from /opt/airflow/dags/1_dag_flujo.py
[2026-09-14T00:33:42.677+0000] {logging_mixin.py:149} INFO - [2026-09-14T00:33:42.676+0000] {dag.py:2726} INFO - Sync 1 DAGs
[2026-09-14T00:33:42.728+0000] {logging_mixin.py:149} INFO - [2026-09-14T00:33:42.727+0000] {dag.py:3490} INFO - Setting next_dagrun for penguins_pipeline to None, run_after=None
[2026-09-14T00:33:42.755+0000] {processor.py:178} INFO - Processing /opt/airflow/dags/1_dag_flujo.py took 1.442 seconds
[2026-09-14T00:34:13.101+0000] {processor.py:156} INFO - Started process (PID=4689) to work on /opt/airflow/dags/1_dag_flujo.py
[2026-09-14T00:34:13.111+0000] {processor.py:799} INFO - Processing file /opt/airflow/dags/1_dag_flujo.py for tasks to queue
[2026-09-14T00:34:13.113+0000] {logging_mixin.py:149} INFO - [2026-09-14T00:34:13.112+0000] {dagbag.py:541} INFO - Filling up the DagBag from /opt/airflow/dags/1_dag_flujo.py
[2026-09-14T00:34:14.333+0000] {processor.py:809} INFO - DAG(s) dict_keys(['penguins_pipeline']) retrieved from /opt/airflow/dags/1_dag_flujo.py
[2026-09-14T00:34:14.425+0000] {logging_mixin.py:149} INFO - [2026-09-14T00:34:14.424+0000] {dag.py:2726} INFO - Sync 1 DAGs
[2026-09-14T00:34:14.505+0000] {logging_mixin.py:149} INFO - [2026-09-14T00:34:14.504+0000] {dag.py:3490} INFO - Setting next_dagrun for penguins_pipeline to None, run_after=None
[2026-09-14T00:34:14.560+0000] {processor.py:178} INFO - Processing /opt/airflow/dags/1_dag_flujo.py took 1.482 seconds
[2026-09-14T00:34:44.883+0000] {processor.py:156} INFO - Started process (PID=4701) to work on /opt/airflow/dags/1_dag_flujo.py
[2026-09-14T00:34:44.888+0000] {processor.py:799} INFO - Processing file /opt/airflow/dags/1_dag_flujo.py for tasks to queue
[2026-09-14T00:34:44.891+0000] {logging_mixin.py:149} INFO - [2026-09-14T00:34:44.890+0000] {dagbag.py:541} INFO - Filling up the DagBag from /opt/airflow/dags/1_dag_flujo.py
[2026-09-14T00:34:46.135+0000] {processor.py:809} INFO - DAG(s) dict_keys(['penguins_pipeline']) retrieved from /opt/airflow/dags/1_dag_flujo.py
[2026-09-14T00:34:46.209+0000] {logging_mixin.py:149} INFO - [2026-09-14T00:34:46.208+0000] {dag.py:2726} INFO - Sync 1 DAGs
[2026-09-14T00:34:46.263+0000] {logging_mixin.py:149} INFO - [2026-09-14T00:34:46.263+0000] {dag.py:3490} INFO - Setting next_dagrun for penguins_pipeline to None, run_after=None
[2026-09-14T00:34:46.320+0000] {processor.py:178} INFO - Processing /opt/airflow/dags/1_dag_flujo.py took 1.448 seconds
[2026-09-14T00:35:16.651+0000] {processor.py:156} INFO - Started process (PID=4714) to work on /opt/airflow/dags/1_dag_flujo.py
[2026-09-14T00:35:16.655+0000] {processor.py:799} INFO - Processing file /opt/airflow/dags/1_dag_flujo.py for tasks to queue
[2026-09-14T00:35:16.658+0000] {logging_mixin.py:149} INFO - [2026-09-14T00:35:16.657+0000] {dagbag.py:541} INFO - Filling up the DagBag from /opt/airflow/dags/1_dag_flujo.py
[2026-09-14T00:35:17.883+0000] {processor.py:809} INFO - DAG(s) dict_keys(['penguins_pipeline']) retrieved from /opt/airflow/dags/1_dag_flujo.py
[2026-09-14T00:35:17.939+0000] {logging_mixin.py:149} INFO - [2026-09-14T00:35:17.938+0000] {dag.py:2726} INFO - Sync 1 DAGs
[2026-09-14T00:35:17.984+0000] {logging_mixin.py:149} INFO - [2026-09-14T00:35:17.984+0000] {dag.py:3490} INFO - Setting next_dagrun for penguins_pipeline to None, run_after=None
[2026-09-14T00:35:18.018+0000] {processor.py:178} INFO - Processing /opt/airflow/dags/1_dag_flujo.py took 1.378 seconds
[2026-09-14T00:35:48.316+0000] {processor.py:156} INFO - Started process (PID=4734) to work on /opt/airflow/dags/1_dag_flujo.py
[2026-09-14T00:35:48.320+0000] {processor.py:799} INFO - Processing file /opt/airflow/dags/1_dag_flujo.py for tasks to queue
[2026-09-14T00:35:48.322+0000] {logging_mixin.py:149} INFO - [2026-09-14T00:35:48.322+0000] {dagbag.py:541} INFO - Filling up the DagBag from /opt/airflow/dags/1_dag_flujo.py
[2026-09-14T00:35:49.721+0000] {processor.py:809} INFO - DAG(s) dict_keys(['penguins_pipeline']) retrieved from /opt/airflow/dags/1_dag_flujo.py
[2026-09-14T00:35:49.799+0000] {logging_mixin.py:149} INFO - [2026-09-14T00:35:49.798+0000] {dag.py:2726} INFO - Sync 1 DAGs
[2026-09-14T00:35:49.853+0000] {logging_mixin.py:149} INFO - [2026-09-14T00:35:49.853+0000] {dag.py:3490} INFO - Setting next_dagrun for penguins_pipeline to None, run_after=None
[2026-09-14T00:35:49.906+0000] {processor.py:178} INFO - Processing /opt/airflow/dags/1_dag_flujo.py took 1.601 seconds
[2026-09-14T00:36:20.246+0000] {processor.py:156} INFO - Started process (PID=4746) to work on /opt/airflow/dags/1_dag_flujo.py
[2026-09-14T00:36:20.270+0000] {processor.py:799} INFO - Processing file /opt/airflow/dags/1_dag_flujo.py for tasks to queue
[2026-09-14T00:36:20.273+0000] {logging_mixin.py:149} INFO - [2026-09-14T00:36:20.272+0000] {dagbag.py:541} INFO - Filling up the DagBag from /opt/airflow/dags/1_dag_flujo.py
[2026-09-14T00:36:21.442+0000] {processor.py:809} INFO - DAG(s) dict_keys(['penguins_pipeline']) retrieved from /opt/airflow/dags/1_dag_flujo.py
[2026-09-14T00:36:21.476+0000] {logging_mixin.py:149} INFO - [2026-09-14T00:36:21.476+0000] {dag.py:2726} INFO - Sync 1 DAGs
[2026-09-14T00:36:21.507+0000] {logging_mixin.py:149} INFO - [2026-09-14T00:36:21.506+0000] {dag.py:3490} INFO - Setting next_dagrun for penguins_pipeline to None, run_after=None
[2026-09-14T00:36:21.530+0000] {processor.py:178} INFO - Processing /opt/airflow/dags/1_dag_flujo.py took 1.299 seconds
[2026-09-14T00:36:51.823+0000] {processor.py:156} INFO - Started process (PID=4759) to work on /opt/airflow/dags/1_dag_flujo.py
[2026-09-14T00:36:51.826+0000] {processor.py:799} INFO - Processing file /opt/airflow/dags/1_dag_flujo.py for tasks to queue
[2026-09-14T00:36:51.829+0000] {logging_mixin.py:149} INFO - [2026-09-14T00:36:51.828+0000] {dagbag.py:541} INFO - Filling up the DagBag from /opt/airflow/dags/1_dag_flujo.py
[2026-09-14T00:36:52.952+0000] {processor.py:809} INFO - DAG(s) dict_keys(['penguins_pipeline']) retrieved from /opt/airflow/dags/1_dag_flujo.py
[2026-09-14T00:36:53.007+0000] {logging_mixin.py:149} INFO - [2026-09-14T00:36:53.005+0000] {dag.py:2726} INFO - Sync 1 DAGs
[2026-09-14T00:36:53.085+0000] {logging_mixin.py:149} INFO - [2026-09-14T00:36:53.084+0000] {dag.py:3490} INFO - Setting next_dagrun for penguins_pipeline to None, run_after=None
[2026-09-14T00:36:53.184+0000] {processor.py:178} INFO - Processing /opt/airflow/dags/1_dag_flujo.py took 1.372 seconds
[2026-09-14T00:37:23.517+0000] {processor.py:156} INFO - Started process (PID=4771) to work on /opt/airflow/dags/1_dag_flujo.py
[2026-09-14T00:37:23.523+0000] {processor.py:799} INFO - Processing file /opt/airflow/dags/1_dag_flujo.py for tasks to queue
[2026-09-14T00:37:23.525+0000] {logging_mixin.py:149} INFO - [2026-09-14T00:37:23.525+0000] {dagbag.py:541} INFO - Filling up the DagBag from /opt/airflow/dags/1_dag_flujo.py
[2026-09-14T00:37:24.640+0000] {processor.py:809} INFO - DAG(s) dict_keys(['penguins_pipeline']) retrieved from /opt/airflow/dags/1_dag_flujo.py
[2026-09-14T00:37:24.730+0000] {logging_mixin.py:149} INFO - [2026-09-14T00:37:24.730+0000] {dag.py:2726} INFO - Sync 1 DAGs
[2026-09-14T00:37:24.789+0000] {logging_mixin.py:149} INFO - [2026-09-14T00:37:24.789+0000] {dag.py:3490} INFO - Setting next_dagrun for penguins_pipeline to None, run_after=None
[2026-09-14T00:37:24.845+0000] {processor.py:178} INFO - Processing /opt/airflow/dags/1_dag_flujo.py took 1.340 seconds
[2026-09-14T00:37:55.161+0000] {processor.py:156} INFO - Started process (PID=4784) to work on /opt/airflow/dags/1_dag_flujo.py
[2026-09-14T00:37:55.164+0000] {processor.py:799} INFO - Processing file /opt/airflow/dags/1_dag_flujo.py for tasks to queue
[2026-09-14T00:37:55.166+0000] {logging_mixin.py:149} INFO - [2026-09-14T00:37:55.166+0000] {dagbag.py:541} INFO - Filling up the DagBag from /opt/airflow/dags/1_dag_flujo.py
[2026-09-14T00:37:56.412+0000] {processor.py:809} INFO - DAG(s) dict_keys(['penguins_pipeline']) retrieved from /opt/airflow/dags/1_dag_flujo.py
[2026-09-14T00:37:56.480+0000] {logging_mixin.py:149} INFO - [2026-09-14T00:37:56.479+0000] {dag.py:2726} INFO - Sync 1 DAGs
[2026-09-14T00:37:56.540+0000] {logging_mixin.py:149} INFO - [2026-09-14T00:37:56.539+0000] {dag.py:3490} INFO - Setting next_dagrun for penguins_pipeline to None, run_after=None
[2026-09-14T00:37:56.601+0000] {processor.py:178} INFO - Processing /opt/airflow/dags/1_dag_flujo.py took 1.448 seconds
[2026-09-14T00:38:26.936+0000] {processor.py:156} INFO - Started process (PID=4796) to work on /opt/airflow/dags/1_dag_flujo.py
[2026-09-14T00:38:26.942+0000] {processor.py:799} INFO - Processing file /opt/airflow/dags/1_dag_flujo.py for tasks to queue
[2026-09-14T00:38:26.944+0000] {logging_mixin.py:149} INFO - [2026-09-14T00:38:26.943+0000] {dagbag.py:541} INFO - Filling up the DagBag from /opt/airflow/dags/1_dag_flujo.py
[2026-09-14T00:38:28.163+0000] {processor.py:809} INFO - DAG(s) dict_keys(['penguins_pipeline']) retrieved from /opt/airflow/dags/1_dag_flujo.py
[2026-09-14T00:38:28.237+0000] {logging_mixin.py:149} INFO - [2026-09-14T00:38:28.236+0000] {dag.py:2726} INFO - Sync 1 DAGs
[2026-09-14T00:38:28.310+0000] {logging_mixin.py:149} INFO - [2026-09-14T00:38:28.310+0000] {dag.py:3490} INFO - Setting next_dagrun for penguins_pipeline to None, run_after=None
[2026-09-14T00:38:28.367+0000] {processor.py:178} INFO - Processing /opt/airflow/dags/1_dag_flujo.py took 1.442 seconds
[2026-09-14T00:38:58.664+0000] {processor.py:156} INFO - Started process (PID=4808) to work on /opt/airflow/dags/1_dag_flujo.py
[2026-09-14T00:38:58.675+0000] {processor.py:799} INFO - Processing file /opt/airflow/dags/1_dag_flujo.py for tasks to queue
[2026-09-14T00:38:58.679+0000] {logging_mixin.py:149} INFO - [2026-09-14T00:38:58.679+0000] {dagbag.py:541} INFO - Filling up the DagBag from /opt/airflow/dags/1_dag_flujo.py
[2026-09-14T00:38:59.989+0000] {processor.py:809} INFO - DAG(s) dict_keys(['penguins_pipeline']) retrieved from /opt/airflow/dags/1_dag_flujo.py
[2026-09-14T00:39:00.034+0000] {logging_mixin.py:149} INFO - [2026-09-14T00:39:00.033+0000] {dag.py:2726} INFO - Sync 1 DAGs
[2026-09-14T00:39:00.067+0000] {logging_mixin.py:149} INFO - [2026-09-14T00:39:00.067+0000] {dag.py:3490} INFO - Setting next_dagrun for penguins_pipeline to None, run_after=None
[2026-09-14T00:39:00.097+0000] {processor.py:178} INFO - Processing /opt/airflow/dags/1_dag_flujo.py took 1.447 seconds
[2026-09-14T00:39:30.408+0000] {processor.py:156} INFO - Started process (PID=4820) to work on /opt/airflow/dags/1_dag_flujo.py
[2026-09-14T00:39:30.413+0000] {processor.py:799} INFO - Processing file /opt/airflow/dags/1_dag_flujo.py for tasks to queue
[2026-09-14T00:39:30.416+0000] {logging_mixin.py:149} INFO - [2026-09-14T00:39:30.416+0000] {dagbag.py:541} INFO - Filling up the DagBag from /opt/airflow/dags/1_dag_flujo.py
[2026-09-14T00:39:31.694+0000] {processor.py:809} INFO - DAG(s) dict_keys(['penguins_pipeline']) retrieved from /opt/airflow/dags/1_dag_flujo.py
[2026-09-14T00:39:31.748+0000] {logging_mixin.py:149} INFO - [2026-09-14T00:39:31.747+0000] {dag.py:2726} INFO - Sync 1 DAGs
[2026-09-14T00:39:31.803+0000] {logging_mixin.py:149} INFO - [2026-09-14T00:39:31.803+0000] {dag.py:3490} INFO - Setting next_dagrun for penguins_pipeline to None, run_after=None
[2026-09-14T00:39:31.869+0000] {processor.py:178} INFO - Processing /opt/airflow/dags/1_dag_flujo.py took 1.476 seconds
[2026-09-14T00:40:02.186+0000] {processor.py:156} INFO - Started process (PID=4832) to work on /opt/airflow/dags/1_dag_flujo.py
[2026-09-14T00:40:02.190+0000] {processor.py:799} INFO - Processing file /opt/airflow/dags/1_dag_flujo.py for tasks to queue
[2026-09-14T00:40:02.191+0000] {logging_mixin.py:149} INFO - [2026-09-14T00:40:02.191+0000] {dagbag.py:541} INFO - Filling up the DagBag from /opt/airflow/dags/1_dag_flujo.py
[2026-09-14T00:40:03.590+0000] {processor.py:809} INFO - DAG(s) dict_keys(['penguins_pipeline']) retrieved from /opt/airflow/dags/1_dag_flujo.py
[2026-09-14T00:40:03.681+0000] {logging_mixin.py:149} INFO - [2026-09-14T00:40:03.679+0000] {dag.py:2726} INFO - Sync 1 DAGs
[2026-09-14T00:40:03.757+0000] {logging_mixin.py:149} INFO - [2026-09-14T00:40:03.756+0000] {dag.py:3490} INFO - Setting next_dagrun for penguins_pipeline to None, run_after=None
[2026-09-14T00:40:03.821+0000] {processor.py:178} INFO - Processing /opt/airflow/dags/1_dag_flujo.py took 1.663 seconds
[2026-09-14T00:40:33.934+0000] {processor.py:156} INFO - Started process (PID=4843) to work on /opt/airflow/dags/1_dag_flujo.py
[2026-09-14T00:40:33.938+0000] {processor.py:799} INFO - Processing file /opt/airflow/dags/1_dag_flujo.py for tasks to queue
[2026-09-14T00:40:33.940+0000] {logging_mixin.py:149} INFO - [2026-09-14T00:40:33.940+0000] {dagbag.py:541} INFO - Filling up the DagBag from /opt/airflow/dags/1_dag_flujo.py
[2026-09-14T00:40:35.137+0000] {processor.py:809} INFO - DAG(s) dict_keys(['penguins_pipeline']) retrieved from /opt/airflow/dags/1_dag_flujo.py
[2026-09-14T00:40:35.207+0000] {logging_mixin.py:149} INFO - [2026-09-14T00:40:35.206+0000] {dag.py:2726} INFO - Sync 1 DAGs
[2026-09-14T00:40:35.262+0000] {logging_mixin.py:149} INFO - [2026-09-14T00:40:35.262+0000] {dag.py:3490} INFO - Setting next_dagrun for penguins_pipeline to None, run_after=None
[2026-09-14T00:40:35.321+0000] {processor.py:178} INFO - Processing /opt/airflow/dags/1_dag_flujo.py took 1.397 seconds
[2026-09-14T00:41:05.639+0000] {processor.py:156} INFO - Started process (PID=4855) to work on /opt/airflow/dags/1_dag_flujo.py
[2026-09-14T00:41:05.643+0000] {processor.py:799} INFO - Processing file /opt/airflow/dags/1_dag_flujo.py for tasks to queue
[2026-09-14T00:41:05.646+0000] {logging_mixin.py:149} INFO - [2026-09-14T00:41:05.645+0000] {dagbag.py:541} INFO - Filling up the DagBag from /opt/airflow/dags/1_dag_flujo.py
[2026-09-14T00:41:06.938+0000] {processor.py:809} INFO - DAG(s) dict_keys(['penguins_pipeline']) retrieved from /opt/airflow/dags/1_dag_flujo.py
[2026-09-14T00:41:06.999+0000] {logging_mixin.py:149} INFO - [2026-09-14T00:41:06.998+0000] {dag.py:2726} INFO - Sync 1 DAGs
[2026-09-14T00:41:07.066+0000] {logging_mixin.py:149} INFO - [2026-09-14T00:41:07.066+0000] {dag.py:3490} INFO - Setting next_dagrun for penguins_pipeline to None, run_after=None
[2026-09-14T00:41:07.153+0000] {processor.py:178} INFO - Processing /opt/airflow/dags/1_dag_flujo.py took 1.527 seconds
[2026-09-14T00:41:37.470+0000] {processor.py:156} INFO - Started process (PID=4867) to work on /opt/airflow/dags/1_dag_flujo.py
[2026-09-14T00:41:37.474+0000] {processor.py:799} INFO - Processing file /opt/airflow/dags/1_dag_flujo.py for tasks to queue
[2026-09-14T00:41:37.475+0000] {logging_mixin.py:149} INFO - [2026-09-14T00:41:37.475+0000] {dagbag.py:541} INFO - Filling up the DagBag from /opt/airflow/dags/1_dag_flujo.py
[2026-09-14T00:41:38.609+0000] {processor.py:809} INFO - DAG(s) dict_keys(['penguins_pipeline']) retrieved from /opt/airflow/dags/1_dag_flujo.py
[2026-09-14T00:41:38.687+0000] {logging_mixin.py:149} INFO - [2026-09-14T00:41:38.686+0000] {dag.py:2726} INFO - Sync 1 DAGs
[2026-09-14T00:41:38.729+0000] {logging_mixin.py:149} INFO - [2026-09-14T00:41:38.729+0000] {dag.py:3490} INFO - Setting next_dagrun for penguins_pipeline to None, run_after=None
[2026-09-14T00:41:38.756+0000] {processor.py:178} INFO - Processing /opt/airflow/dags/1_dag_flujo.py took 1.297 seconds
[2026-09-14T00:42:09.042+0000] {processor.py:156} INFO - Started process (PID=4879) to work on /opt/airflow/dags/1_dag_flujo.py
[2026-09-14T00:42:09.047+0000] {processor.py:799} INFO - Processing file /opt/airflow/dags/1_dag_flujo.py for tasks to queue
[2026-09-14T00:42:09.050+0000] {logging_mixin.py:149} INFO - [2026-09-14T00:42:09.048+0000] {dagbag.py:541} INFO - Filling up the DagBag from /opt/airflow/dags/1_dag_flujo.py
[2026-09-14T00:42:10.264+0000] {processor.py:809} INFO - DAG(s) dict_keys(['penguins_pipeline']) retrieved from /opt/airflow/dags/1_dag_flujo.py
[2026-09-14T00:42:10.305+0000] {logging_mixin.py:149} INFO - [2026-09-14T00:42:10.305+0000] {dag.py:2726} INFO - Sync 1 DAGs
[2026-09-14T00:42:10.335+0000] {logging_mixin.py:149} INFO - [2026-09-14T00:42:10.335+0000] {dag.py:3490} INFO - Setting next_dagrun for penguins_pipeline to None, run_after=None
[2026-09-14T00:42:10.392+0000] {processor.py:178} INFO - Processing /opt/airflow/dags/1_dag_flujo.py took 1.360 seconds
[2026-09-14T00:42:40.674+0000] {processor.py:156} INFO - Started process (PID=4891) to work on /opt/airflow/dags/1_dag_flujo.py
[2026-09-14T00:42:40.689+0000] {processor.py:799} INFO - Processing file /opt/airflow/dags/1_dag_flujo.py for tasks to queue
[2026-09-14T00:42:40.691+0000] {logging_mixin.py:149} INFO - [2026-09-14T00:42:40.691+0000] {dagbag.py:541} INFO - Filling up the DagBag from /opt/airflow/dags/1_dag_flujo.py
[2026-09-14T00:42:41.928+0000] {processor.py:809} INFO - DAG(s) dict_keys(['penguins_pipeline']) retrieved from /opt/airflow/dags/1_dag_flujo.py
[2026-09-14T00:42:41.965+0000] {logging_mixin.py:149} INFO - [2026-09-14T00:42:41.964+0000] {dag.py:2726} INFO - Sync 1 DAGs
[2026-09-14T00:42:41.994+0000] {logging_mixin.py:149} INFO - [2026-09-14T00:42:41.994+0000] {dag.py:3490} INFO - Setting next_dagrun for penguins_pipeline to None, run_after=None
[2026-09-14T00:42:42.017+0000] {processor.py:178} INFO - Processing /opt/airflow/dags/1_dag_flujo.py took 1.355 seconds
[2026-09-14T00:43:08.945+0000] {processor.py:156} INFO - Started process (PID=4904) to work on /opt/airflow/dags/1_dag_flujo.py
[2026-09-14T00:43:08.948+0000] {processor.py:799} INFO - Processing file /opt/airflow/dags/1_dag_flujo.py for tasks to queue
[2026-09-14T00:43:08.950+0000] {logging_mixin.py:149} INFO - [2026-09-14T00:43:08.950+0000] {dagbag.py:541} INFO - Filling up the DagBag from /opt/airflow/dags/1_dag_flujo.py
[2026-09-14T00:43:10.352+0000] {processor.py:809} INFO - DAG(s) dict_keys(['penguins_pipeline']) retrieved from /opt/airflow/dags/1_dag_flujo.py
[2026-09-14T00:43:10.385+0000] {logging_mixin.py:149} INFO - [2026-09-14T00:43:10.384+0000] {dag.py:2726} INFO - Sync 1 DAGs
[2026-09-14T00:43:10.426+0000] {logging_mixin.py:149} INFO - [2026-09-14T00:43:10.426+0000] {dag.py:3490} INFO - Setting next_dagrun for penguins_pipeline to None, run_after=None
[2026-09-14T00:43:10.464+0000] {processor.py:178} INFO - Processing /opt/airflow/dags/1_dag_flujo.py took 1.533 seconds
[2026-09-14T00:43:40.627+0000] {processor.py:156} INFO - Started process (PID=4916) to work on /opt/airflow/dags/1_dag_flujo.py
[2026-09-14T00:43:40.632+0000] {processor.py:799} INFO - Processing file /opt/airflow/dags/1_dag_flujo.py for tasks to queue
[2026-09-14T00:43:40.635+0000] {logging_mixin.py:149} INFO - [2026-09-14T00:43:40.635+0000] {dagbag.py:541} INFO - Filling up the DagBag from /opt/airflow/dags/1_dag_flujo.py
[2026-09-14T00:43:42.292+0000] {processor.py:809} INFO - DAG(s) dict_keys(['penguins_pipeline']) retrieved from /opt/airflow/dags/1_dag_flujo.py
[2026-09-14T00:43:42.430+0000] {logging_mixin.py:149} INFO - [2026-09-14T00:43:42.430+0000] {dag.py:2726} INFO - Sync 1 DAGs
[2026-09-14T00:43:42.460+0000] {logging_mixin.py:149} INFO - [2026-09-14T00:43:42.460+0000] {dag.py:3490} INFO - Setting next_dagrun for penguins_pipeline to None, run_after=None
[2026-09-14T00:43:42.486+0000] {processor.py:178} INFO - Processing /opt/airflow/dags/1_dag_flujo.py took 1.868 seconds
[2026-09-14T00:44:12.812+0000] {processor.py:156} INFO - Started process (PID=4929) to work on /opt/airflow/dags/1_dag_flujo.py
[2026-09-14T00:44:12.819+0000] {processor.py:799} INFO - Processing file /opt/airflow/dags/1_dag_flujo.py for tasks to queue
[2026-09-14T00:44:12.823+0000] {logging_mixin.py:149} INFO - [2026-09-14T00:44:12.822+0000] {dagbag.py:541} INFO - Filling up the DagBag from /opt/airflow/dags/1_dag_flujo.py
[2026-09-14T00:44:14.023+0000] {processor.py:809} INFO - DAG(s) dict_keys(['penguins_pipeline']) retrieved from /opt/airflow/dags/1_dag_flujo.py
[2026-09-14T00:44:14.069+0000] {logging_mixin.py:149} INFO - [2026-09-14T00:44:14.068+0000] {dag.py:2726} INFO - Sync 1 DAGs
[2026-09-14T00:44:14.113+0000] {logging_mixin.py:149} INFO - [2026-09-14T00:44:14.112+0000] {dag.py:3490} INFO - Setting next_dagrun for penguins_pipeline to None, run_after=None
[2026-09-14T00:44:14.171+0000] {processor.py:178} INFO - Processing /opt/airflow/dags/1_dag_flujo.py took 1.372 seconds
[2026-09-14T00:44:44.270+0000] {processor.py:156} INFO - Started process (PID=4941) to work on /opt/airflow/dags/1_dag_flujo.py
[2026-09-14T00:44:44.274+0000] {processor.py:799} INFO - Processing file /opt/airflow/dags/1_dag_flujo.py for tasks to queue
[2026-09-14T00:44:44.276+0000] {logging_mixin.py:149} INFO - [2026-09-14T00:44:44.276+0000] {dagbag.py:541} INFO - Filling up the DagBag from /opt/airflow/dags/1_dag_flujo.py
[2026-09-14T00:44:45.487+0000] {processor.py:809} INFO - DAG(s) dict_keys(['penguins_pipeline']) retrieved from /opt/airflow/dags/1_dag_flujo.py
[2026-09-14T00:44:45.561+0000] {logging_mixin.py:149} INFO - [2026-09-14T00:44:45.560+0000] {dag.py:2726} INFO - Sync 1 DAGs
[2026-09-14T00:44:45.756+0000] {processor.py:178} INFO - Processing /opt/airflow/dags/1_dag_flujo.py took 1.497 seconds
[2026-09-14T00:45:16.075+0000] {processor.py:156} INFO - Started process (PID=4953) to work on /opt/airflow/dags/1_dag_flujo.py
[2026-09-14T00:45:16.084+0000] {processor.py:799} INFO - Processing file /opt/airflow/dags/1_dag_flujo.py for tasks to queue
[2026-09-14T00:45:16.087+0000] {logging_mixin.py:149} INFO - [2026-09-14T00:45:16.087+0000] {dagbag.py:541} INFO - Filling up the DagBag from /opt/airflow/dags/1_dag_flujo.py
[2026-09-14T00:45:17.264+0000] {processor.py:809} INFO - DAG(s) dict_keys(['penguins_pipeline']) retrieved from /opt/airflow/dags/1_dag_flujo.py
[2026-09-14T00:45:17.323+0000] {logging_mixin.py:149} INFO - [2026-09-14T00:45:17.322+0000] {dag.py:2726} INFO - Sync 1 DAGs
[2026-09-14T00:45:17.380+0000] {logging_mixin.py:149} INFO - [2026-09-14T00:45:17.380+0000] {dag.py:3490} INFO - Setting next_dagrun for penguins_pipeline to None, run_after=None
[2026-09-14T00:45:17.426+0000] {processor.py:178} INFO - Processing /opt/airflow/dags/1_dag_flujo.py took 1.361 seconds
[2026-09-14T00:45:47.740+0000] {processor.py:156} INFO - Started process (PID=4964) to work on /opt/airflow/dags/1_dag_flujo.py
[2026-09-14T00:45:47.744+0000] {processor.py:799} INFO - Processing file /opt/airflow/dags/1_dag_flujo.py for tasks to queue
[2026-09-14T00:45:47.746+0000] {logging_mixin.py:149} INFO - [2026-09-14T00:45:47.746+0000] {dagbag.py:541} INFO - Filling up the DagBag from /opt/airflow/dags/1_dag_flujo.py
[2026-09-14T00:45:48.927+0000] {processor.py:809} INFO - DAG(s) dict_keys(['penguins_pipeline']) retrieved from /opt/airflow/dags/1_dag_flujo.py
[2026-09-14T00:45:48.997+0000] {logging_mixin.py:149} INFO - [2026-09-14T00:45:48.996+0000] {dag.py:2726} INFO - Sync 1 DAGs
[2026-09-14T00:45:49.054+0000] {logging_mixin.py:149} INFO - [2026-09-14T00:45:49.054+0000] {dag.py:3490} INFO - Setting next_dagrun for penguins_pipeline to None, run_after=None
[2026-09-14T00:45:49.107+0000] {processor.py:178} INFO - Processing /opt/airflow/dags/1_dag_flujo.py took 1.378 seconds
[2026-09-14T00:46:19.426+0000] {processor.py:156} INFO - Started process (PID=4976) to work on /opt/airflow/dags/1_dag_flujo.py
[2026-09-14T00:46:19.429+0000] {processor.py:799} INFO - Processing file /opt/airflow/dags/1_dag_flujo.py for tasks to queue
[2026-09-14T00:46:19.431+0000] {logging_mixin.py:149} INFO - [2026-09-14T00:46:19.431+0000] {dagbag.py:541} INFO - Filling up the DagBag from /opt/airflow/dags/1_dag_flujo.py
[2026-09-14T00:46:20.643+0000] {processor.py:809} INFO - DAG(s) dict_keys(['penguins_pipeline']) retrieved from /opt/airflow/dags/1_dag_flujo.py
[2026-09-14T00:46:20.704+0000] {logging_mixin.py:149} INFO - [2026-09-14T00:46:20.703+0000] {dag.py:2726} INFO - Sync 1 DAGs
[2026-09-14T00:46:20.739+0000] {logging_mixin.py:149} INFO - [2026-09-14T00:46:20.738+0000] {dag.py:3490} INFO - Setting next_dagrun for penguins_pipeline to None, run_after=None
[2026-09-14T00:46:20.808+0000] {processor.py:178} INFO - Processing /opt/airflow/dags/1_dag_flujo.py took 1.391 seconds
[2026-09-14T00:46:51.119+0000] {processor.py:156} INFO - Started process (PID=4987) to work on /opt/airflow/dags/1_dag_flujo.py
[2026-09-14T00:46:51.123+0000] {processor.py:799} INFO - Processing file /opt/airflow/dags/1_dag_flujo.py for tasks to queue
[2026-09-14T00:46:51.125+0000] {logging_mixin.py:149} INFO - [2026-09-14T00:46:51.124+0000] {dagbag.py:541} INFO - Filling up the DagBag from /opt/airflow/dags/1_dag_flujo.py
[2026-09-14T00:46:52.299+0000] {processor.py:809} INFO - DAG(s) dict_keys(['penguins_pipeline']) retrieved from /opt/airflow/dags/1_dag_flujo.py
[2026-09-14T00:46:52.384+0000] {logging_mixin.py:149} INFO - [2026-09-14T00:46:52.382+0000] {dag.py:2726} INFO - Sync 1 DAGs
[2026-09-14T00:46:52.440+0000] {logging_mixin.py:149} INFO - [2026-09-14T00:46:52.439+0000] {dag.py:3490} INFO - Setting next_dagrun for penguins_pipeline to None, run_after=None
[2026-09-14T00:46:52.507+0000] {processor.py:178} INFO - Processing /opt/airflow/dags/1_dag_flujo.py took 1.400 seconds
[2026-09-14T00:47:22.851+0000] {processor.py:156} INFO - Started process (PID=5005) to work on /opt/airflow/dags/1_dag_flujo.py
[2026-09-14T00:47:22.857+0000] {processor.py:799} INFO - Processing file /opt/airflow/dags/1_dag_flujo.py for tasks to queue
[2026-09-14T00:47:22.859+0000] {logging_mixin.py:149} INFO - [2026-09-14T00:47:22.858+0000] {dagbag.py:541} INFO - Filling up the DagBag from /opt/airflow/dags/1_dag_flujo.py
[2026-09-14T00:47:24.185+0000] {processor.py:809} INFO - DAG(s) dict_keys(['penguins_pipeline']) retrieved from /opt/airflow/dags/1_dag_flujo.py
[2026-09-14T00:47:24.219+0000] {logging_mixin.py:149} INFO - [2026-09-14T00:47:24.218+0000] {dag.py:2726} INFO - Sync 1 DAGs
[2026-09-14T00:47:24.250+0000] {logging_mixin.py:149} INFO - [2026-09-14T00:47:24.249+0000] {dag.py:3490} INFO - Setting next_dagrun for penguins_pipeline to None, run_after=None
[2026-09-14T00:47:24.273+0000] {processor.py:178} INFO - Processing /opt/airflow/dags/1_dag_flujo.py took 1.434 seconds
[2026-09-14T00:47:54.596+0000] {processor.py:156} INFO - Started process (PID=5016) to work on /opt/airflow/dags/1_dag_flujo.py
[2026-09-14T00:47:54.605+0000] {processor.py:799} INFO - Processing file /opt/airflow/dags/1_dag_flujo.py for tasks to queue
[2026-09-14T00:47:54.607+0000] {logging_mixin.py:149} INFO - [2026-09-14T00:47:54.607+0000] {dagbag.py:541} INFO - Filling up the DagBag from /opt/airflow/dags/1_dag_flujo.py
[2026-09-14T00:47:56.086+0000] {processor.py:809} INFO - DAG(s) dict_keys(['penguins_pipeline']) retrieved from /opt/airflow/dags/1_dag_flujo.py
[2026-09-14T00:47:56.156+0000] {logging_mixin.py:149} INFO - [2026-09-14T00:47:56.155+0000] {dag.py:2726} INFO - Sync 1 DAGs
[2026-09-14T00:47:56.225+0000] {logging_mixin.py:149} INFO - [2026-09-14T00:47:56.225+0000] {dag.py:3490} INFO - Setting next_dagrun for penguins_pipeline to None, run_after=None
[2026-09-14T00:47:56.290+0000] {processor.py:178} INFO - Processing /opt/airflow/dags/1_dag_flujo.py took 1.705 seconds
[2026-09-14T00:48:26.373+0000] {processor.py:156} INFO - Started process (PID=5028) to work on /opt/airflow/dags/1_dag_flujo.py
[2026-09-14T00:48:26.379+0000] {processor.py:799} INFO - Processing file /opt/airflow/dags/1_dag_flujo.py for tasks to queue
[2026-09-14T00:48:26.381+0000] {logging_mixin.py:149} INFO - [2026-09-14T00:48:26.380+0000] {dagbag.py:541} INFO - Filling up the DagBag from /opt/airflow/dags/1_dag_flujo.py
[2026-09-14T00:48:27.571+0000] {processor.py:809} INFO - DAG(s) dict_keys(['penguins_pipeline']) retrieved from /opt/airflow/dags/1_dag_flujo.py
[2026-09-14T00:48:27.634+0000] {logging_mixin.py:149} INFO - [2026-09-14T00:48:27.633+0000] {dag.py:2726} INFO - Sync 1 DAGs
[2026-09-14T00:48:27.678+0000] {logging_mixin.py:149} INFO - [2026-09-14T00:48:27.677+0000] {dag.py:3490} INFO - Setting next_dagrun for penguins_pipeline to None, run_after=None
[2026-09-14T00:48:27.708+0000] {processor.py:178} INFO - Processing /opt/airflow/dags/1_dag_flujo.py took 1.344 seconds
[2026-09-14T00:48:57.851+0000] {processor.py:156} INFO - Started process (PID=5040) to work on /opt/airflow/dags/1_dag_flujo.py
[2026-09-14T00:48:57.856+0000] {processor.py:799} INFO - Processing file /opt/airflow/dags/1_dag_flujo.py for tasks to queue
[2026-09-14T00:48:57.858+0000] {logging_mixin.py:149} INFO - [2026-09-14T00:48:57.858+0000] {dagbag.py:541} INFO - Filling up the DagBag from /opt/airflow/dags/1_dag_flujo.py
[2026-09-14T00:48:59.068+0000] {processor.py:809} INFO - DAG(s) dict_keys(['penguins_pipeline']) retrieved from /opt/airflow/dags/1_dag_flujo.py
[2026-09-14T00:48:59.107+0000] {logging_mixin.py:149} INFO - [2026-09-14T00:48:59.106+0000] {dag.py:2726} INFO - Sync 1 DAGs
[2026-09-14T00:48:59.159+0000] {logging_mixin.py:149} INFO - [2026-09-14T00:48:59.159+0000] {dag.py:3490} INFO - Setting next_dagrun for penguins_pipeline to None, run_after=None
[2026-09-14T00:48:59.210+0000] {processor.py:178} INFO - Processing /opt/airflow/dags/1_dag_flujo.py took 1.371 seconds
